[kernel] Parsing solitaire.c (with preprocessing)
[eva] Option -eva-precision 0 detected, automatic configuration of the analysis:
  option -eva-min-loop-unroll already set to 2 (not modified).
  option -eva-auto-loop-unroll already set to 48 (not modified).
  option -eva-widening-delay already set to 5 (not modified).
  option -eva-partition-history set to 0 (default value).
  option -eva-slevel set to 0 (default value).
  option -eva-ilevel already set to 65 (not modified).
  option -eva-plevel already set to 120 (not modified).
  option -eva-subdivide-non-linear already set to 14 (not modified).
  option -eva-remove-redundant-alarms set to false.
  option -eva-domains already set to '@default,cvalue,equality,gauges,octagon,symbolic-locations' (not modified).
  option -eva-split-return already set to 'auto' (not modified).
  option -eva-equality-through-calls set to 'none'.
  option -eva-octagon-through-calls already set to true (not modified).
[eva] Splitting return states on:
  \return(memchr) == 0 (auto)
  \return(memcpy) == 0 (auto)
  \return(mempcpy) == 0 (auto)
  \return(memmove) == 0 (auto)
  \return(memset) == 0 (auto)
  \return(strcmp) == 0 (auto)
  \return(strchr) == 0 (auto)
  \return(strchrnul) == 0 (auto)
  \return(strrchr) == 0 (auto)
  \return(strpbrk) == 0 (auto)
  \return(strstr) == 0 (auto)
  \return(strcasestr) == 0 (auto)
  \return(strtok) == 0 (auto)
  \return(strtok_r) == 0 (auto)
  \return(strsep) == 0 (auto)
  \return(strerror) == 0 (auto)
  \return(strcpy) == 0 (auto)
  \return(strncpy) == 0 (auto)
  \return(stpcpy) == 0 (auto)
  \return(strcat) == 0 (auto)
  \return(strncat) == 0 (auto)
  \return(strdup) == 0 (auto)
  \return(strndup) == 0 (auto)
  \return(strsignal) == 0 (auto)
  \return(tmpfile) == 0 (auto)
  \return(tmpnam) == 0 (auto)
  \return(fopen) == 0 (auto)
  \return(fdopen) == 0 (auto)
  \return(freopen) == 0 (auto)
  \return(fgets) == 0 (auto)
  \return(gets) == 0 (auto)
  \return(popen) == 0 (auto)
  \return(fmemopen) == 0 (auto)
  \return(seed48) == 0 (auto)
  \return(calloc) == 0 (auto)
  \return(malloc) == 0 (auto)
  \return(realloc) == 0 (auto)
  \return(reallocarray) == 0 (auto)
  \return(getenv) == 0 (auto)
  \return(bsearch) == 0 (auto)
  \return(Frama_C_nondet_ptr) == 0 (auto)
  \return(Frama_C_malloc_fresh) == 0 (auto)
[eva] Analyzing a complete application starting at main
[eva:initial-state] Values of globals at initialization
  state ∈ {0}
  verbose ∈ {0}
  lastout ∈ {0}
  cocount ∈ {0}
  nondet ∈ [--..--]
[eva:alarm] solitaire.c:267: Warning: 
  signed overflow. assert -2147483648 ≤ argc - 1;
[eva] using specification for function printf_va_3
[eva:alarm] solitaire.c:273: Warning: 
  out of bounds read. assert \valid_read(av);
[eva] using specification for function strcmp
[eva:alarm] solitaire.c:273: Warning: 
  function strcmp: precondition 'valid_string_s1' got status unknown.
[eva] FRAMAC_SHARE/libc/string.h:156: 
  cannot evaluate ACSL term, unsupported ACSL construct: logic function strcmp
[eva:alarm] solitaire.c:275: Warning: 
  out of bounds read. assert \valid_read(av);
[eva:alarm] solitaire.c:275: Warning: 
  function strcmp: precondition 'valid_string_s1' got status unknown.
[eva:alarm] solitaire.c:278: Warning: 
  out of bounds read. assert \valid_read(av);
[eva] using specification for function printf_va_4
[eva:alarm] solitaire.c:278: Warning: 
  function printf_va_4: precondition valid_read_string(param0) got status unknown.
[eva] using specification for function exit
[eva:alarm] solitaire.c:283: Warning: 
  out of bounds read. assert \valid_read(av + 0);
[eva:alarm] solitaire.c:213: Warning: 
  out of bounds read. assert \valid_read(key);
[eva] using specification for function __FC_assert
[eva:loop-unroll:partial] solitaire.c:131: loop not completely unrolled
[eva] solitaire.c:131: starting to merge loop iterations
[eva] using specification for function putchar
[eva:alarm] solitaire.c:191: Warning: 
  function __FC_assert: precondition 'nonnull_c' got status invalid.
[eva:alarm] solitaire.c:191: Warning: 
  function __FC_assert: precondition 'nonnull_c' got status unknown.
[eva] solitaire.c:185: Trace partitioning superposing up to 100 states
[eva] using specification for function printf_va_1
[eva:alarm] solitaire.c:214: Warning: 
  out of bounds read. assert \valid_read(key);
[eva:alarm] solitaire.c:214: Warning: 
  out of bounds read. assert \valid_read(key);
[eva:alarm] solitaire.c:67: Warning: 
  function __FC_assert: precondition 'nonnull_c' got status unknown.
[eva:alarm] solitaire.c:68: Warning: 
  function __FC_assert: precondition 'nonnull_c' got status unknown.
[eva:alarm] solitaire.c:69: Warning: 
  function __FC_assert: precondition 'nonnull_c' got status unknown.
[eva:alarm] solitaire.c:107: Warning: 
  out of bounds write. assert \valid(tmp_3);
                       (tmp_3 from d++)
[eva:loop-unroll:partial] solitaire.c:107: loop not completely unrolled
[eva] solitaire.c:107: starting to merge loop iterations
[eva:loop-unroll:partial] solitaire.c:111: loop not completely unrolled
[eva] solitaire.c:111: starting to merge loop iterations
[eva:alarm] solitaire.c:111: Warning: 
  out of bounds write. assert \valid(tmp_6);
                       (tmp_6 from d++)
[eva:alarm] solitaire.c:114: Warning: 
  out of bounds write. assert \valid(tmp_8);
                       (tmp_8 from d++)
[eva:loop-unroll:partial] solitaire.c:114: loop not completely unrolled
[eva] solitaire.c:114: starting to merge loop iterations
[eva:loop-unroll:partial] solitaire.c:117: loop not completely unrolled
[eva] solitaire.c:117: starting to merge loop iterations
[eva:alarm] solitaire.c:117: Warning: 
  out of bounds write. assert \valid(tmp_10);
                       (tmp_10 from d++)
[eva:alarm] solitaire.c:124: Warning: 
  out of bounds write. assert \valid(tmp_12);
                       (tmp_12 from d++)
[eva:loop-unroll:partial] solitaire.c:124: loop not completely unrolled
[eva] solitaire.c:124: starting to merge loop iterations
[eva:alarm] solitaire.c:128: Warning: 
  out of bounds write. assert \valid(tmp_15);
                       (tmp_15 from d++)
[eva:loop-unroll:partial] solitaire.c:128: loop not completely unrolled
[eva] solitaire.c:128: starting to merge loop iterations
[eva:alarm] solitaire.c:131: Warning: 
  out of bounds write. assert \valid(tmp_17);
                       (tmp_17 from d++)
[eva:alarm] solitaire.c:134: Warning: 
  out of bounds write. assert \valid(tmp_19);
                       (tmp_19 from d++)
[eva:loop-unroll:partial] solitaire.c:134: loop not completely unrolled
[eva] solitaire.c:134: starting to merge loop iterations
[eva:alarm] solitaire.c:146: Warning: 
  out of bounds write. assert \valid(tmp_21);
                       (tmp_21 from d++)
[eva:loop-unroll:partial] solitaire.c:146: loop not completely unrolled
[eva] solitaire.c:146: starting to merge loop iterations
[eva:loop-unroll:partial] solitaire.c:149: loop not completely unrolled
[eva] solitaire.c:149: starting to merge loop iterations
[eva:alarm] solitaire.c:153: Warning: 
  out of bounds write. assert \valid(tmp_26);
                       (tmp_26 from d++)
[eva:loop-unroll:partial] solitaire.c:153: loop not completely unrolled
[eva] solitaire.c:153: starting to merge loop iterations
[eva:alarm] solitaire.c:156: Warning: 
  out of bounds write. assert \valid(tmp_28);
                       (tmp_28 from d++)
[eva:loop-unroll:partial] solitaire.c:156: loop not completely unrolled
[eva] solitaire.c:156: starting to merge loop iterations
[eva:alarm] solitaire.c:217: Warning: 
  out of bounds read. assert \valid_read(key);
[eva] solitaire.c:219: Trace partitioning superposing up to 100 states
[eva:alarm] solitaire.c:231: Warning: 
  out of bounds read. assert \valid_read(key);
[eva:alarm] solitaire.c:284: Warning: 
  out of bounds read. assert \valid_read(av + 1);
[eva] solitaire.c:284: assertion 'Eva,mem_access' got final status invalid.
[eva] ====== VALUES COMPUTED ======
[eva:final-states] Values at end of function cycle_deck:
  state.a ∈ [-2..82]
       .b ∈ [-2..80]
       .deck ∈ {{ &state.deck2[3] }}
       .spare ∈ {{ &state.deck1[3] }}
       .deck1[0] ∈ {0}
       .deck1[1..9] ∈ [0..53]
       .deck1[10..27] ∈ {0} ∪ [4..53]
       .deck1[28..55] ∈ [0..53]
       .deck1[56] ∈ {1; 53}
       .deck2[0] ∈ {0; 53}
       .deck2[1..56] ∈ [0..53]
  lastout ∈ [0..25]
  cocount ∈ {0; 1; 2}
  rounds ∈ {-1; 0}
  source ∈ {{ &state.deck1[3] }}
  s ∈
   {{ &state +
      {244; 248; 252; 256; 260; 264; 268; 272; 276; 280; 284; 288; 292; 296;
       300; 304; 308; 312; 316; 320; 324; 328; 332; 336; 340; 344; 348; 352;
       356; 360; 364; 368; 372; 376; 380; 384; 388; 392; 396; 400; 404; 408;
       412; 416; 420; 424; 428; 432; 436; 440; 444; 448; 452; 456; 460; 464;
       468; 472; 476; 480} }}
  sb ∈ {{ &state{.deck1[55], .deck1[56], .deck2[0]} }}
  d ∈ {{ &state + [264..--],0%4 }}
  lo ∈ {1; 2} ∪ [25..53]
  hi ∈ [26..56]
  nlo ∈ [-2..28]
  nhi ∈ [1..29] ∪ {52; 53}
  nccut ∈ [0..53]
  output ∈ [0..25] ∪ {53}
[eva:final-states] Values at end of function print_deck:
  i ∈ {54}
  S___fc_stdout[0..1] ∈ [--..--]
[eva:final-states] Values at end of function key_deck:
  state.a ∈ [25..50] ∪ {52}
       .b ∈ [26..51] ∪ {53}
       .deck ∈ {{ &state.deck1[3] }}
       .spare ∈ {{ &state.deck2[3] }}
       .deck1[0..1] ∈ {0}
       .deck1[2] ∈ {0; 1}
       .deck1[3..9] ∈ [0..53]
       .deck1[10..29] ∈ {0} ∪ [4..53]
       .deck1[30] ∈ {0; 2} ∪ [4..53]
       .deck1[31] ∈ {0} ∪ [2..53]
       .deck1[32..55] ∈ [0..53]
       .deck1[56] ∈ {1; 53}
       .deck2[0..2] ∈ {0}
       .deck2[3] ∈ {0; 2}
       .deck2[4] ∈ {0; 3}
       .deck2[5..10] ∈ [0..53]
       .deck2[11..54] ∈ {0} ∪ [4..53]
       .deck2[55] ∈ {0; 53}
       .deck2[56] ∈ {0; 1}
  lastout ∈ {100}
  cocount ∈ {0}
  key ∈ {{ &S_1_S_argv{[0], [1]} }}
  i ∈ {52; 53}
  kval ∈ [1..26] or UNINITIALIZED
  tmp ∈ {{ &state.deck2[3] }} or UNINITIALIZED
  S___fc_stdout[0..1] ∈ [--..--]
[eva:final-states] Values at end of function main:
  NON TERMINATING FUNCTION
[eva:summary] ====== ANALYSIS SUMMARY ======
  ----------------------------------------------------------------------------
  4 functions analyzed (out of 6): 66% coverage.
  In these functions, 304 statements reached (out of 377): 80% coverage.
  ----------------------------------------------------------------------------
  No errors or warnings raised during the analysis.
  ----------------------------------------------------------------------------
  22 alarms generated by the analysis:
      21 invalid memory accesses
       1 integer overflow
  1 of them is a sure alarm (invalid status).
  ----------------------------------------------------------------------------
  Evaluation of the logical properties reached by the analysis:
    Assertions        0 valid     0 unknown     0 invalid      0 total
    Preconditions     5 valid     7 unknown     0 invalid     12 total
  41% of the logical properties reached have been proven.
  ----------------------------------------------------------------------------
1.15user 0.08system 0:01.24elapsed 99%CPU (0avgtext+0avgdata 127964maxresident)k
0inputs+1736outputs (0major+25316minor)pagefaults 0swaps
