[kernel] Parsing solitaire.c (with preprocessing)
[eva] Option -eva-precision 0 detected, automatic configuration of the analysis:
  option -eva-min-loop-unroll already set to 2 (not modified).
  option -eva-auto-loop-unroll set to 0 (default value).
  option -eva-widening-delay set to 1.
  option -eva-partition-history set to 0 (default value).
  option -eva-slevel set to 0 (default value).
  option -eva-ilevel set to 8 (default value).
  option -eva-plevel set to 10.
  option -eva-subdivide-non-linear set to 0 (default value).
  option -eva-remove-redundant-alarms set to false.
  option -eva-domains set to 'cvalue' (default value).
  option -eva-split-return set to '' (default value).
  option -eva-equality-through-calls set to 'none'.
  option -eva-octagon-through-calls set to false (default value).
[eva] Analyzing a complete application starting at main
[eva:initial-state] Values of globals at initialization
  state ∈ {0}
  verbose ∈ {0}
  lastout ∈ {0}
  cocount ∈ {0}
  nondet ∈ [--..--]
[eva:alarm] solitaire.c:267: Warning: 
  signed overflow. assert -2147483648 ≤ argc - 1;
[eva] using specification for function printf_va_3
[eva:alarm] solitaire.c:273: Warning: 
  out of bounds read. assert \valid_read(av);
[eva] using specification for function strcmp
[eva:alarm] solitaire.c:273: Warning: 
  function strcmp: precondition 'valid_string_s1' got status unknown.
[eva] FRAMAC_SHARE/libc/string.h:156: 
  cannot evaluate ACSL term, unsupported ACSL construct: logic function strcmp
[eva:alarm] solitaire.c:275: Warning: 
  out of bounds read. assert \valid_read(av);
[eva:alarm] solitaire.c:275: Warning: 
  function strcmp: precondition 'valid_string_s1' got status unknown.
[eva:alarm] solitaire.c:278: Warning: 
  out of bounds read. assert \valid_read(av);
[eva] using specification for function printf_va_4
[eva:alarm] solitaire.c:278: Warning: 
  function printf_va_4: precondition valid_read_string(param0) got status unknown.
[eva] using specification for function exit
[eva:alarm] solitaire.c:283: Warning: 
  out of bounds read. assert \valid_read(av + 0);
[eva:alarm] solitaire.c:213: Warning: 
  out of bounds read. assert \valid_read(key);
[eva] using specification for function __FC_assert
[eva:loop-unroll:partial] solitaire.c:131: loop not completely unrolled
[eva] solitaire.c:131: starting to merge loop iterations
[eva:alarm] solitaire.c:131: Warning: 
  out of bounds write. assert \valid(tmp_17);
                       (tmp_17 from d++)
[eva] using specification for function putchar
[eva:alarm] solitaire.c:191: Warning: 
  function __FC_assert: precondition 'nonnull_c' got status invalid.
[eva:alarm] solitaire.c:191: Warning: 
  function __FC_assert: precondition 'nonnull_c' got status unknown.
[eva] solitaire.c:185: Trace partitioning superposing up to 100 states
[eva] using specification for function printf_va_1
[eva:alarm] solitaire.c:214: Warning: 
  out of bounds read. assert \valid_read(key);
[eva:alarm] solitaire.c:214: Warning: 
  out of bounds read. assert \valid_read(key);
[eva:alarm] solitaire.c:67: Warning: 
  function __FC_assert: precondition 'nonnull_c' got status unknown.
[eva:alarm] solitaire.c:68: Warning: 
  function __FC_assert: precondition 'nonnull_c' got status unknown.
[eva:alarm] solitaire.c:69: Warning: 
  function __FC_assert: precondition 'nonnull_c' got status unknown.
[eva:alarm] solitaire.c:107: Warning: 
  out of bounds write. assert \valid(tmp_3);
                       (tmp_3 from d++)
[eva:loop-unroll:partial] solitaire.c:107: loop not completely unrolled
[eva] solitaire.c:107: starting to merge loop iterations
[eva:loop-unroll:partial] solitaire.c:111: loop not completely unrolled
[eva] solitaire.c:111: starting to merge loop iterations
[eva:alarm] solitaire.c:111: Warning: 
  out of bounds write. assert \valid(tmp_6);
                       (tmp_6 from d++)
[eva:alarm] solitaire.c:114: Warning: 
  out of bounds write. assert \valid(tmp_8);
                       (tmp_8 from d++)
[eva:loop-unroll:partial] solitaire.c:114: loop not completely unrolled
[eva] solitaire.c:114: starting to merge loop iterations
[eva:loop-unroll:partial] solitaire.c:117: loop not completely unrolled
[eva] solitaire.c:117: starting to merge loop iterations
[eva:alarm] solitaire.c:117: Warning: 
  out of bounds write. assert \valid(tmp_10);
                       (tmp_10 from d++)
[eva:alarm] solitaire.c:124: Warning: 
  out of bounds write. assert \valid(tmp_12);
                       (tmp_12 from d++)
[eva:loop-unroll:partial] solitaire.c:124: loop not completely unrolled
[eva] solitaire.c:124: starting to merge loop iterations
[eva:alarm] solitaire.c:128: Warning: 
  pointer comparison. assert \pointer_comparable((void *)s, (void *)sb);
[eva:alarm] solitaire.c:128: Warning: 
  out of bounds write. assert \valid(tmp_15);
                       (tmp_15 from d++)
[eva:loop-unroll:partial] solitaire.c:128: loop not completely unrolled
[eva] solitaire.c:128: starting to merge loop iterations
[eva:alarm] solitaire.c:134: Warning: 
  out of bounds write. assert \valid(tmp_19);
                       (tmp_19 from d++)
[eva:loop-unroll:partial] solitaire.c:134: loop not completely unrolled
[eva] solitaire.c:134: starting to merge loop iterations
[eva:alarm] solitaire.c:146: Warning: 
  pointer comparison. assert \pointer_comparable((void *)s, (void *)sb);
[eva:alarm] solitaire.c:146: Warning: 
  out of bounds write. assert \valid(tmp_21);
                       (tmp_21 from d++)
[eva:loop-unroll:partial] solitaire.c:146: loop not completely unrolled
[eva] solitaire.c:146: starting to merge loop iterations
[eva:loop-unroll:partial] solitaire.c:149: loop not completely unrolled
[eva] solitaire.c:149: starting to merge loop iterations
[eva:alarm] solitaire.c:149: Warning: 
  out of bounds write. assert \valid(tmp_23);
                       (tmp_23 from d++)
[eva:alarm] solitaire.c:153: Warning: 
  out of bounds write. assert \valid(tmp_26);
                       (tmp_26 from d++)
[eva:loop-unroll:partial] solitaire.c:153: loop not completely unrolled
[eva] solitaire.c:153: starting to merge loop iterations
[eva:alarm] solitaire.c:156: Warning: 
  out of bounds write. assert \valid(tmp_28);
                       (tmp_28 from d++)
[eva:loop-unroll:partial] solitaire.c:156: loop not completely unrolled
[eva] solitaire.c:156: starting to merge loop iterations
[eva:alarm] solitaire.c:217: Warning: 
  out of bounds read. assert \valid_read(key);
[eva] solitaire.c:219: Trace partitioning superposing up to 100 states
[eva:alarm] solitaire.c:231: Warning: 
  out of bounds read. assert \valid_read(key);
[eva:alarm] solitaire.c:284: Warning: 
  out of bounds read. assert \valid_read(av + 1);
[eva] solitaire.c:284: assertion 'Eva,mem_access' got final status invalid.
[eva] ====== VALUES COMPUTED ======
[eva:final-states] Values at end of function cycle_deck:
  state.a ∈ [-58..135]
       .b ∈ [-81..133]
       .deck ∈ {{ &state.deck2[3] }}
       .spare ∈ {{ &state.deck1[3] }}
       .deck1[0] ∈ {0}
       {.deck1[1..56]; .deck2[0..56]} ∈ [0..53]
  lastout ∈ [0..25]
  cocount ∈ {0; 1; 2}
  rounds ∈ {-1; 0}
  source ∈ {{ &state.deck1[3] }}
  s ∈ {{ &state + [244..480],0%4 }}
  sb ∈ {{ &state{.deck1[55], .deck1[56], .deck2[0]} }}
  d ∈ {{ &state + [264..--],0%4 }}
  lo ∈ [1..53]
  hi ∈ [25..56]
  nlo ∈ [-2..29]
  nhi ∈ [1..53]
  nccut ∈ [0..53]
  output ∈ [0..53]
[eva:final-states] Values at end of function print_deck:
  i ∈ {54}
  S___fc_stdout[0..1] ∈ [--..--]
[eva:final-states] Values at end of function key_deck:
  state.a ∈ [25..52]
       .b ∈ [26..53]
       .deck ∈ {{ &state.deck1[3] }}
       .spare ∈ {{ &state.deck2[3] }}
       .deck1[0..1] ∈ {0}
       .deck1[2] ∈ {0; 1}
       .deck1[3..55] ∈ [0..53]
       .deck1[56] ∈ [1..53]
       .deck2[0..2] ∈ {0}
       .deck2[3] ∈ {0; 2}
       .deck2[4] ∈ {0; 3}
       .deck2[5..56] ∈ [0..53]
  lastout ∈ {100}
  cocount ∈ {0}
  key ∈ {{ &S_1_S_argv{[0], [1]} }}
  i ∈ {52; 53}
  kval ∈ [1..26] or UNINITIALIZED
  tmp ∈ {{ &state.deck2[3] }} or UNINITIALIZED
  S___fc_stdout[0..1] ∈ [--..--]
[eva:final-states] Values at end of function main:
  NON TERMINATING FUNCTION
[eva:summary] ====== ANALYSIS SUMMARY ======
  ----------------------------------------------------------------------------
  4 functions analyzed (out of 6): 66% coverage.
  In these functions, 304 statements reached (out of 377): 80% coverage.
  ----------------------------------------------------------------------------
  No errors or warnings raised during the analysis.
  ----------------------------------------------------------------------------
  25 alarms generated by the analysis:
      22 invalid memory accesses
       1 integer overflow
       2 others
  1 of them is a sure alarm (invalid status).
  ----------------------------------------------------------------------------
  Evaluation of the logical properties reached by the analysis:
    Assertions        0 valid     0 unknown     0 invalid      0 total
    Preconditions     5 valid     7 unknown     0 invalid     12 total
  41% of the logical properties reached have been proven.
  ----------------------------------------------------------------------------
0.57user 0.08system 0:00.66elapsed 99%CPU (0avgtext+0avgdata 114084maxresident)k
24inputs+1736outputs (0major+21879minor)pagefaults 0swaps
