[kernel] Parsing solitaire.c (with preprocessing)
[eva] Option -eva-precision 0 detected, automatic configuration of the analysis:
  option -eva-min-loop-unroll set to 0 (default value).
  option -eva-auto-loop-unroll set to 0 (default value).
  option -eva-widening-delay set to 1.
  option -eva-partition-history set to 0 (default value).
  option -eva-slevel already set to 82 (not modified).
  option -eva-ilevel set to 8 (default value).
  option -eva-plevel set to 10.
  option -eva-subdivide-non-linear set to 0 (default value).
  option -eva-remove-redundant-alarms set to false.
  option -eva-domains set to 'cvalue' (default value).
  option -eva-split-return set to '' (default value).
  option -eva-equality-through-calls set to 'none'.
  option -eva-octagon-through-calls set to false (default value).
[eva] Analyzing a complete application starting at main
[eva:initial-state] Values of globals at initialization
  state ∈ {0}
  verbose ∈ {0}
  lastout ∈ {0}
  cocount ∈ {0}
  nondet ∈ [--..--]
[eva:alarm] solitaire.c:267: Warning: 
  signed overflow. assert -2147483648 ≤ argc - 1;
[eva] using specification for function printf_va_3
[eva:alarm] solitaire.c:273: Warning: 
  out of bounds read. assert \valid_read(av);
[eva] using specification for function strcmp
[eva:alarm] solitaire.c:273: Warning: 
  function strcmp: precondition 'valid_string_s1' got status unknown.
[eva] FRAMAC_SHARE/libc/string.h:156: 
  cannot evaluate ACSL term, unsupported ACSL construct: logic function strcmp
[eva:alarm] solitaire.c:275: Warning: 
  out of bounds read. assert \valid_read(av);
[eva:alarm] solitaire.c:275: Warning: 
  function strcmp: precondition 'valid_string_s1' got status unknown.
[eva:alarm] solitaire.c:278: Warning: 
  out of bounds read. assert \valid_read(av);
[eva] using specification for function printf_va_4
[eva:alarm] solitaire.c:278: Warning: 
  function printf_va_4: precondition valid_read_string(param0) got status unknown.
[eva] using specification for function exit
[eva:alarm] solitaire.c:283: Warning: 
  out of bounds read. assert \valid_read(av + 0);
[eva:alarm] solitaire.c:213: Warning: 
  out of bounds read. assert \valid_read(key);
[eva] using specification for function __FC_assert
[eva:alarm] solitaire.c:214: Warning: 
  out of bounds read. assert \valid_read(key);
[eva:alarm] solitaire.c:214: Warning: 
  out of bounds read. assert \valid_read(key);
[eva:alarm] solitaire.c:67: Warning: 
  function __FC_assert: precondition 'nonnull_c' got status unknown.
[eva:alarm] solitaire.c:68: Warning: 
  function __FC_assert: precondition 'nonnull_c' got status unknown.
[eva:alarm] solitaire.c:69: Warning: 
  function __FC_assert: precondition 'nonnull_c' got status unknown.
[eva:alarm] solitaire.c:107: Warning: 
  out of bounds write. assert \valid(tmp_3);
                       (tmp_3 from d++)
[eva] solitaire.c:107: starting to merge loop iterations
[eva] solitaire.c:111: starting to merge loop iterations
[eva:alarm] solitaire.c:111: Warning: 
  out of bounds write. assert \valid(tmp_6);
                       (tmp_6 from d++)
[eva] solitaire.c:114: Trace partitioning superposing up to 100 states
[eva] solitaire.c:114: starting to merge loop iterations
[eva:alarm] solitaire.c:114: Warning: 
  out of bounds write. assert \valid(tmp_8);
                       (tmp_8 from d++)
[eva:alarm] solitaire.c:124: Warning: 
  out of bounds write. assert \valid(tmp_12);
                       (tmp_12 from d++)
[eva] solitaire.c:124: starting to merge loop iterations
[eva:alarm] solitaire.c:128: Warning: 
  out of bounds write. assert \valid(tmp_15);
                       (tmp_15 from d++)
[eva] solitaire.c:128: starting to merge loop iterations
[eva:alarm] solitaire.c:134: Warning: 
  out of bounds write. assert \valid(tmp_19);
                       (tmp_19 from d++)
[eva:alarm] solitaire.c:146: Warning: 
  pointer comparison. assert \pointer_comparable((void *)s, (void *)sb);
[eva:alarm] solitaire.c:146: Warning: 
  out of bounds write. assert \valid(tmp_21);
                       (tmp_21 from d++)
[eva] solitaire.c:146: starting to merge loop iterations
[eva:alarm] solitaire.c:153: Warning: 
  out of bounds write. assert \valid(tmp_26);
                       (tmp_26 from d++)
[eva:alarm] solitaire.c:156: Warning: 
  out of bounds write. assert \valid(tmp_28);
                       (tmp_28 from d++)
[eva:alarm] solitaire.c:217: Warning: 
  out of bounds read. assert \valid_read(key);
[eva] solitaire.c:219: Trace partitioning superposing up to 100 states
[eva:alarm] solitaire.c:284: Warning: 
  out of bounds read. assert \valid_read(av + 1);
[eva] solitaire.c:284: assertion 'Eva,mem_access' got final status invalid.
[eva] ====== VALUES COMPUTED ======
[eva:final-states] Values at end of function cycle_deck:
  state.a ∈ [-51..102]
       .b ∈ [-49..104]
       .deck ∈ {{ &state.deck2[3] }}
       .spare ∈ {{ &state.deck1[3] }}
       .deck1[0..1] ∈ {0}
       .deck1[2] ∈ {1}
       .deck1[3] ∈ [3..53]
       .deck1[4] ∈ [2..29]
       .deck1[5] ∈ [3..30]
       .deck1[6] ∈ [4..31]
       .deck1[7] ∈ [5..32]
       .deck1[8] ∈ [6..33]
       .deck1[9] ∈ [7..34]
       .deck1[10] ∈ [8..35]
       .deck1[11] ∈ [9..36]
       .deck1[12] ∈ [10..37]
       .deck1[13] ∈ [11..38]
       .deck1[14] ∈ [12..39]
       .deck1[15] ∈ [13..40]
       .deck1[16] ∈ [14..41]
       .deck1[17] ∈ [15..42]
       .deck1[18] ∈ [16..43]
       .deck1[19] ∈ [17..44]
       .deck1[20] ∈ [18..45]
       .deck1[21] ∈ [19..46]
       .deck1[22] ∈ [20..47]
       .deck1[23] ∈ [21..48]
       .deck1[24] ∈ [22..49]
       .deck1[25] ∈ [23..50]
       .deck1[26] ∈ [24..51]
       .deck1[27] ∈ [25..52]
       .deck1[28..29] ∈ [2..53]
       .deck1[30..56] ∈ [1..53]
       .deck2[0..2] ∈ [0..53]
       .deck2[3..27] ∈ [1..53]
       .deck2[28..56] ∈ [0..53]
  lastout ∈ [0..25]
  cocount ∈ {0; 1}
  rounds ∈ {-1; 0}
  source ∈ {{ &state.deck1[3] }}
  s ∈ {{ &state + [248..480],0%4 }}
  sb ∈ {{ &state{.deck1[56], .deck2[0]} }}
  d ∈ {{ &state + [264..576],0%4 }}
  lo ∈ [1..51]
  hi ∈ [28..54]
  nlo ∈ [0..26]
  nhi ∈ [3..53]
  nccut ∈ [1..53]
  output ∈ [0..53]
[eva:final-states] Values at end of function key_deck:
  state.a ∈ [25..52]
       .b ∈ [26..53]
       .deck ∈ {{ &state.deck1[3] }}
       .spare ∈ {{ &state.deck2[3] }}
       .deck1[0..1] ∈ {0}
       .deck1[2] ∈ {0; 1}
       .deck1[3] ∈ [1..28]
       .deck1[4] ∈ [2..29]
       .deck1[5] ∈ [3..30]
       .deck1[6] ∈ [4..31]
       .deck1[7] ∈ [5..32]
       .deck1[8] ∈ [6..33]
       .deck1[9] ∈ [7..34]
       .deck1[10] ∈ [8..35]
       .deck1[11] ∈ [9..36]
       .deck1[12] ∈ [10..37]
       .deck1[13] ∈ [11..38]
       .deck1[14] ∈ [12..39]
       .deck1[15] ∈ [13..40]
       .deck1[16] ∈ [14..41]
       .deck1[17] ∈ [15..42]
       .deck1[18] ∈ [16..43]
       .deck1[19] ∈ [17..44]
       .deck1[20] ∈ [18..45]
       .deck1[21] ∈ [19..46]
       .deck1[22] ∈ [20..47]
       .deck1[23] ∈ [21..48]
       .deck1[24] ∈ [22..49]
       .deck1[25] ∈ [23..50]
       .deck1[26] ∈ [24..51]
       .deck1[27] ∈ [25..52]
       .deck1[28] ∈ [26..53]
       .deck1[29] ∈ [27..53]
       .deck1[30..55] ∈ [2..53]
       .deck1[56] ∈ {1; 53}
       .deck2[0..2] ∈ {0}
       .deck2[3] ∈ {0; 2}
       .deck2[4] ∈ {0; 3}
       .deck2[5] ∈ {0; 4}
       .deck2[6] ∈ {0; 5}
       .deck2[7] ∈ {0; 6}
       .deck2[8] ∈ {0; 7}
       .deck2[9] ∈ {0; 8}
       .deck2[10] ∈ {0; 9}
       .deck2[11] ∈ {0; 10}
       .deck2[12] ∈ {0; 11}
       .deck2[13] ∈ {0; 12}
       .deck2[14] ∈ {0; 13}
       .deck2[15] ∈ {0; 14}
       .deck2[16] ∈ {0; 15}
       .deck2[17] ∈ {0; 16}
       .deck2[18] ∈ {0; 17}
       .deck2[19] ∈ {0; 18}
       .deck2[20] ∈ {0; 19}
       .deck2[21] ∈ {0; 20}
       .deck2[22] ∈ {0; 21}
       .deck2[23] ∈ {0; 22}
       .deck2[24] ∈ {0; 23}
       .deck2[25] ∈ {0; 24}
       .deck2[26] ∈ {0; 25}
       .deck2[27] ∈ {0; 26}
       .deck2[28] ∈ {0; 27}
       .deck2[29] ∈ {0; 28}
       .deck2[30] ∈ {0; 29}
       .deck2[31] ∈ {0; 30}
       .deck2[32] ∈ {0; 31}
       .deck2[33] ∈ {0; 32}
       .deck2[34] ∈ {0; 33}
       .deck2[35] ∈ {0; 34}
       .deck2[36] ∈ {0; 35}
       .deck2[37] ∈ {0; 36}
       .deck2[38] ∈ {0; 37}
       .deck2[39] ∈ {0; 38}
       .deck2[40] ∈ {0; 39}
       .deck2[41] ∈ {0; 40}
       .deck2[42] ∈ {0; 41}
       .deck2[43] ∈ {0; 42}
       .deck2[44] ∈ {0; 43}
       .deck2[45] ∈ {0; 44}
       .deck2[46] ∈ {0; 45}
       .deck2[47] ∈ {0; 46}
       .deck2[48] ∈ {0; 47}
       .deck2[49] ∈ {0; 48}
       .deck2[50] ∈ {0; 49}
       .deck2[51] ∈ {0; 50}
       .deck2[52] ∈ {0; 51}
       .deck2[53] ∈ {0; 52}
       .deck2[54..55] ∈ {0; 53}
       .deck2[56] ∈ {0; 1}
  lastout ∈ {100}
  cocount ∈ {0}
  key ∈ {{ &S_1_S_argv{[0], [1]} }}
  i ∈ {52; 53}
  kval ∈ [1..26] or UNINITIALIZED
  tmp ∈ {{ &state.deck2[3] }} or UNINITIALIZED
[eva:final-states] Values at end of function main:
  NON TERMINATING FUNCTION
[eva:summary] ====== ANALYSIS SUMMARY ======
  ----------------------------------------------------------------------------
  3 functions analyzed (out of 6): 50% coverage.
  In these functions, 285 statements reached (out of 364): 78% coverage.
  ----------------------------------------------------------------------------
  No errors or warnings raised during the analysis.
  ----------------------------------------------------------------------------
  20 alarms generated by the analysis:
      18 invalid memory accesses
       1 integer overflow
       1 other
  1 of them is a sure alarm (invalid status).
  ----------------------------------------------------------------------------
  Evaluation of the logical properties reached by the analysis:
    Assertions        0 valid     0 unknown     0 invalid      0 total
    Preconditions     4 valid     6 unknown     0 invalid     10 total
  40% of the logical properties reached have been proven.
  ----------------------------------------------------------------------------
0.74user 0.12system 0:00.86elapsed 99%CPU (0avgtext+0avgdata 134128maxresident)k
0inputs+1736outputs (0major+26877minor)pagefaults 0swaps
