[kernel] Parsing stubs.c (with preprocessing)
[kernel] Parsing examples/example4.c (with preprocessing)
[kernel] Parsing miniz.c (with preprocessing)
[kernel] Parsing miniz_tinfl.c (with preprocessing)
[eva] Analyzing a complete application starting at eva_main
[eva:initial-state] Values of globals at initialization
  mz_crc32_s_crc_table[0] ∈ {0}
                      [1] ∈ {1996959894}
                      [2] ∈ {3993919788}
                      [3] ∈ {2567524794}
                      [4] ∈ {124634137}
                      [5] ∈ {1886057615}
                      [6] ∈ {3915621685}
                      [7] ∈ {2657392035}
                      [8] ∈ {249268274}
                      [9] ∈ {2044508324}
                      [10] ∈ {3772115230}
                      [11] ∈ {2547177864}
                      [12] ∈ {162941995}
                      [13] ∈ {2125561021}
                      [14] ∈ {3887607047}
                      [15] ∈ {2428444049}
                      [16] ∈ {498536548}
                      [17] ∈ {1789927666}
                      [18] ∈ {4089016648}
                      [19] ∈ {2227061214}
                      [20] ∈ {450548861}
                      [21] ∈ {1843258603}
                      [22] ∈ {4107580753}
                      [23] ∈ {2211677639}
                      [24] ∈ {325883990}
                      [25] ∈ {1684777152}
                      [26] ∈ {4251122042}
                      [27] ∈ {2321926636}
                      [28] ∈ {335633487}
                      [29] ∈ {1661365465}
                      [30] ∈ {4195302755}
                      [31] ∈ {2366115317}
                      [32] ∈ {997073096}
                      [33] ∈ {1281953886}
                      [34] ∈ {3579855332}
                      [35] ∈ {2724688242}
                      [36] ∈ {1006888145}
                      [37] ∈ {1258607687}
                      [38] ∈ {3524101629}
                      [39] ∈ {2768942443}
                      [40] ∈ {901097722}
                      [41] ∈ {1119000684}
                      [42] ∈ {3686517206}
                      [43] ∈ {2898065728}
                      [44] ∈ {853044451}
                      [45] ∈ {1172266101}
                      [46] ∈ {3705015759}
                      [47] ∈ {2882616665}
                      [48] ∈ {651767980}
                      [49] ∈ {1373503546}
                      [50] ∈ {3369554304}
                      [51] ∈ {3218104598}
                      [52] ∈ {565507253}
                      [53] ∈ {1454621731}
                      [54] ∈ {3485111705}
                      [55] ∈ {3099436303}
                      [56] ∈ {671266974}
                      [57] ∈ {1594198024}
                      [58] ∈ {3322730930}
                      [59] ∈ {2970347812}
                      [60] ∈ {795835527}
                      [61] ∈ {1483230225}
                      [62] ∈ {3244367275}
                      [63] ∈ {3060149565}
                      [64] ∈ {1994146192}
                      [65] ∈ {31158534}
                      [66] ∈ {2563907772}
                      [67] ∈ {4023717930}
                      [68] ∈ {1907459465}
                      [69] ∈ {112637215}
                      [70] ∈ {2680153253}
                      [71] ∈ {3904427059}
                      [72] ∈ {2013776290}
                      [73] ∈ {251722036}
                      [74] ∈ {2517215374}
                      [75] ∈ {3775830040}
                      [76] ∈ {2137656763}
                      [77] ∈ {141376813}
                      [78] ∈ {2439277719}
                      [79] ∈ {3865271297}
                      [80] ∈ {1802195444}
                      [81] ∈ {476864866}
                      [82] ∈ {2238001368}
                      [83] ∈ {4066508878}
                      [84] ∈ {1812370925}
                      [85] ∈ {453092731}
                      [86] ∈ {2181625025}
                      [87] ∈ {4111451223}
                      [88] ∈ {1706088902}
                      [89] ∈ {314042704}
                      [90] ∈ {2344532202}
                      [91] ∈ {4240017532}
                      [92] ∈ {1658658271}
                      [93] ∈ {366619977}
                      [94] ∈ {2362670323}
                      [95] ∈ {4224994405}
                      [96] ∈ {1303535960}
                      [97] ∈ {984961486}
                      [98] ∈ {2747007092}
                      [99] ∈ {3569037538}
                      [100] ∈ {1256170817}
                      [101] ∈ {1037604311}
                      [102] ∈ {2765210733}
                      [103] ∈ {3554079995}
                      [104] ∈ {1131014506}
                      [105] ∈ {879679996}
                      [106] ∈ {2909243462}
                      [107] ∈ {3663771856}
                      [108] ∈ {1141124467}
                      [109] ∈ {855842277}
                      [110] ∈ {2852801631}
                      [111] ∈ {3708648649}
                      [112] ∈ {1342533948}
                      [113] ∈ {654459306}
                      [114] ∈ {3188396048}
                      [115] ∈ {3373015174}
                      [116] ∈ {1466479909}
                      [117] ∈ {544179635}
                      [118] ∈ {3110523913}
                      [119] ∈ {3462522015}
                      [120] ∈ {1591671054}
                      [121] ∈ {702138776}
                      [122] ∈ {2966460450}
                      [123] ∈ {3352799412}
                      [124] ∈ {1504918807}
                      [125] ∈ {783551873}
                      [126] ∈ {3082640443}
                      [127] ∈ {3233442989}
                      [128] ∈ {3988292384}
                      [129] ∈ {2596254646}
                      [130] ∈ {62317068}
                      [131] ∈ {1957810842}
                      [132] ∈ {3939845945}
                      [133] ∈ {2647816111}
                      [134] ∈ {81470997}
                      [135] ∈ {1943803523}
                      [136] ∈ {3814918930}
                      [137] ∈ {2489596804}
                      [138] ∈ {225274430}
                      [139] ∈ {2053790376}
                      [140] ∈ {3826175755}
                      [141] ∈ {2466906013}
                      [142] ∈ {167816743}
                      [143] ∈ {2097651377}
                      [144] ∈ {4027552580}
                      [145] ∈ {2265490386}
                      [146] ∈ {503444072}
                      [147] ∈ {1762050814}
                      [148] ∈ {4150417245}
                      [149] ∈ {2154129355}
                      [150] ∈ {426522225}
                      [151] ∈ {1852507879}
                      [152] ∈ {4275313526}
                      [153] ∈ {2312317920}
                      [154] ∈ {282753626}
                      [155] ∈ {1742555852}
                      [156] ∈ {4189708143}
                      [157] ∈ {2394877945}
                      [158] ∈ {397917763}
                      [159] ∈ {1622183637}
                      [160] ∈ {3604390888}
                      [161] ∈ {2714866558}
                      [162] ∈ {953729732}
                      [163] ∈ {1340076626}
                      [164] ∈ {3518719985}
                      [165] ∈ {2797360999}
                      [166] ∈ {1068828381}
                      [167] ∈ {1219638859}
                      [168] ∈ {3624741850}
                      [169] ∈ {2936675148}
                      [170] ∈ {906185462}
                      [171] ∈ {1090812512}
                      [172] ∈ {3747672003}
                      [173] ∈ {2825379669}
                      [174] ∈ {829329135}
                      [175] ∈ {1181335161}
                      [176] ∈ {3412177804}
                      [177] ∈ {3160834842}
                      [178] ∈ {628085408}
                      [179] ∈ {1382605366}
                      [180] ∈ {3423369109}
                      [181] ∈ {3138078467}
                      [182] ∈ {570562233}
                      [183] ∈ {1426400815}
                      [184] ∈ {3317316542}
                      [185] ∈ {2998733608}
                      [186] ∈ {733239954}
                      [187] ∈ {1555261956}
                      [188] ∈ {3268935591}
                      [189] ∈ {3050360625}
                      [190] ∈ {752459403}
                      [191] ∈ {1541320221}
                      [192] ∈ {2607071920}
                      [193] ∈ {3965973030}
                      [194] ∈ {1969922972}
                      [195] ∈ {40735498}
                      [196] ∈ {2617837225}
                      [197] ∈ {3943577151}
                      [198] ∈ {1913087877}
                      [199] ∈ {83908371}
                      [200] ∈ {2512341634}
                      [201] ∈ {3803740692}
                      [202] ∈ {2075208622}
                      [203] ∈ {213261112}
                      [204] ∈ {2463272603}
                      [205] ∈ {3855990285}
                      [206] ∈ {2094854071}
                      [207] ∈ {198958881}
                      [208] ∈ {2262029012}
                      [209] ∈ {4057260610}
                      [210] ∈ {1759359992}
                      [211] ∈ {534414190}
                      [212] ∈ {2176718541}
                      [213] ∈ {4139329115}
                      [214] ∈ {1873836001}
                      [215] ∈ {414664567}
                      [216] ∈ {2282248934}
                      [217] ∈ {4279200368}
                      [218] ∈ {1711684554}
                      [219] ∈ {285281116}
                      [220] ∈ {2405801727}
                      [221] ∈ {4167216745}
                      [222] ∈ {1634467795}
                      [223] ∈ {376229701}
                      [224] ∈ {2685067896}
                      [225] ∈ {3608007406}
                      [226] ∈ {1308918612}
                      [227] ∈ {956543938}
                      [228] ∈ {2808555105}
                      [229] ∈ {3495958263}
                      [230] ∈ {1231636301}
                      [231] ∈ {1047427035}
                      [232] ∈ {2932959818}
                      [233] ∈ {3654703836}
                      [234] ∈ {1088359270}
                      [235] ∈ {936918000}
                      [236] ∈ {2847714899}
                      [237] ∈ {3736837829}
                      [238] ∈ {1202900863}
                      [239] ∈ {817233897}
                      [240] ∈ {3183342108}
                      [241] ∈ {3401237130}
                      [242] ∈ {1404277552}
                      [243] ∈ {615818150}
                      [244] ∈ {3134207493}
                      [245] ∈ {3453421203}
                      [246] ∈ {1423857449}
                      [247] ∈ {601450431}
                      [248] ∈ {3009837614}
                      [249] ∈ {3294710456}
                      [250] ∈ {1567103746}
                      [251] ∈ {711928724}
                      [252] ∈ {3020668471}
                      [253] ∈ {3272380065}
                      [254] ∈ {1510334235}
                      [255] ∈ {755167117}
  mz_error_s_error_descs[0]{.m_err; .[bits 32 to 63]} ∈ {0}
                        [0].m_pDesc ∈ {{ "" }}
                        [1].m_err ∈ {1}
                        [1].[bits 32 to 63] ∈ {0}
                        [1].m_pDesc ∈ {{ "stream end" }}
                        [2].m_err ∈ {2}
                        [2].[bits 32 to 63] ∈ {0}
                        [2].m_pDesc ∈ {{ "need dictionary" }}
                        [3].m_err ∈ {-1}
                        [3].[bits 32 to 63] ∈ {0}
                        [3].m_pDesc ∈ {{ "file error" }}
                        [4].m_err ∈ {-2}
                        [4].[bits 32 to 63] ∈ {0}
                        [4].m_pDesc ∈ {{ "stream error" }}
                        [5].m_err ∈ {-3}
                        [5].[bits 32 to 63] ∈ {0}
                        [5].m_pDesc ∈ {{ "data error" }}
                        [6].m_err ∈ {-4}
                        [6].[bits 32 to 63] ∈ {0}
                        [6].m_pDesc ∈ {{ "out of memory" }}
                        [7].m_err ∈ {-5}
                        [7].[bits 32 to 63] ∈ {0}
                        [7].m_pDesc ∈ {{ "buf error" }}
                        [8].m_err ∈ {-6}
                        [8].[bits 32 to 63] ∈ {0}
                        [8].m_pDesc ∈ {{ "version error" }}
                        [9].m_err ∈ {-10000}
                        [9].[bits 32 to 63] ∈ {0}
                        [9].m_pDesc ∈ {{ "parameter error" }}
  tinfl_decompress_s_length_base[0] ∈ {3}
                                [1] ∈ {4}
                                [2] ∈ {5}
                                [3] ∈ {6}
                                [4] ∈ {7}
                                [5] ∈ {8}
                                [6] ∈ {9}
                                [7] ∈ {10}
                                [8] ∈ {11}
                                [9] ∈ {13}
                                [10] ∈ {15}
                                [11] ∈ {17}
                                [12] ∈ {19}
                                [13] ∈ {23}
                                [14] ∈ {27}
                                [15] ∈ {31}
                                [16] ∈ {35}
                                [17] ∈ {43}
                                [18] ∈ {51}
                                [19] ∈ {59}
                                [20] ∈ {67}
                                [21] ∈ {83}
                                [22] ∈ {99}
                                [23] ∈ {115}
                                [24] ∈ {131}
                                [25] ∈ {163}
                                [26] ∈ {195}
                                [27] ∈ {227}
                                [28] ∈ {258}
                                [29..30] ∈ {0}
  tinfl_decompress_s_length_extra[0..7] ∈ {0}
                                 [8..11] ∈ {1}
                                 [12..15] ∈ {2}
                                 [16..19] ∈ {3}
                                 [20..23] ∈ {4}
                                 [24..27] ∈ {5}
                                 [28..30] ∈ {0}
  tinfl_decompress_s_dist_base[0] ∈ {1}
                              [1] ∈ {2}
                              [2] ∈ {3}
                              [3] ∈ {4}
                              [4] ∈ {5}
                              [5] ∈ {7}
                              [6] ∈ {9}
                              [7] ∈ {13}
                              [8] ∈ {17}
                              [9] ∈ {25}
                              [10] ∈ {33}
                              [11] ∈ {49}
                              [12] ∈ {65}
                              [13] ∈ {97}
                              [14] ∈ {129}
                              [15] ∈ {193}
                              [16] ∈ {257}
                              [17] ∈ {385}
                              [18] ∈ {513}
                              [19] ∈ {769}
                              [20] ∈ {1025}
                              [21] ∈ {1537}
                              [22] ∈ {2049}
                              [23] ∈ {3073}
                              [24] ∈ {4097}
                              [25] ∈ {6145}
                              [26] ∈ {8193}
                              [27] ∈ {12289}
                              [28] ∈ {16385}
                              [29] ∈ {24577}
                              [30..31] ∈ {0}
  tinfl_decompress_s_dist_extra[0..3] ∈ {0}
                               [4..5] ∈ {1}
                               [6..7] ∈ {2}
                               [8..9] ∈ {3}
                               [10..11] ∈ {4}
                               [12..13] ∈ {5}
                               [14..15] ∈ {6}
                               [16..17] ∈ {7}
                               [18..19] ∈ {8}
                               [20..21] ∈ {9}
                               [22..23] ∈ {10}
                               [24..25] ∈ {11}
                               [26..27] ∈ {12}
                               [28..29] ∈ {13}
                               [30..31] ∈ {0}
  tinfl_decompress_s_length_dezigzag[0] ∈ {16}
                                    [1] ∈ {17}
                                    [2] ∈ {18}
                                    [3] ∈ {0}
                                    [4] ∈ {8}
                                    [5] ∈ {7}
                                    [6] ∈ {9}
                                    [7] ∈ {6}
                                    [8] ∈ {10}
                                    [9] ∈ {5}
                                    [10] ∈ {11}
                                    [11] ∈ {4}
                                    [12] ∈ {12}
                                    [13] ∈ {3}
                                    [14] ∈ {13}
                                    [15] ∈ {2}
                                    [16] ∈ {14}
                                    [17] ∈ {1}
                                    [18] ∈ {15}
  tinfl_decompress_s_min_table_sizes[0] ∈ {257}
                                    [1] ∈ {1}
                                    [2] ∈ {4}
[eva] using specification for function Frama_C_interval
[eva] using specification for function Frama_C_make_unknown
[eva] using specification for function printf_va_1
[eva] using specification for function printf_va_2
[eva] using specification for function printf_va_3
[eva] using specification for function printf_va_4
[eva] using specification for function fopen
[eva] using specification for function printf_va_5
[eva] using specification for function fseek
[eva] using specification for function ftell
[eva] using specification for function printf_va_6
[eva] examples/example4.c:59: allocating variable __malloc_main_l59
[eva] using specification for function printf_va_7
[eva] using specification for function fread
[eva:alarm] examples/example4.c:65: Warning: 
  function fread: precondition 'valid_ptr_block' got status unknown.
[eva] using specification for function printf_va_8
[eva] using specification for function printf_va_9
[eva] using specification for function printf_va_10
[eva] miniz_tinfl.c:698: 
  allocating variable __malloc_tinfl_decompress_mem_to_callback_l698
[eva:alarm] miniz_tinfl.c:209: Warning: 
  pointer comparison.
  assert \pointer_comparable((void *)pIn_buf_cur, (void *)pIn_buf_end);
[eva:alarm] miniz_tinfl.c:209: Warning: 
  accessing uninitialized left-value.
  assert \initialized(tmp_4);
  (tmp_4 from pIn_buf_cur++)
[eva:alarm] miniz_tinfl.c:209: Warning: 
  out of bounds read. assert \valid_read(tmp_4);
                      (tmp_4 from pIn_buf_cur++)
[eva:alarm] miniz_tinfl.c:210: Warning: 
  pointer comparison.
  assert \pointer_comparable((void *)pIn_buf_cur, (void *)pIn_buf_end);
[eva:alarm] miniz_tinfl.c:210: Warning: 
  accessing uninitialized left-value.
  assert \initialized(tmp_5);
  (tmp_5 from pIn_buf_cur++)
[eva:alarm] miniz_tinfl.c:210: Warning: 
  out of bounds read. assert \valid_read(tmp_5);
                      (tmp_5 from pIn_buf_cur++)
[eva:loop-unroll:auto] miniz_tinfl.c:222: Automatic loop unrolling.
[eva:alarm] miniz_tinfl.c:222: Warning: 
  pointer comparison.
  assert \pointer_comparable((void *)pIn_buf_cur, (void *)pIn_buf_end);
[eva:alarm] miniz_tinfl.c:222: Warning: 
  accessing uninitialized left-value.
  assert \initialized(tmp_8);
  (tmp_8 from pIn_buf_cur++)
[eva:alarm] miniz_tinfl.c:222: Warning: 
  out of bounds read. assert \valid_read(tmp_8);
                      (tmp_8 from pIn_buf_cur++)
[eva:loop-unroll:auto] miniz_tinfl.c:227: Automatic loop unrolling.
[eva:alarm] miniz_tinfl.c:232: Warning: 
  pointer comparison.
  assert \pointer_comparable((void *)pIn_buf_cur, (void *)pIn_buf_end);
[eva:alarm] miniz_tinfl.c:232: Warning: 
  accessing uninitialized left-value.
  assert \initialized(tmp_11);
  (tmp_11 from pIn_buf_cur++)
[eva:alarm] miniz_tinfl.c:232: Warning: 
  out of bounds read. assert \valid_read(tmp_11);
                      (tmp_11 from pIn_buf_cur++)
[eva:alarm] miniz_tinfl.c:255: Warning: 
  pointer comparison.
  assert \pointer_comparable((void *)pIn_buf_cur, (void *)pIn_buf_end);
[eva:alarm] miniz_tinfl.c:260: Warning: 
  function memcpy: precondition 'valid_src' got status unknown.
[eva] FRAMAC_SHARE/libc/string.h:101: 
  cannot evaluate ACSL term, unsupported ACSL construct: logic function memcmp
[eva] miniz_tinfl.c:248: starting to merge loop iterations
[eva] miniz_tinfl.c:251: starting to merge loop iterations
[eva] miniz_tinfl.c:255: starting to merge loop iterations
[eva:alarm] miniz_tinfl.c:260: Warning: 
  function memcpy: precondition 'valid_dest' got status unknown.
[eva:alarm] miniz_tinfl.c:251: Warning: 
  pointer comparison.
  assert \pointer_comparable((void *)pOut_buf_cur, (void *)pOut_buf_end);
[eva] miniz_tinfl.c:220: starting to merge loop iterations
[eva] miniz_tinfl.c:222: starting to merge loop iterations
[eva] miniz_tinfl.c:222: starting to merge loop iterations
[eva] miniz_tinfl.c:227: starting to merge loop iterations
[eva] miniz_tinfl.c:232: starting to merge loop iterations
[eva] miniz_tinfl.c:238: starting to merge loop iterations
[eva] FRAMAC_SHARE/libc/string.h:134: 
  cannot evaluate ACSL term, unsupported ACSL construct: logic function memset
[eva] miniz_tinfl.c:279: starting to merge loop iterations
[eva:alarm] miniz_tinfl.c:280: Warning: 
  out of bounds write. assert \valid(tmp_16);
                       (tmp_16 from p++)
[eva:alarm] miniz_tinfl.c:282: Warning: 
  out of bounds write. assert \valid(tmp_17);
                       (tmp_17 from p++)
[eva] miniz_tinfl.c:281: starting to merge loop iterations
[eva:loop-unroll:auto] miniz_tinfl.c:283: Automatic loop unrolling.
[eva:alarm] miniz_tinfl.c:284: Warning: 
  out of bounds write. assert \valid(tmp_18);
                       (tmp_18 from p++)
[eva:loop-unroll:auto] miniz_tinfl.c:285: Automatic loop unrolling.
[eva:alarm] miniz_tinfl.c:286: Warning: 
  out of bounds write. assert \valid(tmp_19);
                       (tmp_19 from p++)
[eva:loop-unroll:auto] miniz_tinfl.c:290: Automatic loop unrolling.
[eva:alarm] miniz_tinfl.c:292: Warning: 
  pointer comparison.
  assert \pointer_comparable((void *)pIn_buf_cur, (void *)pIn_buf_end);
[eva:alarm] miniz_tinfl.c:292: Warning: 
  accessing uninitialized left-value.
  assert \initialized(tmp_20);
  (tmp_20 from pIn_buf_cur++)
[eva:alarm] miniz_tinfl.c:292: Warning: 
  out of bounds read. assert \valid_read(tmp_20);
                      (tmp_20 from pIn_buf_cur++)
[eva] miniz_tinfl.c:296: starting to merge loop iterations
[eva:loop-unroll:auto] miniz_tinfl.c:299: Automatic loop unrolling.
[eva:alarm] miniz_tinfl.c:299: Warning: 
  pointer comparison.
  assert \pointer_comparable((void *)pIn_buf_cur, (void *)pIn_buf_end);
[eva:alarm] miniz_tinfl.c:299: Warning: 
  accessing uninitialized left-value.
  assert \initialized(tmp_21);
  (tmp_21 from pIn_buf_cur++)
[eva:alarm] miniz_tinfl.c:299: Warning: 
  out of bounds read. assert \valid_read(tmp_21);
                      (tmp_21 from pIn_buf_cur++)
[eva] miniz_tinfl.c:299: starting to merge loop iterations
[eva] miniz_tinfl.c:299: starting to merge loop iterations
[eva:loop-unroll:auto] miniz_tinfl.c:313: Automatic loop unrolling.
[eva:alarm] miniz_tinfl.c:313: Warning: 
  accessing uninitialized left-value.
  assert \initialized(&r->m_table_sizes[r->m_type]);
[eva:alarm] miniz_tinfl.c:314: Warning: 
  accessing uninitialized left-value.
  assert \initialized(&pTable->m_code_size[i_0]);
[eva:loop-unroll:auto] miniz_tinfl.c:317: Automatic loop unrolling.
[eva:alarm] miniz_tinfl.c:326: Warning: 
  accessing uninitialized left-value.
  assert \initialized(&r->m_table_sizes[r->m_type]);
[eva:alarm] miniz_tinfl.c:328: Warning: 
  accessing uninitialized left-value.
  assert \initialized(&pTable->m_code_size[sym_index]);
[eva:loop-unroll:auto] miniz_tinfl.c:332: Automatic loop unrolling.
[eva] miniz_tinfl.c:337: starting to merge loop iterations
[eva] miniz_tinfl.c:326: starting to merge loop iterations
[eva:alarm] miniz_tinfl.c:331: Warning: 
  accessing out of bounds index. assert code_size < 17;
[eva] miniz_tinfl.c:332: starting to merge loop iterations
[eva:alarm] miniz_tinfl.c:344: Warning: 
  accessing uninitialized left-value.
  assert
  \initialized(&pTable->m_look_up[(unsigned int)(rev_code &
                                                 (unsigned int)((int)(TINFL_FAST_LOOKUP_SIZE
                                                                      - 1)))]);
[eva:loop-unroll:auto] miniz_tinfl.c:351: Automatic loop unrolling.
[eva:alarm] miniz_tinfl.c:354: Warning: 
  signed overflow. assert -tree_cur ≤ 2147483647;
[eva:alarm] miniz_tinfl.c:354: Warning: 
  accessing out of bounds index. assert 0 ≤ (int)((int)(-tree_cur) - 1);
[eva:alarm] miniz_tinfl.c:354: Warning: 
  accessing out of bounds index.
  assert (int)((int)(-tree_cur) - 1) < (int)(TINFL_MAX_HUFF_SYMBOLS_0 * 2);
[eva:alarm] miniz_tinfl.c:354: Warning: 
  accessing uninitialized left-value.
  assert \initialized(&pTable->m_tree[(int)((int)(-tree_cur) - 1)]);
[eva:alarm] miniz_tinfl.c:361: Warning: 
  accessing uninitialized left-value.
  assert \initialized(&pTable->m_tree[(int)((int)(-tree_cur) - 1)]);
[eva:alarm] miniz_tinfl.c:364: Warning: 
  signed overflow. assert -tree_cur ≤ 2147483647;
[eva:alarm] miniz_tinfl.c:364: Warning: 
  accessing out of bounds index. assert 0 ≤ (int)((int)(-tree_cur) - 1);
[eva:alarm] miniz_tinfl.c:364: Warning: 
  accessing out of bounds index.
  assert (int)((int)(-tree_cur) - 1) < (int)(TINFL_MAX_HUFF_SYMBOLS_0 * 2);
[eva] miniz_tinfl.c:351: starting to merge loop iterations
[eva:alarm] miniz_tinfl.c:348: Warning: 
  signed overflow. assert -2147483648 ≤ tree_next - 2;
[eva:alarm] miniz_tinfl.c:358: Warning: 
  signed overflow. assert -2147483648 ≤ tree_next - 2;
[eva] miniz_tinfl.c:332: Trace partitioning superposing up to 100 states
[eva:loop-unroll:auto] miniz_tinfl.c:371: Automatic loop unrolling.
[eva:alarm] miniz_tinfl.c:371: Warning: 
  accessing uninitialized left-value.
  assert
  \initialized(&r->m_tables[2].m_look_up[(unsigned long)(bit_buf &
                                                         (unsigned long)
                                                         ((int)(TINFL_FAST_LOOKUP_SIZE
                                                                - 1)))]);
[eva:alarm] miniz_tinfl.c:371: Warning: 
  pointer comparison.
  assert \pointer_comparable((void *)pIn_buf_cur, (void *)pIn_buf_end);
[eva:alarm] miniz_tinfl.c:371: Warning: 
  accessing uninitialized left-value.
  assert \initialized(tmp_24);
  (tmp_24 from pIn_buf_cur++)
[eva:alarm] miniz_tinfl.c:371: Warning: 
  out of bounds read. assert \valid_read(tmp_24);
                      (tmp_24 from pIn_buf_cur++)
[eva:alarm] miniz_tinfl.c:371: Warning: 
  accessing out of bounds index.
  assert
  (unsigned long)((unsigned long)((int)(~temp)) +
                  (unsigned long)((tinfl_bit_buf_t)(bit_buf >> tmp_23) & 1))
  < (int)(TINFL_MAX_HUFF_SYMBOLS_0 * 2);
  (tmp_23 from code_len++)
[eva:alarm] miniz_tinfl.c:371: Warning: 
  accessing uninitialized left-value.
  assert
  \initialized(&r->m_tables[2].m_tree[(unsigned long)((unsigned long)((int)
                                                                      (~temp))
                                                      +
                                                      (unsigned long)((tinfl_bit_buf_t)
                                                                      (bit_buf
                                                                      >> tmp_23)
                                                                      & 1))]);
  (tmp_23 from code_len++)
[eva] miniz_tinfl.c:371: starting to merge loop iterations
[eva:alarm] miniz_tinfl.c:371: Warning: 
  invalid RHS operand for shift.
  assert 0 ≤ tmp_23 < 64;
  (tmp_23 from code_len++)
[eva:alarm] miniz_tinfl.c:371: Warning: 
  accessing uninitialized left-value. assert \initialized(pIn_buf_cur + 0);
[eva:alarm] miniz_tinfl.c:371: Warning: 
  accessing uninitialized left-value. assert \initialized(pIn_buf_cur + 1);
[eva:alarm] miniz_tinfl.c:371: Warning: 
  out of bounds read. assert \valid_read(pIn_buf_cur + 0);
[eva:alarm] miniz_tinfl.c:371: Warning: 
  out of bounds read. assert \valid_read(pIn_buf_cur + 1);
[eva:alarm] miniz_tinfl.c:371: Warning: 
  accessing uninitialized left-value.
  assert
  \initialized(&r->m_tables[2].m_look_up[(unsigned long)(bit_buf &
                                                         (unsigned long)
                                                         ((int)(TINFL_FAST_LOOKUP_SIZE
                                                                - 1)))]);
[eva:alarm] miniz_tinfl.c:371: Warning: 
  accessing out of bounds index.
  assert
  (unsigned long)((unsigned long)((int)(~temp)) +
                  (unsigned long)((tinfl_bit_buf_t)(bit_buf >> tmp_25) & 1))
  < (int)(TINFL_MAX_HUFF_SYMBOLS_0 * 2);
  (tmp_25 from code_len++)
[eva:alarm] miniz_tinfl.c:371: Warning: 
  accessing uninitialized left-value.
  assert
  \initialized(&r->m_tables[2].m_tree[(unsigned long)((unsigned long)((int)
                                                                      (~temp))
                                                      +
                                                      (unsigned long)((tinfl_bit_buf_t)
                                                                      (bit_buf
                                                                      >> tmp_25)
                                                                      & 1))]);
  (tmp_25 from code_len++)
[eva] miniz_tinfl.c:371: starting to merge loop iterations
[eva:alarm] miniz_tinfl.c:371: Warning: 
  invalid RHS operand for shift.
  assert 0 ≤ tmp_25 < 64;
  (tmp_25 from code_len++)
[eva:alarm] miniz_tinfl.c:371: Warning: 
  invalid RHS operand for shift. assert 0 ≤ code_len < 64;
[eva:alarm] miniz_tinfl.c:381: Warning: 
  out of bounds read.
  assert \valid_read("\002\003\a" + (mz_uint32)(dist - 16));
[eva:loop-unroll:auto] miniz_tinfl.c:382: Automatic loop unrolling.
[eva:alarm] miniz_tinfl.c:382: Warning: 
  pointer comparison.
  assert \pointer_comparable((void *)pIn_buf_cur, (void *)pIn_buf_end);
[eva:alarm] miniz_tinfl.c:382: Warning: 
  accessing uninitialized left-value.
  assert \initialized(tmp_27);
  (tmp_27 from pIn_buf_cur++)
[eva:alarm] miniz_tinfl.c:382: Warning: 
  out of bounds read. assert \valid_read(tmp_27);
                      (tmp_27 from pIn_buf_cur++)
[eva] miniz_tinfl.c:368: starting to merge loop iterations
[eva] miniz_tinfl.c:371: starting to merge loop iterations
[eva] miniz_tinfl.c:371: starting to merge loop iterations
[eva] miniz_tinfl.c:382: starting to merge loop iterations
[eva] miniz_tinfl.c:382: starting to merge loop iterations
[eva:alarm] miniz_tinfl.c:384: Warning: 
  accessing out of bounds index.
  assert
  (mz_uint32)(counter - 1) <
  (int)((int)(TINFL_MAX_HUFF_SYMBOLS_0 + TINFL_MAX_HUFF_SYMBOLS_1) + 137);
[eva:alarm] miniz_tinfl.c:384: Warning: 
  accessing uninitialized left-value.
  assert \initialized(&r->m_len_codes[(mz_uint32)(counter - 1)]);
[eva] miniz_tinfl.c:304: starting to merge loop iterations
[eva:alarm] miniz_tinfl.c:314: Warning: 
  accessing out of bounds index. assert pTable->m_code_size[i_0] < 16;
[eva] miniz_tinfl.c:313: starting to merge loop iterations
[eva] miniz_tinfl.c:317: starting to merge loop iterations
[eva:alarm] miniz_tinfl.c:400: Warning: 
  signed overflow. assert -9223372036854775808 ≤ pOut_buf_end - pOut_buf_cur;
[eva:loop-unroll:auto] miniz_tinfl.c:402: Automatic loop unrolling.
[eva:alarm] miniz_tinfl.c:402: Warning: 
  accessing uninitialized left-value.
  assert
  \initialized(&r->m_tables[0].m_look_up[(unsigned long)(bit_buf &
                                                         (unsigned long)
                                                         ((int)(TINFL_FAST_LOOKUP_SIZE
                                                                - 1)))]);
[eva:alarm] miniz_tinfl.c:402: Warning: 
  accessing out of bounds index.
  assert
  (unsigned long)((unsigned long)((int)(~temp_0)) +
                  (unsigned long)((tinfl_bit_buf_t)(bit_buf >> tmp_29) & 1))
  < (int)(TINFL_MAX_HUFF_SYMBOLS_0 * 2);
  (tmp_29 from code_len_0++)
[eva:alarm] miniz_tinfl.c:402: Warning: 
  accessing uninitialized left-value.
  assert
  \initialized(&r->m_tables[0].m_tree[(unsigned long)((unsigned long)((int)
                                                                      (~temp_0))
                                                      +
                                                      (unsigned long)((tinfl_bit_buf_t)
                                                                      (bit_buf
                                                                      >> tmp_29)
                                                                      & 1))]);
  (tmp_29 from code_len_0++)
[eva] miniz_tinfl.c:402: starting to merge loop iterations
[eva:alarm] miniz_tinfl.c:402: Warning: 
  invalid RHS operand for shift.
  assert 0 ≤ tmp_29 < 64;
  (tmp_29 from code_len_0++)
[eva:alarm] miniz_tinfl.c:402: Warning: 
  pointer comparison.
  assert \pointer_comparable((void *)pIn_buf_cur, (void *)pIn_buf_end);
[eva:alarm] miniz_tinfl.c:402: Warning: 
  accessing uninitialized left-value.
  assert \initialized(tmp_30);
  (tmp_30 from pIn_buf_cur++)
[eva:alarm] miniz_tinfl.c:402: Warning: 
  out of bounds read. assert \valid_read(tmp_30);
                      (tmp_30 from pIn_buf_cur++)
[eva:alarm] miniz_tinfl.c:402: Warning: 
  accessing uninitialized left-value. assert \initialized(pIn_buf_cur + 0);
[eva:alarm] miniz_tinfl.c:402: Warning: 
  accessing uninitialized left-value. assert \initialized(pIn_buf_cur + 1);
[eva:alarm] miniz_tinfl.c:402: Warning: 
  out of bounds read. assert \valid_read(pIn_buf_cur + 0);
[eva:alarm] miniz_tinfl.c:402: Warning: 
  out of bounds read. assert \valid_read(pIn_buf_cur + 1);
[eva:alarm] miniz_tinfl.c:402: Warning: 
  accessing uninitialized left-value.
  assert
  \initialized(&r->m_tables[0].m_look_up[(unsigned long)(bit_buf &
                                                         (unsigned long)
                                                         ((int)(TINFL_FAST_LOOKUP_SIZE
                                                                - 1)))]);
[eva:alarm] miniz_tinfl.c:402: Warning: 
  accessing out of bounds index.
  assert
  (unsigned long)((unsigned long)((int)(~temp_0)) +
                  (unsigned long)((tinfl_bit_buf_t)(bit_buf >> tmp_31) & 1))
  < (int)(TINFL_MAX_HUFF_SYMBOLS_0 * 2);
  (tmp_31 from code_len_0++)
[eva:alarm] miniz_tinfl.c:402: Warning: 
  accessing uninitialized left-value.
  assert
  \initialized(&r->m_tables[0].m_tree[(unsigned long)((unsigned long)((int)
                                                                      (~temp_0))
                                                      +
                                                      (unsigned long)((tinfl_bit_buf_t)
                                                                      (bit_buf
                                                                      >> tmp_31)
                                                                      & 1))]);
  (tmp_31 from code_len_0++)
[eva] miniz_tinfl.c:402: starting to merge loop iterations
[eva:alarm] miniz_tinfl.c:402: Warning: 
  invalid RHS operand for shift.
  assert 0 ≤ tmp_31 < 64;
  (tmp_31 from code_len_0++)
[eva:alarm] miniz_tinfl.c:402: Warning: 
  invalid RHS operand for shift. assert 0 ≤ code_len_0 < 64;
[eva:alarm] miniz_tinfl.c:405: Warning: 
  pointer comparison.
  assert \pointer_comparable((void *)pOut_buf_cur, (void *)pOut_buf_end);
[eva:alarm] miniz_tinfl.c:418: Warning: 
  accessing uninitialized left-value.
  assert \initialized((mz_uint32 const *)pIn_buf_cur);
[eva:alarm] miniz_tinfl.c:418: Warning: 
  out of bounds read. assert \valid_read((mz_uint32 const *)pIn_buf_cur);
[eva:alarm] miniz_tinfl.c:430: Warning: 
  accessing uninitialized left-value.
  assert
  \initialized(&r->m_tables[0].m_look_up[(unsigned long)(bit_buf &
                                                         (unsigned long)
                                                         ((int)(TINFL_FAST_LOOKUP_SIZE
                                                                - 1)))]);
[eva:alarm] miniz_tinfl.c:437: Warning: 
  accessing out of bounds index.
  assert
  (unsigned long)((unsigned long)((int)(~sym2)) +
                  (unsigned long)((tinfl_bit_buf_t)(bit_buf >> tmp_33) & 1))
  < (int)(TINFL_MAX_HUFF_SYMBOLS_0 * 2);
  (tmp_33 from code_len_1++)
[eva:alarm] miniz_tinfl.c:437: Warning: 
  accessing uninitialized left-value.
  assert
  \initialized(&r->m_tables[0].m_tree[(unsigned long)((unsigned long)((int)
                                                                      (~sym2))
                                                      +
                                                      (unsigned long)((tinfl_bit_buf_t)
                                                                      (bit_buf
                                                                      >> tmp_33)
                                                                      & 1))]);
  (tmp_33 from code_len_1++)
[eva] miniz_tinfl.c:435: starting to merge loop iterations
[eva:alarm] miniz_tinfl.c:437: Warning: 
  invalid RHS operand for shift.
  assert 0 ≤ tmp_33 < 64;
  (tmp_33 from code_len_1++)
[eva:alarm] miniz_tinfl.c:441: Warning: 
  invalid RHS operand for shift. assert 0 ≤ code_len_1 < 64;
[eva:alarm] miniz_tinfl.c:454: Warning: 
  accessing uninitialized left-value.
  assert
  \initialized(&r->m_tables[0].m_look_up[(unsigned long)(bit_buf &
                                                         (unsigned long)
                                                         ((int)(TINFL_FAST_LOOKUP_SIZE
                                                                - 1)))]);
[eva:alarm] miniz_tinfl.c:461: Warning: 
  accessing out of bounds index.
  assert
  (unsigned long)((unsigned long)((int)(~sym2)) +
                  (unsigned long)((tinfl_bit_buf_t)(bit_buf >> tmp_34) & 1))
  < (int)(TINFL_MAX_HUFF_SYMBOLS_0 * 2);
  (tmp_34 from code_len_1++)
[eva:alarm] miniz_tinfl.c:461: Warning: 
  accessing uninitialized left-value.
  assert
  \initialized(&r->m_tables[0].m_tree[(unsigned long)((unsigned long)((int)
                                                                      (~sym2))
                                                      +
                                                      (unsigned long)((tinfl_bit_buf_t)
                                                                      (bit_buf
                                                                      >> tmp_34)
                                                                      & 1))]);
  (tmp_34 from code_len_1++)
[eva] miniz_tinfl.c:459: starting to merge loop iterations
[eva:alarm] miniz_tinfl.c:461: Warning: 
  invalid RHS operand for shift.
  assert 0 ≤ tmp_34 < 64;
  (tmp_34 from code_len_1++)
[eva:alarm] miniz_tinfl.c:464: Warning: 
  invalid RHS operand for shift. assert 0 ≤ code_len_1 < 64;
[eva] miniz_tinfl.c:398: starting to merge loop iterations
[eva] miniz_tinfl.c:402: starting to merge loop iterations
[eva] miniz_tinfl.c:402: starting to merge loop iterations
[eva] miniz_tinfl.c:405: starting to merge loop iterations
[eva:loop-unroll:auto] miniz_tinfl.c:230: Automatic loop unrolling.
[eva:alarm] miniz_tinfl.c:230: Warning: 
  pointer comparison.
  assert \pointer_comparable((void *)pIn_buf_cur, (void *)pIn_buf_end);
[eva:alarm] miniz_tinfl.c:230: Warning: 
  accessing uninitialized left-value.
  assert \initialized(tmp_10);
  (tmp_10 from pIn_buf_cur++)
[eva:alarm] miniz_tinfl.c:230: Warning: 
  out of bounds read. assert \valid_read(tmp_10);
                      (tmp_10 from pIn_buf_cur++)
[eva:loop-unroll:auto] miniz_tinfl.c:240: Automatic loop unrolling.
[eva:alarm] miniz_tinfl.c:240: Warning: 
  pointer comparison.
  assert \pointer_comparable((void *)pIn_buf_cur, (void *)pIn_buf_end);
[eva:alarm] miniz_tinfl.c:240: Warning: 
  accessing uninitialized left-value.
  assert \initialized(tmp_12);
  (tmp_12 from pIn_buf_cur++)
[eva:alarm] miniz_tinfl.c:240: Warning: 
  out of bounds read. assert \valid_read(tmp_12);
                      (tmp_12 from pIn_buf_cur++)
[eva:alarm] miniz_tinfl.c:241: Warning: 
  pointer comparison.
  assert \pointer_comparable((void *)pOut_buf_cur, (void *)pOut_buf_end);
[eva] miniz_tinfl.c:240: starting to merge loop iterations
[eva] miniz_tinfl.c:240: starting to merge loop iterations
[eva] miniz_tinfl.c:230: starting to merge loop iterations
[eva] miniz_tinfl.c:230: starting to merge loop iterations
[eva] miniz_tinfl.c:241: starting to merge loop iterations
[eva] miniz_tinfl.c:283: starting to merge loop iterations
[eva] miniz_tinfl.c:285: starting to merge loop iterations
[eva] miniz_tinfl.c:290: starting to merge loop iterations
[eva] miniz_tinfl.c:292: starting to merge loop iterations
[eva] miniz_tinfl.c:292: starting to merge loop iterations
[eva:alarm] miniz_tinfl.c:371: Warning: 
  signed overflow. assert -9223372036854775808 ≤ pIn_buf_end - pIn_buf_cur;
[eva] miniz_tinfl.c:395: starting to merge loop iterations
[eva:alarm] miniz_tinfl.c:400: Warning: 
  signed overflow. assert -9223372036854775808 ≤ pIn_buf_end - pIn_buf_cur;
[eva:alarm] miniz_tinfl.c:402: Warning: 
  signed overflow. assert -9223372036854775808 ≤ pIn_buf_end - pIn_buf_cur;
[eva:alarm] miniz_tinfl.c:481: Warning: 
  accessing out of bounds index. assert (mz_uint32)(counter - 257) < 31;
[eva:loop-unroll:auto] miniz_tinfl.c:486: Automatic loop unrolling.
[eva:alarm] miniz_tinfl.c:486: Warning: 
  pointer comparison.
  assert \pointer_comparable((void *)pIn_buf_cur, (void *)pIn_buf_end);
[eva:alarm] miniz_tinfl.c:486: Warning: 
  accessing uninitialized left-value.
  assert \initialized(tmp_35);
  (tmp_35 from pIn_buf_cur++)
[eva:alarm] miniz_tinfl.c:486: Warning: 
  out of bounds read. assert \valid_read(tmp_35);
                      (tmp_35 from pIn_buf_cur++)
[eva:alarm] miniz_tinfl.c:490: Warning: 
  signed overflow. assert -9223372036854775808 ≤ pIn_buf_end - pIn_buf_cur;
[eva:loop-unroll:auto] miniz_tinfl.c:490: Automatic loop unrolling.
[eva:alarm] miniz_tinfl.c:490: Warning: 
  accessing uninitialized left-value.
  assert
  \initialized(&r->m_tables[1].m_look_up[(unsigned long)(bit_buf &
                                                         (unsigned long)
                                                         ((int)(TINFL_FAST_LOOKUP_SIZE
                                                                - 1)))]);
[eva:alarm] miniz_tinfl.c:490: Warning: 
  accessing out of bounds index.
  assert
  (unsigned long)((unsigned long)((int)(~temp_1)) +
                  (unsigned long)((tinfl_bit_buf_t)(bit_buf >> tmp_36) & 1))
  < (int)(TINFL_MAX_HUFF_SYMBOLS_0 * 2);
  (tmp_36 from code_len_2++)
[eva:alarm] miniz_tinfl.c:490: Warning: 
  accessing uninitialized left-value.
  assert
  \initialized(&r->m_tables[1].m_tree[(unsigned long)((unsigned long)((int)
                                                                      (~temp_1))
                                                      +
                                                      (unsigned long)((tinfl_bit_buf_t)
                                                                      (bit_buf
                                                                      >> tmp_36)
                                                                      & 1))]);
  (tmp_36 from code_len_2++)
[eva] miniz_tinfl.c:490: starting to merge loop iterations
[eva:alarm] miniz_tinfl.c:490: Warning: 
  invalid RHS operand for shift.
  assert 0 ≤ tmp_36 < 64;
  (tmp_36 from code_len_2++)
[eva:alarm] miniz_tinfl.c:490: Warning: 
  pointer comparison.
  assert \pointer_comparable((void *)pIn_buf_cur, (void *)pIn_buf_end);
[eva:alarm] miniz_tinfl.c:490: Warning: 
  accessing uninitialized left-value.
  assert \initialized(tmp_37);
  (tmp_37 from pIn_buf_cur++)
[eva:alarm] miniz_tinfl.c:490: Warning: 
  out of bounds read. assert \valid_read(tmp_37);
                      (tmp_37 from pIn_buf_cur++)
[eva:alarm] miniz_tinfl.c:490: Warning: 
  accessing uninitialized left-value. assert \initialized(pIn_buf_cur + 0);
[eva:alarm] miniz_tinfl.c:490: Warning: 
  accessing uninitialized left-value. assert \initialized(pIn_buf_cur + 1);
[eva:alarm] miniz_tinfl.c:490: Warning: 
  out of bounds read. assert \valid_read(pIn_buf_cur + 0);
[eva:alarm] miniz_tinfl.c:490: Warning: 
  out of bounds read. assert \valid_read(pIn_buf_cur + 1);
[eva:alarm] miniz_tinfl.c:490: Warning: 
  accessing uninitialized left-value.
  assert
  \initialized(&r->m_tables[1].m_look_up[(unsigned long)(bit_buf &
                                                         (unsigned long)
                                                         ((int)(TINFL_FAST_LOOKUP_SIZE
                                                                - 1)))]);
[eva:alarm] miniz_tinfl.c:490: Warning: 
  accessing out of bounds index.
  assert
  (unsigned long)((unsigned long)((int)(~temp_1)) +
                  (unsigned long)((tinfl_bit_buf_t)(bit_buf >> tmp_38) & 1))
  < (int)(TINFL_MAX_HUFF_SYMBOLS_0 * 2);
  (tmp_38 from code_len_2++)
[eva:alarm] miniz_tinfl.c:490: Warning: 
  accessing uninitialized left-value.
  assert
  \initialized(&r->m_tables[1].m_tree[(unsigned long)((unsigned long)((int)
                                                                      (~temp_1))
                                                      +
                                                      (unsigned long)((tinfl_bit_buf_t)
                                                                      (bit_buf
                                                                      >> tmp_38)
                                                                      & 1))]);
  (tmp_38 from code_len_2++)
[eva] miniz_tinfl.c:490: starting to merge loop iterations
[eva:alarm] miniz_tinfl.c:490: Warning: 
  invalid RHS operand for shift.
  assert 0 ≤ tmp_38 < 64;
  (tmp_38 from code_len_2++)
[eva:alarm] miniz_tinfl.c:490: Warning: 
  invalid RHS operand for shift. assert 0 ≤ code_len_2 < 64;
[eva:alarm] miniz_tinfl.c:491: Warning: 
  accessing out of bounds index. assert dist < 32;
[eva:loop-unroll:auto] miniz_tinfl.c:496: Automatic loop unrolling.
[eva:alarm] miniz_tinfl.c:496: Warning: 
  pointer comparison.
  assert \pointer_comparable((void *)pIn_buf_cur, (void *)pIn_buf_end);
[eva:alarm] miniz_tinfl.c:496: Warning: 
  accessing uninitialized left-value.
  assert \initialized(tmp_39);
  (tmp_39 from pIn_buf_cur++)
[eva:alarm] miniz_tinfl.c:496: Warning: 
  out of bounds read. assert \valid_read(tmp_39);
                      (tmp_39 from pIn_buf_cur++)
[eva:alarm] miniz_tinfl.c:500: Warning: 
  signed overflow.
  assert pOut_buf_cur - pOut_buf_start ≤ 9223372036854775807;
[eva:alarm] miniz_tinfl.c:508: Warning: 
  pointer comparison.
  assert \pointer_comparable((void *)pOut_buf_cur, (void *)pSrc);
[eva:alarm] miniz_tinfl.c:508: Warning: 
  pointer comparison.
  assert \pointer_comparable((void *)(tmp_43 + counter), (void *)pOut_buf_end);
  (tmp_43 from ((pOut_buf_cur) > (pSrc))?pOut_buf_cur:pSrc)
[eva:alarm] miniz_tinfl.c:527: Warning: 
  function memcpy: precondition 'valid_dest' got status unknown.
[eva:alarm] miniz_tinfl.c:527: Warning: 
  function memcpy: precondition 'valid_src' got status unknown.
[eva:alarm] miniz_tinfl.c:527: Warning: 
  function memcpy: precondition 'separation' got status unknown.
[eva:alarm] miniz_tinfl.c:533: Warning: 
  pointer comparison.
  assert \pointer_comparable((void *)pSrc, (void *)pSrc_end);
[eva] miniz_tinfl.c:524: starting to merge loop iterations
[eva:alarm] miniz_tinfl.c:538: Warning: 
  out of bounds write. assert \valid(pOut_buf_cur + 0);
[eva:alarm] miniz_tinfl.c:538: Warning: 
  accessing uninitialized left-value. assert \initialized(pSrc + 0);
[eva:alarm] miniz_tinfl.c:538: Warning: 
  out of bounds read. assert \valid_read(pSrc + 0);
[eva:alarm] miniz_tinfl.c:540: Warning: 
  out of bounds write. assert \valid(pOut_buf_cur + 1);
[eva:alarm] miniz_tinfl.c:540: Warning: 
  accessing uninitialized left-value. assert \initialized(pSrc + 1);
[eva:alarm] miniz_tinfl.c:540: Warning: 
  out of bounds read. assert \valid_read(pSrc + 1);
[eva:loop-unroll:auto] miniz_tinfl.c:547: Automatic loop unrolling.
[eva:alarm] miniz_tinfl.c:549: Warning: 
  out of bounds write. assert \valid(pOut_buf_cur + 0);
[eva:alarm] miniz_tinfl.c:549: Warning: 
  accessing uninitialized left-value. assert \initialized(pSrc + 0);
[eva:alarm] miniz_tinfl.c:549: Warning: 
  out of bounds read. assert \valid_read(pSrc + 0);
[eva:alarm] miniz_tinfl.c:550: Warning: 
  out of bounds write. assert \valid(pOut_buf_cur + 1);
[eva:alarm] miniz_tinfl.c:550: Warning: 
  accessing uninitialized left-value. assert \initialized(pSrc + 1);
[eva:alarm] miniz_tinfl.c:550: Warning: 
  out of bounds read. assert \valid_read(pSrc + 1);
[eva:alarm] miniz_tinfl.c:551: Warning: 
  out of bounds write. assert \valid(pOut_buf_cur + 2);
[eva:alarm] miniz_tinfl.c:551: Warning: 
  accessing uninitialized left-value. assert \initialized(pSrc + 2);
[eva:alarm] miniz_tinfl.c:551: Warning: 
  out of bounds read. assert \valid_read(pSrc + 2);
[eva] miniz_tinfl.c:547: starting to merge loop iterations
[eva:alarm] miniz_tinfl.c:558: Warning: 
  out of bounds write. assert \valid(pOut_buf_cur + 0);
[eva:alarm] miniz_tinfl.c:558: Warning: 
  accessing uninitialized left-value. assert \initialized(pSrc + 0);
[eva:alarm] miniz_tinfl.c:558: Warning: 
  out of bounds read. assert \valid_read(pSrc + 0);
[eva:alarm] miniz_tinfl.c:560: Warning: 
  out of bounds write. assert \valid(pOut_buf_cur + 1);
[eva:alarm] miniz_tinfl.c:560: Warning: 
  accessing uninitialized left-value. assert \initialized(pSrc + 1);
[eva:alarm] miniz_tinfl.c:560: Warning: 
  out of bounds read. assert \valid_read(pSrc + 1);
[eva] miniz_tinfl.c:486: starting to merge loop iterations
[eva] miniz_tinfl.c:486: starting to merge loop iterations
[eva] miniz_tinfl.c:490: starting to merge loop iterations
[eva] miniz_tinfl.c:490: starting to merge loop iterations
[eva] miniz_tinfl.c:496: starting to merge loop iterations
[eva] miniz_tinfl.c:496: starting to merge loop iterations
[eva:alarm] miniz_tinfl.c:512: Warning: 
  pointer comparison.
  assert \pointer_comparable((void *)pOut_buf_cur, (void *)pOut_buf_end);
[eva:alarm] miniz_tinfl.c:516: Warning: 
  accessing uninitialized left-value.
  assert
  \initialized(pOut_buf_start +
               (unsigned long)((size_t)(tmp_41 - (size_t)dist) &
                               out_buf_size_mask));
  (tmp_41 from dist_from_out_buf_start++)
[eva] miniz_tinfl.c:510: starting to merge loop iterations
[eva] miniz_tinfl.c:332: Trace partitioning superposing up to 200 states
[eva] miniz_tinfl.c:512: starting to merge loop iterations
[eva:alarm] miniz_tinfl.c:570: Warning: 
  pointer comparison.
  assert \pointer_comparable((void *)pIn_buf_cur, (void *)pIn_buf_next);
[eva:alarm] miniz_tinfl.c:575: Warning: 
  invalid RHS operand for shift. assert 0 ≤ num_bits < 64;
[eva] using specification for function __FC_assert
[eva:alarm] miniz_tinfl.c:576: Warning: 
  function __FC_assert: precondition 'nonnull_c' got status unknown.
[eva:loop-unroll:auto] miniz_tinfl.c:587: Automatic loop unrolling.
[eva:alarm] miniz_tinfl.c:586: Warning: 
  pointer comparison.
  assert \pointer_comparable((void *)pIn_buf_cur, (void *)pIn_buf_end);
[eva:alarm] miniz_tinfl.c:586: Warning: 
  accessing uninitialized left-value.
  assert \initialized(tmp_46);
  (tmp_46 from pIn_buf_cur++)
[eva:alarm] miniz_tinfl.c:586: Warning: 
  out of bounds read. assert \valid_read(tmp_46);
                      (tmp_46 from pIn_buf_cur++)
[eva] miniz_tinfl.c:580: starting to merge loop iterations
[eva] miniz_tinfl.c:586: starting to merge loop iterations
[eva:alarm] miniz_tinfl.c:600: Warning: 
  pointer comparison.
  assert \pointer_comparable((void *)pIn_buf_cur, (void *)pIn_buf_next);
[eva:alarm] miniz_tinfl.c:607: Warning: 
  invalid RHS operand for shift. assert 0 ≤ num_bits < 64;
[eva:alarm] miniz_tinfl.c:612: Warning: 
  signed overflow. assert pIn_buf_cur - pIn_buf_next ≤ 9223372036854775807;
[eva:alarm] miniz_tinfl.c:613: Warning: 
  signed overflow. assert pOut_buf_cur - pOut_buf_next ≤ 9223372036854775807;
[eva:alarm] miniz_tinfl.c:624: Warning: 
  accessing uninitialized left-value. assert \initialized(ptr + 0);
[eva:alarm] miniz_tinfl.c:625: Warning: 
  accessing uninitialized left-value. assert \initialized(ptr + 1);
[eva:alarm] miniz_tinfl.c:626: Warning: 
  accessing uninitialized left-value. assert \initialized(ptr + 2);
[eva:alarm] miniz_tinfl.c:627: Warning: 
  accessing uninitialized left-value. assert \initialized(ptr + 3);
[eva:alarm] miniz_tinfl.c:628: Warning: 
  accessing uninitialized left-value. assert \initialized(ptr + 4);
[eva:alarm] miniz_tinfl.c:629: Warning: 
  accessing uninitialized left-value. assert \initialized(ptr + 5);
[eva:alarm] miniz_tinfl.c:630: Warning: 
  accessing uninitialized left-value. assert \initialized(ptr + 6);
[eva:alarm] miniz_tinfl.c:631: Warning: 
  accessing uninitialized left-value. assert \initialized(ptr + 7);
[eva] miniz_tinfl.c:622: starting to merge loop iterations
[eva:alarm] miniz_tinfl.c:624: Warning: 
  out of bounds read. assert \valid_read(ptr + 0);
[eva:alarm] miniz_tinfl.c:634: Warning: 
  accessing uninitialized left-value.
  assert \initialized(tmp_47);
  (tmp_47 from ptr++)
[eva:alarm] miniz_tinfl.c:634: Warning: 
  out of bounds read. assert \valid_read(tmp_47);
                      (tmp_47 from ptr++)
[eva] miniz_tinfl.c:633: starting to merge loop iterations
[eva] miniz_tinfl.c:620: starting to merge loop iterations
[eva:alarm] miniz_tinfl.c:625: Warning: 
  out of bounds read. assert \valid_read(ptr + 1);
[eva:alarm] miniz_tinfl.c:626: Warning: 
  out of bounds read. assert \valid_read(ptr + 2);
[eva:alarm] miniz_tinfl.c:627: Warning: 
  out of bounds read. assert \valid_read(ptr + 3);
[eva:alarm] miniz_tinfl.c:628: Warning: 
  out of bounds read. assert \valid_read(ptr + 4);
[eva:alarm] miniz_tinfl.c:629: Warning: 
  out of bounds read. assert \valid_read(ptr + 5);
[eva:alarm] miniz_tinfl.c:630: Warning: 
  out of bounds read. assert \valid_read(ptr + 6);
[eva:alarm] miniz_tinfl.c:631: Warning: 
  out of bounds read. assert \valid_read(ptr + 7);
[eva] using specification for function fwrite
[eva:alarm] examples/example4.c:16: Warning: 
  function fwrite: precondition 'valid_ptr_block' got status unknown.
[eva] miniz_tinfl.c:703: starting to merge loop iterations
[eva:alarm] miniz_tinfl.c:211: Warning: 
  accessing uninitialized left-value. assert \initialized(&r->m_zhdr0);
[eva:alarm] miniz_tinfl.c:516: Warning: 
  out of bounds read.
  assert
  \valid_read(pOut_buf_start +
              (unsigned long)((size_t)(tmp_41 - (size_t)dist) &
                              out_buf_size_mask));
  (tmp_41 from dist_from_out_buf_start++)
[eva:alarm] miniz_tinfl.c:400: Warning: 
  signed overflow. assert pIn_buf_end - pIn_buf_cur ≤ 9223372036854775807;
[eva:alarm] miniz_tinfl.c:402: Warning: 
  signed overflow. assert pIn_buf_end - pIn_buf_cur ≤ 9223372036854775807;
[eva:alarm] miniz_tinfl.c:402: Warning: 
  invalid RHS operand for shift. assert 0 ≤ num_bits < 64;
[eva:alarm] miniz_tinfl.c:409: Warning: 
  out of bounds write. assert \valid(tmp_32);
                       (tmp_32 from pOut_buf_cur++)
[eva:alarm] miniz_tinfl.c:467: Warning: 
  out of bounds write. assert \valid(pOut_buf_cur + 0);
[eva:alarm] miniz_tinfl.c:474: Warning: 
  out of bounds write. assert \valid(pOut_buf_cur + 1);
[eva:alarm] miniz_tinfl.c:565: Warning: 
  accessing uninitialized left-value. assert \initialized(&r->m_final);
[eva:alarm] miniz_tinfl.c:222: Warning: 
  invalid RHS operand for shift. assert 0 ≤ num_bits < 64;
[eva:alarm] miniz_tinfl.c:226: Warning: 
  pointer comparison.
  assert \pointer_comparable((void *)pIn_buf_cur, (void *)pIn_buf_end);
[eva:alarm] miniz_tinfl.c:226: Warning: 
  accessing uninitialized left-value.
  assert \initialized(tmp_9);
  (tmp_9 from pIn_buf_cur++)
[eva:alarm] miniz_tinfl.c:226: Warning: 
  out of bounds read. assert \valid_read(tmp_9);
                      (tmp_9 from pIn_buf_cur++)
[eva:alarm] miniz_tinfl.c:226: Warning: 
  invalid RHS operand for shift. assert 0 ≤ num_bits < 64;
[eva:alarm] miniz_tinfl.c:230: Warning: 
  invalid RHS operand for shift. assert 0 ≤ num_bits < 64;
[eva:alarm] miniz_tinfl.c:230: Warning: 
  accessing out of bounds index. assert counter < 4;
[eva:alarm] miniz_tinfl.c:232: Warning: 
  accessing out of bounds index. assert counter < 4;
[eva:alarm] miniz_tinfl.c:234: Warning: 
  accessing uninitialized left-value. assert \initialized(&r->m_raw_header[0]);
[eva:alarm] miniz_tinfl.c:234: Warning: 
  accessing uninitialized left-value. assert \initialized(&r->m_raw_header[1]);
[eva:alarm] miniz_tinfl.c:234: Warning: 
  accessing uninitialized left-value. assert \initialized(&r->m_raw_header[2]);
[eva:alarm] miniz_tinfl.c:234: Warning: 
  accessing uninitialized left-value. assert \initialized(&r->m_raw_header[3]);
[eva:alarm] miniz_tinfl.c:240: Warning: 
  invalid RHS operand for shift. assert 0 ≤ num_bits < 64;
[eva:alarm] miniz_tinfl.c:245: Warning: 
  out of bounds write. assert \valid(tmp_13);
                       (tmp_13 from pOut_buf_cur++)
[eva:alarm] miniz_tinfl.c:259: Warning: 
  signed overflow. assert -9223372036854775808 ≤ pIn_buf_end - pIn_buf_cur;
[eva:alarm] miniz_tinfl.c:259: Warning: 
  signed overflow. assert pIn_buf_end - pIn_buf_cur ≤ 9223372036854775807;
[eva:alarm] miniz_tinfl.c:259: Warning: 
  signed overflow. assert -9223372036854775808 ≤ pIn_buf_end - pIn_buf_cur;
[eva:alarm] miniz_tinfl.c:259: Warning: 
  signed overflow. assert pIn_buf_end - pIn_buf_cur ≤ 9223372036854775807;
[eva:alarm] miniz_tinfl.c:259: Warning: 
  signed overflow. assert -9223372036854775808 ≤ pIn_buf_end - pIn_buf_cur;
[eva:alarm] miniz_tinfl.c:259: Warning: 
  signed overflow. assert pIn_buf_end - pIn_buf_cur ≤ 9223372036854775807;
[eva:alarm] miniz_tinfl.c:259: Warning: 
  signed overflow. assert -9223372036854775808 ≤ pIn_buf_end - pIn_buf_cur;
[eva:alarm] miniz_tinfl.c:259: Warning: 
  signed overflow. assert pIn_buf_end - pIn_buf_cur ≤ 9223372036854775807;
[eva:alarm] miniz_tinfl.c:292: Warning: 
  invalid RHS operand for shift. assert 0 ≤ num_bits < 64;
[eva:alarm] miniz_tinfl.c:292: Warning: 
  out of bounds read. assert \valid_read("\005\005\004" + counter);
[eva:alarm] miniz_tinfl.c:292: Warning: 
  accessing out of bounds index. assert counter < TINFL_MAX_HUFF_TABLES;
[eva:alarm] miniz_tinfl.c:293: Warning: 
  accessing uninitialized left-value.
  assert \initialized(&r->m_table_sizes[counter]);
[eva:alarm] miniz_tinfl.c:296: Warning: 
  accessing uninitialized left-value.
  assert \initialized(&r->m_table_sizes[2]);
[eva:alarm] miniz_tinfl.c:299: Warning: 
  invalid RHS operand for shift. assert 0 ≤ num_bits < 64;
[eva:alarm] miniz_tinfl.c:300: Warning: 
  accessing out of bounds index. assert counter < 19;
[eva:alarm] miniz_tinfl.c:304: Warning: 
  accessing uninitialized left-value. assert \initialized(&r->m_type);
[eva:alarm] miniz_tinfl.c:311: Warning: 
  function memset: precondition 'valid_s' got status unknown.
[eva:alarm] miniz_tinfl.c:312: Warning: 
  function memset: precondition 'valid_s' got status unknown.
[eva:alarm] miniz_tinfl.c:313: Warning: 
  accessing out of bounds index. assert r->m_type < TINFL_MAX_HUFF_TABLES;
[eva:alarm] miniz_tinfl.c:314: Warning: 
  accessing out of bounds index. assert i_0 < TINFL_MAX_HUFF_SYMBOLS_0;
[eva:alarm] miniz_tinfl.c:339: Warning: 
  out of bounds write. assert \valid(&pTable->m_look_up[rev_code]);
[eva:alarm] miniz_tinfl.c:344: Warning: 
  out of bounds read.
  assert
  \valid_read(&pTable->m_look_up[(unsigned int)(rev_code &
                                                (unsigned int)((int)(TINFL_FAST_LOOKUP_SIZE
                                                                     - 1)))]);
[eva:alarm] miniz_tinfl.c:346: Warning: 
  out of bounds write.
  assert
  \valid(&pTable->m_look_up[(unsigned int)(rev_code &
                                           (unsigned int)((int)(TINFL_FAST_LOOKUP_SIZE
                                                                - 1)))]);
[eva:alarm] miniz_tinfl.c:354: Warning: 
  out of bounds read.
  assert \valid_read(&pTable->m_tree[(int)((int)(-tree_cur) - 1)]);
[eva:alarm] miniz_tinfl.c:364: Warning: 
  out of bounds write.
  assert \valid(&pTable->m_tree[(int)((int)(-tree_cur) - 1)]);
[eva:alarm] miniz_tinfl.c:328: Warning: 
  accessing out of bounds index. assert sym_index < TINFL_MAX_HUFF_SYMBOLS_0;
[eva:alarm] miniz_tinfl.c:368: Warning: 
  accessing uninitialized left-value.
  assert \initialized(&r->m_table_sizes[0]);
[eva:alarm] miniz_tinfl.c:368: Warning: 
  accessing uninitialized left-value.
  assert \initialized(&r->m_table_sizes[1]);
[eva:alarm] miniz_tinfl.c:371: Warning: 
  signed overflow. assert pIn_buf_end - pIn_buf_cur ≤ 9223372036854775807;
[eva:alarm] miniz_tinfl.c:371: Warning: 
  invalid RHS operand for shift. assert 0 ≤ num_bits < 64;
[eva:alarm] miniz_tinfl.c:374: Warning: 
  accessing out of bounds index.
  assert
  tmp_26 <
  (int)((int)(TINFL_MAX_HUFF_SYMBOLS_0 + TINFL_MAX_HUFF_SYMBOLS_1) + 137);
  (tmp_26 from counter++)
[eva:alarm] miniz_tinfl.c:382: Warning: 
  invalid RHS operand for shift. assert 0 ≤ num_bits < 64;
[eva:alarm] miniz_tinfl.c:383: Warning: 
  out of bounds read.
  assert \valid_read("\003\003\v" + (mz_uint32)(dist - 16));
[eva:alarm] miniz_tinfl.c:384: Warning: 
  function memset: precondition 'valid_s' got status unknown.
[eva:alarm] miniz_tinfl.c:391: Warning: 
  function memcpy: precondition 'valid_src' got status unknown.
[eva:alarm] miniz_tinfl.c:392: Warning: 
  function memcpy: precondition 'valid_src' got status unknown.
[eva:alarm] miniz_tinfl.c:304: Warning: 
  accessing uninitialized left-value. assert \initialized(&r->m_type);
[eva:alarm] miniz_tinfl.c:391: Warning: 
  function memcpy: precondition 'valid_dest' got status unknown.
[eva:alarm] miniz_tinfl.c:391: Warning: 
  function memcpy: precondition 'separation' got status unknown.
[eva:alarm] miniz_tinfl.c:392: Warning: 
  function memcpy: precondition 'valid_dest' got status unknown.
[eva:alarm] miniz_tinfl.c:392: Warning: 
  function memcpy: precondition 'separation' got status unknown.
[eva:alarm] miniz_tinfl.c:486: Warning: 
  invalid RHS operand for shift. assert 0 ≤ num_bits < 64;
[eva:alarm] miniz_tinfl.c:490: Warning: 
  signed overflow. assert pIn_buf_end - pIn_buf_cur ≤ 9223372036854775807;
[eva:alarm] miniz_tinfl.c:490: Warning: 
  invalid RHS operand for shift. assert 0 ≤ num_bits < 64;
[eva:alarm] miniz_tinfl.c:496: Warning: 
  invalid RHS operand for shift. assert 0 ≤ num_bits < 64;
[eva:alarm] miniz_tinfl.c:516: Warning: 
  out of bounds write. assert \valid(tmp_40);
                       (tmp_40 from pOut_buf_cur++)
[eva:alarm] miniz_tinfl.c:569: Warning: 
  pointer comparison.
  assert \pointer_comparable((void *)pIn_buf_cur, (void *)pIn_buf_end);
[eva:alarm] miniz_tinfl.c:569: Warning: 
  accessing uninitialized left-value.
  assert \initialized(tmp_44);
  (tmp_44 from pIn_buf_cur++)
[eva:alarm] miniz_tinfl.c:569: Warning: 
  out of bounds read. assert \valid_read(tmp_44);
                      (tmp_44 from pIn_buf_cur++)
[eva:alarm] miniz_tinfl.c:569: Warning: 
  invalid RHS operand for shift. assert 0 ≤ num_bits < 64;
[eva:alarm] miniz_tinfl.c:587: Warning: 
  accessing uninitialized left-value. assert \initialized(&r->m_z_adler32);
[eva:loop-unroll:auto] miniz_tinfl.c:584: Automatic loop unrolling.
[eva:alarm] miniz_tinfl.c:584: Warning: 
  pointer comparison.
  assert \pointer_comparable((void *)pIn_buf_cur, (void *)pIn_buf_end);
[eva:alarm] miniz_tinfl.c:584: Warning: 
  accessing uninitialized left-value.
  assert \initialized(tmp_45);
  (tmp_45 from pIn_buf_cur++)
[eva:alarm] miniz_tinfl.c:584: Warning: 
  out of bounds read. assert \valid_read(tmp_45);
                      (tmp_45 from pIn_buf_cur++)
[eva:alarm] miniz_tinfl.c:584: Warning: 
  invalid RHS operand for shift. assert 0 ≤ num_bits < 64;
[eva:alarm] miniz_tinfl.c:618: Warning: 
  accessing uninitialized left-value. assert \initialized(&r->m_check_adler32);
[eva:alarm] miniz_tinfl.c:640: Warning: 
  accessing uninitialized left-value. assert \initialized(&r->m_z_adler32);
[eva:alarm] miniz_tinfl.c:612: Warning: 
  signed overflow. assert -9223372036854775808 ≤ pIn_buf_cur - pIn_buf_next;
[eva:alarm] miniz_tinfl.c:314: Warning: 
  out of bounds read. assert \valid_read(&pTable->m_code_size[i_0]);
[eva:alarm] miniz_tinfl.c:328: Warning: 
  out of bounds read. assert \valid_read(&pTable->m_code_size[sym_index]);
[eva] using specification for function printf_va_11
[eva] using specification for function fclose
[eva] using specification for function printf_va_12
[eva] using specification for function printf_va_13
[eva] using specification for function printf_va_14
[eva] using specification for function printf_va_15
[eva] miniz_tinfl.c:292: 
  cannot evaluate ACSL term, unsupported ACSL construct: constant strings
[eva] miniz_tinfl.c:381: 
  cannot evaluate ACSL term, unsupported ACSL construct: constant strings
[eva] miniz_tinfl.c:383: 
  cannot evaluate ACSL term, unsupported ACSL construct: constant strings
[scope:rm_asserts] removing 9 assertion(s)
[eva] ====== VALUES COMPUTED ======
[eva:final-states] Values at end of function tinfl_decompress:
  status ∈
        {TINFL_STATUS_FAILED_CANNOT_MAKE_PROGRESS;
         TINFL_STATUS_ADLER32_MISMATCH; TINFL_STATUS_FAILED;
         TINFL_STATUS_DONE; TINFL_STATUS_HAS_MORE_OUTPUT}
  num_bits ∈ [0..63] or UNINITIALIZED
  dist ∈ [--..--] or UNINITIALIZED
  counter ∈ [--..--] or UNINITIALIZED
  num_extra ∈ [0..13] or UNINITIALIZED
  bit_buf ∈ [--..--] or UNINITIALIZED
  pIn_buf_cur ∈ {{ &__malloc_main_l59 + [0..27670116110564327422] }}
  pIn_buf_end ∈ {{ &__malloc_main_l59 + [0..36893488147419103230] }}
  pOut_buf_cur ∈
              {{ &__malloc_tinfl_decompress_mem_to_callback_l698 +
                 [0..9223372036854808574] }}
  pOut_buf_end ∈
              {{ &__malloc_tinfl_decompress_mem_to_callback_l698 + [1..65535] }}
  out_buf_size_mask ∈ [0..65534]
  dist_from_out_buf_start ∈ [--..--] or UNINITIALIZED
  decomp.m_state ∈ [0..53]
        .m_num_bits ∈ [--..--]
        {.m_zhdr0; .m_zhdr1} ∈ [0..255] or UNINITIALIZED
        .m_z_adler32 ∈ [--..--] or UNINITIALIZED
        .m_final ∈ {0; 1; 2; 3; 4; 5; 6; 7} or UNINITIALIZED
        .m_type ∈ [--..--] or UNINITIALIZED
        .m_check_adler32 ∈ [0..4293984255] or UNINITIALIZED
        {.m_dist; .m_counter} ∈ [--..--]
        .m_num_extra ∈ [0..13]
        .m_table_sizes[0..2] ∈ [--..--] or UNINITIALIZED
        .m_bit_buf ∈ [0..9223372036854775807]
        .m_dist_from_out_buf_start ∈ [--..--]
        {.m_tables[0..2]; .m_raw_header[0..3]; .m_len_codes[0..456]; .[bits 87976 to 87999]} ∈
        [--..--] or UNINITIALIZED
  in_buf_size ∈ [--..--]
  dst_buf_size ∈ [--..--]
  __retres ∈
          {TINFL_STATUS_FAILED_CANNOT_MAKE_PROGRESS; TINFL_STATUS_BAD_PARAM;
           TINFL_STATUS_ADLER32_MISMATCH; TINFL_STATUS_FAILED;
           TINFL_STATUS_DONE; TINFL_STATUS_HAS_MORE_OUTPUT}
  __malloc_tinfl_decompress_mem_to_callback_l698[0..32767] ∈
                                                [--..--] or UNINITIALIZED
[eva:final-states] Values at end of function tinfl_put_buf_func:
  __fc_fopen[0..15] ∈ [--..--]
  __retres ∈ {0; 1}
[eva:final-states] Values at end of function tinfl_decompress_mem_to_callback:
  __fc_heap_status ∈ [--..--]
  __fc_fopen[0..15] ∈ [--..--]
  in_buf_size ∈ [--..--]
  result ∈ {0; 1}
  decomp.m_state ∈ [0..53] or UNINITIALIZED
        .m_num_bits ∈ [--..--] or UNINITIALIZED
        {.m_zhdr0; .m_zhdr1} ∈ [0..255] or UNINITIALIZED
        .m_z_adler32 ∈ [--..--] or UNINITIALIZED
        .m_final ∈ {0; 1; 2; 3; 4; 5; 6; 7} or UNINITIALIZED
        .m_type ∈ [--..--] or UNINITIALIZED
        .m_check_adler32 ∈ [0..4293984255] or UNINITIALIZED
        {.m_dist; .m_counter} ∈ [--..--] or UNINITIALIZED
        .m_num_extra ∈ [0..13] or UNINITIALIZED
        .m_table_sizes[0..2] ∈ [--..--] or UNINITIALIZED
        .m_bit_buf ∈ [0..9223372036854775807] or UNINITIALIZED
        {.m_dist_from_out_buf_start; .m_tables[0..2]; .m_raw_header[0..3]; .m_len_codes[0..456]; .[bits 87976 to 87999]} ∈
        [--..--] or UNINITIALIZED
  pDict ∈ {0} or ESCAPINGADDR
  in_buf_ofs ∈ [--..--]
  dict_ofs ∈ [0..32767]
  __retres ∈ {-1; 0; 1}
  __malloc_tinfl_decompress_mem_to_callback_l698[0..32767] ∈ UNINITIALIZED
[eva:final-states] Values at end of function main:
  __fc_errno ∈ [--..--]
  __fc_heap_status ∈ [--..--]
  __fc_fopen[0..15] ∈ [--..--]
  status ∈ {-1; 0; 1} or UNINITIALIZED
  pInfile ∈ {{ NULL ; &__fc_fopen + [0..120],0%8 }} or UNINITIALIZED
  pOutfile ∈ {{ NULL ; &__fc_fopen + [0..120],0%8 }} or UNINITIALIZED
  infile_size ∈ [0..2147483647] or UNINITIALIZED
  outfile_size ∈ [--..--] or UNINITIALIZED
  in_buf_size ∈ [--..--] or UNINITIALIZED
  pCmp_data ∈ {{ NULL ; &__malloc_main_l59[0] }} or UNINITIALIZED
  file_loc ∈ [-1..9223372036854775807] or UNINITIALIZED
  __retres ∈ {0; 1}
  S___fc_stdout[0..1] ∈ [--..--]
  __malloc_main_l59[0..2147483646] ∈ [--..--] or UNINITIALIZED
  __malloc_tinfl_decompress_mem_to_callback_l698[0..32767] ∈ UNINITIALIZED
[eva:final-states] Values at end of function eva_main:
  Frama_C_entropy_source ∈ [--..--]
  argc ∈ {0; 1; 2; 3; 4; 5}
  argv0[0..254] ∈ [--..--]
       [255] ∈ {0}
  argv1[0..254] ∈ [--..--]
       [255] ∈ {0}
  argv2[0..254] ∈ [--..--]
       [255] ∈ {0}
  argv3[0..254] ∈ [--..--]
       [255] ∈ {0}
  argv4[0..254] ∈ [--..--]
       [255] ∈ {0}
  argv[0] ∈ {{ &argv0[0] }}
      [1] ∈ {{ &argv1[0] }}
      [2] ∈ {{ &argv2[0] }}
      [3] ∈ {{ &argv3[0] }}
      [4] ∈ {{ &argv4[0] }}
      [5] ∈ {0}
  __fc_errno ∈ [--..--]
  __fc_heap_status ∈ [--..--]
  __fc_fopen[0..15] ∈ [--..--]
  S___fc_stdout[0..1] ∈ [--..--]
  __malloc_main_l59[0..2147483646] ∈ [--..--] or UNINITIALIZED
  __malloc_tinfl_decompress_mem_to_callback_l698[0..32767] ∈ UNINITIALIZED
[eva:summary] ====== ANALYSIS SUMMARY ======
  ----------------------------------------------------------------------------
  5 functions analyzed (out of 33): 15% coverage.
  In these functions, 1220 statements reached (out of 1246): 97% coverage.
  ----------------------------------------------------------------------------
  No errors or warnings raised during the analysis.
  ----------------------------------------------------------------------------
  256 alarms generated by the analysis:
      81 accesses to uninitialized left-values
      68 invalid memory accesses
      29 invalid shifts
      25 accesses out of bounds index
      25 integer overflows
      28 others
  ----------------------------------------------------------------------------
  Evaluation of the logical properties reached by the analysis:
    Assertions        0 valid     0 unknown     0 invalid      0 total
    Preconditions    36 valid    17 unknown     0 invalid     53 total
  67% of the logical properties reached have been proven.
  ----------------------------------------------------------------------------
4.99user 0.25system 0:05.24elapsed 99%CPU (0avgtext+0avgdata 251600maxresident)k
0inputs+7456outputs (0major+63320minor)pagefaults 0swaps
