[kernel] Parsing stream_compress.c (with preprocessing)
[kernel] Parsing quicklz.c (with preprocessing)
[kernel] Parsing fc_stubs.c (with preprocessing)
[eva] Splitting return states on:
  \return(tmpfile) == 0 (auto)
  \return(tmpnam) == 0 (auto)
  \return(fopen) == 0 (auto)
  \return(fdopen) == 0 (auto)
  \return(freopen) == 0 (auto)
  \return(fgets) == 0 (auto)
  \return(gets) == 0 (auto)
  \return(fread) == 0 (auto)
  \return(popen) == 0 (auto)
  \return(fmemopen) == 0 (auto)
  \return(seed48) == 0 (auto)
  \return(calloc) == 0 (auto)
  \return(malloc) == 0 (auto)
  \return(realloc) == 0 (auto)
  \return(reallocarray) == 0 (auto)
  \return(getenv) == 0 (auto)
  \return(bsearch) == 0 (auto)
  \return(memchr) == 0 (auto)
  \return(memcpy) == 0 (auto)
  \return(mempcpy) == 0 (auto)
  \return(memmove) == 0 (auto)
  \return(memset) == 0 (auto)
  \return(strchr) == 0 (auto)
  \return(strchrnul) == 0 (auto)
  \return(strrchr) == 0 (auto)
  \return(strpbrk) == 0 (auto)
  \return(strstr) == 0 (auto)
  \return(strcasestr) == 0 (auto)
  \return(strtok) == 0 (auto)
  \return(strtok_r) == 0 (auto)
  \return(strsep) == 0 (auto)
  \return(strerror) == 0 (auto)
  \return(strcpy) == 0 (auto)
  \return(strncpy) == 0 (auto)
  \return(stpcpy) == 0 (auto)
  \return(strcat) == 0 (auto)
  \return(strncat) == 0 (auto)
  \return(strdup) == 0 (auto)
  \return(strndup) == 0 (auto)
  \return(strsignal) == 0 (auto)
  \return(Frama_C_nondet_ptr) == 0 (auto)
  \return(Frama_C_malloc_fresh) == 0 (auto)
  \return(fast_read) == 1 (auto)
[eva] Analyzing a complete application starting at eva_main
[eva:initial-state] Values of globals at initialization
  qlz_decompress_core_bitlut[0] ∈ {4}
                            [1] ∈ {0}
                            [2] ∈ {1}
                            [3] ∈ {0}
                            [4] ∈ {2}
                            [5] ∈ {0}
                            [6] ∈ {1}
                            [7] ∈ {0}
                            [8] ∈ {3}
                            [9] ∈ {0}
                            [10] ∈ {1}
                            [11] ∈ {0}
                            [12] ∈ {2}
                            [13] ∈ {0}
                            [14] ∈ {1}
                            [15] ∈ {0}
[eva] using specification for function Frama_C_interval
[eva] using specification for function Frama_C_make_unknown
[eva] stream_compress.c:19: allocating variable __malloc_main_l19
[eva] using specification for function fopen
[eva] stream_compress.c:24: allocating variable __malloc_main_l24
[eva] stream_compress.c:28: allocating variable __malloc_main_l28
[eva:alarm] stream_compress.c:32: Warning: 
  function memset: precondition 'valid_s' got status unknown.
[eva] FRAMAC_SHARE/libc/string.h:134: 
  cannot evaluate ACSL term, unsupported ACSL construct: logic function memset
[eva] using specification for function rand
[eva] using specification for function fread
[eva:alarm] stream_compress.c:35: Warning: 
  function fread: precondition 'valid_ptr_block' got status invalid.
[eva:alarm] stream_compress.c:35: Warning: 
  function fread: precondition 'valid_stream' got status unknown.
[eva:alarm] quicklz.c:744: Warning: 
  accessing uninitialized left-value.
  assert \initialized(&state->stream_counter);
[eva:alarm] quicklz.c:744: Warning: 
  out of bounds read. assert \valid_read(&state->stream_counter);
[eva] FRAMAC_SHARE/libc/string.h:101: 
  cannot evaluate ACSL term, unsupported ACSL construct: logic function memcmp
[eva:alarm] quicklz.c:268: Warning: 
  pointer comparison.
  assert \pointer_comparable((void *)src, (void *)last_matchstart);
[eva:alarm] quicklz.c:117: Warning: 
  accessing uninitialized left-value. assert \initialized((ui32 *)src);
[eva] quicklz.c:116: cannot properly split on \result == 1
[eva:alarm] quicklz.c:271: Warning: 
  pointer comparison.
  assert \pointer_comparable((void *)src, (void *)last_matchstart);
[eva:alarm] quicklz.c:379: Warning: 
  accessing uninitialized left-value.
  assert \initialized(&state->hash_counter[hash]);
[eva:alarm] quicklz.c:381: Warning: 
  accessing uninitialized left-value.
  assert \initialized(&state->hash[hash].offset[0]);
[kernel] quicklz.c:381: 
  more than 200(4096) elements to enumerate. Approximating.
[eva:alarm] quicklz.c:382: Warning: 
  pointer comparison.
  assert \pointer_comparable((void *)offset2, (void *)(src - 2));
[eva:loop-unroll:auto] quicklz.c:394: Automatic loop unrolling.
[kernel] quicklz.c:419: 
  more than 200(4096) locations to update in array. Approximating.
[eva:alarm] quicklz.c:472: Warning: out of bounds write. assert \valid(dst);
[kernel] quicklz.c:472: Warning: 
  all target addresses were invalid. This path is assumed to be dead.
[eva:alarm] quicklz.c:537: Warning: out of bounds write. assert \valid(dst);
[kernel] quicklz.c:537: Warning: 
  all target addresses were invalid. This path is assumed to be dead.
[eva:alarm] quicklz.c:117: Warning: 
  out of bounds read. assert \valid_read((ui32 *)src);
[eva:alarm] quicklz.c:396: Warning: 
  accessing uninitialized left-value.
  assert \initialized(&state->hash[hash].offset[k]);
[kernel] quicklz.c:396: 
  more than 200(4096) elements to enumerate. Approximating.
[eva] quicklz.c:271: starting to merge loop iterations
[eva:alarm] quicklz.c:385: Warning: 
  accessing uninitialized left-value. assert \initialized(src + matchlen);
[eva:alarm] quicklz.c:388: Warning: 
  accessing uninitialized left-value. assert \initialized(src + matchlen);
[eva:alarm] quicklz.c:388: Warning: 
  accessing uninitialized left-value. assert \initialized(offset2 + matchlen);
[eva] quicklz.c:388: starting to merge loop iterations
[eva:alarm] quicklz.c:388: Warning: 
  out of bounds read. assert \valid_read(offset2 + matchlen);
[eva:alarm] quicklz.c:388: Warning: 
  out of bounds read. assert \valid_read(src + matchlen);
[eva:alarm] quicklz.c:404: Warning: 
  accessing uninitialized left-value. assert \initialized(src + m);
[eva:alarm] quicklz.c:404: Warning: 
  accessing uninitialized left-value. assert \initialized(o + m);
[eva] quicklz.c:404: starting to merge loop iterations
[eva:alarm] quicklz.c:404: Warning: 
  out of bounds read. assert \valid_read(o + m);
[eva:alarm] quicklz.c:404: Warning: 
  out of bounds read. assert \valid_read(src + m);
[eva:alarm] quicklz.c:407: Warning: 
  pointer comparison. assert \pointer_comparable((void *)o, (void *)offset2);
[eva] quicklz.c:394: starting to merge loop iterations
[eva:alarm] quicklz.c:424: Warning: 
  pointer subtraction. assert \base_addr(src) ≡ \base_addr(o);
[eva:alarm] quicklz.c:427: Warning: 
  pointer subtraction. assert \base_addr(src) ≡ \base_addr(o);
[eva:alarm] quicklz.c:432: Warning: 
  accessing uninitialized left-value.
  assert \initialized(&state->hash_counter[hash]);
[eva] quicklz.c:429: starting to merge loop iterations
[eva:garbled-mix:write] quicklz.c:117: 
  Assigning imprecise value to __retres.
  The imprecision originates from Misaligned {quicklz.c:117}
[eva:garbled-mix:write] quicklz.c:116: 
  Assigning imprecise value to \result<fast_read>.
  The imprecision originates from Misaligned {quicklz.c:117}
[eva:garbled-mix:write] quicklz.c:126: 
  Assigning imprecise value to fetch.
  The imprecision originates from Misaligned {quicklz.c:117}
[eva:garbled-mix:write] quicklz.c:95: 
  Assigning imprecise value to __retres.
  The imprecision originates from Misaligned {quicklz.c:117}
[eva:garbled-mix:write] quicklz.c:95: 
  Assigning imprecise value to \result<hash_func>.
  The imprecision originates from Misaligned {quicklz.c:117}
[eva:garbled-mix:write] quicklz.c:127: 
  Assigning imprecise value to hash.
  The imprecision originates from Misaligned {quicklz.c:117}
[eva:garbled-mix:write] quicklz.c:128: 
  Assigning imprecise value to \result<hashat>.
  The imprecision originates from Misaligned {quicklz.c:117}
[eva:garbled-mix:write] quicklz.c:431: 
  Assigning imprecise value to hash.
  The imprecision originates from Misaligned {quicklz.c:117}
[eva:alarm] quicklz.c:432: Warning: 
  accessing out of bounds index. assert 0 ≤ hash;
[eva:alarm] quicklz.c:432: Warning: 
  accessing out of bounds index. assert hash < 4096;
[eva:alarm] quicklz.c:432: Warning: 
  out of bounds read. assert \valid_read(&state->hash_counter[hash]);
[eva:garbled-mix:write] quicklz.c:432: 
  Assigning imprecise value to tmp_2.
  The imprecision originates from Misaligned {quicklz.c:432}
[eva:alarm] quicklz.c:432: Warning: 
  accessing out of bounds index. assert 0 ≤ hash;
[eva:alarm] quicklz.c:432: Warning: 
  accessing out of bounds index. assert hash < 4096;
[eva:alarm] quicklz.c:432: Warning: 
  out of bounds write. assert \valid(&state->hash_counter[hash]);
[eva:alarm] quicklz.c:432: Warning: 
  signed overflow. assert -2147483648 ≤ (int)state->hash_counter[hash] + 1;
[eva:alarm] quicklz.c:432: Warning: 
  signed overflow. assert (int)state->hash_counter[hash] + 1 ≤ 2147483647;
[eva:garbled-mix:write] quicklz.c:432: 
  Assigning imprecise value to state->hash_counter[hash]
  (pointing to __malloc_main_l19 with offsets [0..4307128]).
  The imprecision originates from Misaligned {quicklz.c:432}
[eva:garbled-mix:write] quicklz.c:432: 
  Assigning imprecise value to c.
  The imprecision originates from Misaligned {quicklz.c:432}
[eva:alarm] quicklz.c:433: Warning: 
  accessing out of bounds index. assert 0 ≤ hash;
[eva:alarm] quicklz.c:433: Warning: 
  accessing out of bounds index. assert hash < 4096;
[eva:alarm] quicklz.c:433: Warning: 
  accessing out of bounds index. assert 0 ≤ (int)((int)c & (int)(16 - 1));
[eva:alarm] quicklz.c:433: Warning: 
  accessing out of bounds index. assert (int)((int)c & (int)(16 - 1)) < 16;
[eva:alarm] quicklz.c:433: Warning: 
  out of bounds write.
  assert \valid(&state->hash[hash].offset[(int)((int)c & (int)(16 - 1))]);
[eva:garbled-mix:write] quicklz.c:117: 
  Assigning imprecise value to __retres.
  The imprecision originates from Misaligned
[eva:garbled-mix:write] quicklz.c:116: 
  Assigning imprecise value to \result<fast_read>.
  The imprecision originates from Misaligned
[eva:garbled-mix:write] quicklz.c:126: 
  Assigning imprecise value to fetch.
  The imprecision originates from Misaligned
[eva:garbled-mix:write] quicklz.c:95: 
  Assigning imprecise value to __retres.
  The imprecision originates from Misaligned
[eva:garbled-mix:write] quicklz.c:95: 
  Assigning imprecise value to \result<hash_func>.
  The imprecision originates from Misaligned
[eva:garbled-mix:write] quicklz.c:127: 
  Assigning imprecise value to hash.
  The imprecision originates from Misaligned
[eva:garbled-mix:write] quicklz.c:128: 
  Assigning imprecise value to \result<hashat>.
  The imprecision originates from Misaligned
[eva:garbled-mix:write] quicklz.c:431: 
  Assigning imprecise value to hash.
  The imprecision originates from Misaligned
[eva:garbled-mix:write] quicklz.c:432: 
  Assigning imprecise value to tmp_2.
  The imprecision originates from Misaligned
[eva:garbled-mix:write] quicklz.c:432: 
  Assigning imprecise value to state->hash_counter[hash]
  (pointing to __malloc_main_l19 with offsets [0..4307128]).
  The imprecision originates from Misaligned
[eva:garbled-mix:write] quicklz.c:432: 
  Assigning imprecise value to c.
  The imprecision originates from Misaligned
[eva:garbled-mix:write] quicklz.c:376: 
  Assigning imprecise value to fetch.
  The imprecision originates from Misaligned
[eva:garbled-mix:write] quicklz.c:377: 
  Assigning imprecise value to hash.
  The imprecision originates from Misaligned
[eva:alarm] quicklz.c:379: Warning: 
  accessing out of bounds index. assert 0 ≤ hash;
[eva:alarm] quicklz.c:379: Warning: 
  accessing out of bounds index. assert hash < 4096;
[eva:alarm] quicklz.c:379: Warning: 
  out of bounds read. assert \valid_read(&state->hash_counter[hash]);
[eva:garbled-mix:write] quicklz.c:379: 
  Assigning imprecise value to c.
  The imprecision originates from Misaligned
[eva:alarm] quicklz.c:381: Warning: 
  accessing out of bounds index. assert 0 ≤ hash;
[eva:alarm] quicklz.c:381: Warning: 
  accessing out of bounds index. assert hash < 4096;
[eva:alarm] quicklz.c:381: Warning: 
  out of bounds read. assert \valid_read(&state->hash[hash].offset[0]);
[eva:garbled-mix:write] quicklz.c:381: 
  Assigning imprecise value to offset2.
  The imprecision originates from Misaligned
[eva:garbled-mix:write] quicklz.c:382: 
  Assigning imprecise value to tmp_0_0.
  The imprecision originates from Misaligned
[eva:alarm] quicklz.c:385: Warning: 
  accessing uninitialized left-value. assert \initialized(offset2 + matchlen);
[eva:alarm] quicklz.c:396: Warning: 
  accessing out of bounds index. assert 0 ≤ hash;
[eva:alarm] quicklz.c:396: Warning: 
  accessing out of bounds index. assert hash < 4096;
[eva:alarm] quicklz.c:396: Warning: 
  out of bounds read. assert \valid_read(&state->hash[hash].offset[k]);
[eva:garbled-mix:write] quicklz.c:396: 
  Assigning imprecise value to o.
  The imprecision originates from Misaligned
[eva:garbled-mix:write] quicklz.c:398: 
  Assigning imprecise value to tmp_1.
  The imprecision originates from Misaligned
[eva:garbled-mix:write] quicklz.c:418: 
  Assigning imprecise value to o.
  The imprecision originates from Misaligned
[eva:alarm] quicklz.c:419: Warning: 
  accessing out of bounds index. assert 0 ≤ hash;
[eva:alarm] quicklz.c:419: Warning: 
  accessing out of bounds index. assert hash < 4096;
[eva:alarm] quicklz.c:419: Warning: 
  accessing out of bounds index. assert 0 ≤ (int)((int)c & (int)(16 - 1));
[eva:alarm] quicklz.c:419: Warning: 
  accessing out of bounds index. assert (int)((int)c & (int)(16 - 1)) < 16;
[eva:alarm] quicklz.c:419: Warning: 
  out of bounds write.
  assert \valid(&state->hash[hash].offset[(int)((int)c & (int)(16 - 1))]);
[eva:alarm] quicklz.c:420: Warning: 
  signed overflow. assert -2147483648 ≤ (int)c + 1;
[eva:alarm] quicklz.c:420: Warning: 
  signed overflow. assert (int)c + 1 ≤ 2147483647;
[eva:garbled-mix:write] quicklz.c:420: 
  Assigning imprecise value to c.
  The imprecision originates from Misaligned
[eva:alarm] quicklz.c:421: Warning: 
  accessing out of bounds index. assert 0 ≤ hash;
[eva:alarm] quicklz.c:421: Warning: 
  accessing out of bounds index. assert hash < 4096;
[eva:alarm] quicklz.c:421: Warning: 
  out of bounds write. assert \valid(&state->hash_counter[hash]);
[eva:garbled-mix:write] quicklz.c:421: 
  Assigning imprecise value to state->hash_counter[hash]
  (pointing to __malloc_main_l19 with offsets [0..4307128]).
  The imprecision originates from Misaligned
[eva:alarm] quicklz.c:424: Warning: 
  signed overflow. assert -9223372036854775808 ≤ src - o;
[eva:alarm] quicklz.c:424: Warning: 
  signed overflow. assert src - o ≤ 9223372036854775807;
[eva:alarm] quicklz.c:427: Warning: 
  signed overflow. assert -9223372036854775808 ≤ src - o;
[eva:alarm] quicklz.c:427: Warning: 
  signed overflow. assert src - o ≤ 9223372036854775807;
[eva:garbled-mix:write] quicklz.c:427: 
  Assigning imprecise value to offset.
  The imprecision originates from Misaligned
[eva:garbled-mix:write] quicklz.c:441: 
  Assigning imprecise value to *dst
  (pointing to __malloc_main_l28 with offsets {72; 80; 88; 96; 104; 112}).
  The imprecision originates from Misaligned
[eva:garbled-mix:write] quicklz.c:446: 
  Assigning imprecise value to f.
  The imprecision originates from Misaligned
[eva:garbled-mix:write] quicklz.c:167: 
  Assigning imprecise value to *((ui16 *)dst)
  (pointing to __malloc_main_l28 with offsets {72; 80; 88; 96; 104; 112}).
  The imprecision originates from Misaligned
[eva:garbled-mix:write] quicklz.c:452: 
  Assigning imprecise value to f_0.
  The imprecision originates from Misaligned
[eva:garbled-mix:write] quicklz.c:459: 
  Assigning imprecise value to f_1.
  The imprecision originates from Misaligned
[eva:garbled-mix:write] quicklz.c:164: 
  Assigning imprecise value to *((ui32 *)dst)
  (pointing to __malloc_main_l28 with offsets {72; 80; 88; 96; 104; 112}).
  The imprecision originates from Misaligned
[eva:garbled-mix:write] quicklz.c:465: 
  Assigning imprecise value to f_2.
  The imprecision originates from Misaligned
[eva:garbled-mix:write] quicklz.c:161: 
  Assigning imprecise value to *((ui32 *)dst)
  (pointing to __malloc_main_l28 with offsets {72; 80; 88; 96; 104; 112}).
  The imprecision originates from Misaligned
[eva:alarm] quicklz.c:472: Warning: 
  accessing uninitialized left-value. assert \initialized(src);
[eva:garbled-mix:write] quicklz.c:472: 
  Assigning imprecise value to *dst
  (pointing to __malloc_main_l28 with offsets {72; 80; 88; 96; 104; 112}).
  The imprecision originates from Misaligned
[eva:garbled-mix:write] quicklz.c:441: 
  Assigning imprecise value to *dst
  (pointing to __malloc_main_l28 with offsets {72; 80; 88; 96; 104; 112; 120;
                                               128; 136; 144}).
  The imprecision originates from Misaligned
[eva:garbled-mix:write] quicklz.c:167: 
  Assigning imprecise value to *((ui16 *)dst)
  (pointing to __malloc_main_l28 with offsets {72; 80; 88; 96; 104; 112; 120;
                                               128; 136; 144}).
  The imprecision originates from Misaligned
[eva:garbled-mix:write] quicklz.c:164: 
  Assigning imprecise value to *((ui32 *)dst)
  (pointing to __malloc_main_l28 with offsets {72; 80; 88; 96; 104; 112; 120;
                                               128; 136; 144}).
  The imprecision originates from Misaligned
[eva:garbled-mix:write] quicklz.c:161: 
  Assigning imprecise value to *((ui32 *)dst)
  (pointing to __malloc_main_l28 with offsets {72; 80; 88; 96; 104; 112; 120;
                                               128; 136; 144}).
  The imprecision originates from Misaligned
[eva:garbled-mix:write] quicklz.c:472: 
  Assigning imprecise value to *dst
  (pointing to __malloc_main_l28 with offsets {72; 80; 88; 96; 104; 112; 120;
                                               128; 136; 144}).
  The imprecision originates from Misaligned
[eva:garbled-mix:write] quicklz.c:441: 
  Assigning imprecise value to *dst
  (pointing to __malloc_main_l28 with offsets [72..83192],0%8).
  The imprecision originates from Misaligned
[eva:alarm] quicklz.c:167: Warning: 
  out of bounds write. assert \valid((ui16 *)dst);
[eva:garbled-mix:write] quicklz.c:167: 
  Assigning imprecise value to *((ui16 *)dst)
  (pointing to __malloc_main_l28 with offsets [72..83184],0%8).
  The imprecision originates from Misaligned
[eva:alarm] quicklz.c:164: Warning: 
  out of bounds write. assert \valid((ui32 *)dst);
[eva:garbled-mix:write] quicklz.c:164: 
  Assigning imprecise value to *((ui32 *)dst)
  (pointing to __malloc_main_l28 with offsets [72..83168],0%8).
  The imprecision originates from Misaligned
[eva:alarm] quicklz.c:161: Warning: 
  out of bounds write. assert \valid((ui32 *)dst);
[eva:garbled-mix:write] quicklz.c:161: 
  Assigning imprecise value to *((ui32 *)dst)
  (pointing to __malloc_main_l28 with offsets [72..83168],0%8).
  The imprecision originates from Misaligned
[eva:garbled-mix:write] quicklz.c:472: 
  Assigning imprecise value to *dst
  (pointing to __malloc_main_l28 with offsets [72..83192],0%8).
  The imprecision originates from Misaligned
[eva:alarm] quicklz.c:441: Warning: out of bounds write. assert \valid(dst);
[eva] quicklz.c:394: Trace partitioning superposing up to 100 states
[eva:garbled-mix:write] quicklz.c:284: 
  Assigning imprecise value to fetch.
  The imprecision originates from Misaligned
[eva:alarm] quicklz.c:508: Warning: 
  pointer comparison.
  assert \pointer_comparable((void *)src, (void *)last_byte);
[eva:alarm] quicklz.c:537: Warning: 
  accessing uninitialized left-value. assert \initialized(src);
[eva:garbled-mix:write] quicklz.c:537: 
  Assigning imprecise value to *dst
  (pointing to __malloc_main_l28 with offsets [56..83192],0%8).
  The imprecision originates from Misaligned
[eva] quicklz.c:508: starting to merge loop iterations
[eva] quicklz.c:543: starting to merge loop iterations
[kernel] quicklz.c:381: 
  more than 200(4206) elements to enumerate. Approximating.
[eva:alarm] quicklz.c:398: Warning: 
  pointer comparison. assert \pointer_comparable((void *)o, (void *)(src - 2));
[eva:garbled-mix:write] quicklz.c:441: 
  Assigning imprecise value to *dst
  (pointing to __malloc_main_l28 with offsets {112; 120; 128; 136; 144; 152;
                                               160}).
  The imprecision originates from Misaligned
[eva:garbled-mix:write] quicklz.c:167: 
  Assigning imprecise value to *((ui16 *)dst)
  (pointing to __malloc_main_l28 with offsets {112; 120; 128; 136; 144; 152;
                                               160}).
  The imprecision originates from Misaligned
[eva:garbled-mix:write] quicklz.c:164: 
  Assigning imprecise value to *((ui32 *)dst)
  (pointing to __malloc_main_l28 with offsets {112; 120; 128; 136; 144; 152;
                                               160}).
  The imprecision originates from Misaligned
[eva:garbled-mix:write] quicklz.c:161: 
  Assigning imprecise value to *((ui32 *)dst)
  (pointing to __malloc_main_l28 with offsets {112; 120; 128; 136; 144; 152;
                                               160}).
  The imprecision originates from Misaligned
[eva:garbled-mix:write] quicklz.c:472: 
  Assigning imprecise value to *dst
  (pointing to __malloc_main_l28 with offsets {112; 120; 128; 136; 144; 152;
                                               160}).
  The imprecision originates from Misaligned
[eva:garbled-mix:write] quicklz.c:441: 
  Assigning imprecise value to *dst
  (pointing to __malloc_main_l28 with offsets {112; 120; 128; 136; 144; 152;
                                               160; 168; 176; 184; 192}).
  The imprecision originates from Misaligned
[eva:garbled-mix:write] quicklz.c:167: 
  Assigning imprecise value to *((ui16 *)dst)
  (pointing to __malloc_main_l28 with offsets {112; 120; 128; 136; 144; 152;
                                               160; 168; 176; 184; 192}).
  The imprecision originates from Misaligned
[eva:garbled-mix:write] quicklz.c:164: 
  Assigning imprecise value to *((ui32 *)dst)
  (pointing to __malloc_main_l28 with offsets {112; 120; 128; 136; 144; 152;
                                               160; 168; 176; 184; 192}).
  The imprecision originates from Misaligned
[eva:garbled-mix:write] quicklz.c:161: 
  Assigning imprecise value to *((ui32 *)dst)
  (pointing to __malloc_main_l28 with offsets {112; 120; 128; 136; 144; 152;
                                               160; 168; 176; 184; 192}).
  The imprecision originates from Misaligned
[eva:garbled-mix:write] quicklz.c:472: 
  Assigning imprecise value to *dst
  (pointing to __malloc_main_l28 with offsets {112; 120; 128; 136; 144; 152;
                                               160; 168; 176; 184; 192}).
  The imprecision originates from Misaligned
[eva:garbled-mix:write] quicklz.c:441: 
  Assigning imprecise value to *dst
  (pointing to __malloc_main_l28 with offsets [112..83192],0%8).
  The imprecision originates from Misaligned
[eva:garbled-mix:write] quicklz.c:167: 
  Assigning imprecise value to *((ui16 *)dst)
  (pointing to __malloc_main_l28 with offsets [112..83184],0%8).
  The imprecision originates from Misaligned
[eva:garbled-mix:write] quicklz.c:164: 
  Assigning imprecise value to *((ui32 *)dst)
  (pointing to __malloc_main_l28 with offsets [112..83168],0%8).
  The imprecision originates from Misaligned
[eva:garbled-mix:write] quicklz.c:161: 
  Assigning imprecise value to *((ui32 *)dst)
  (pointing to __malloc_main_l28 with offsets [112..83168],0%8).
  The imprecision originates from Misaligned
[eva:garbled-mix:write] quicklz.c:472: 
  Assigning imprecise value to *dst
  (pointing to __malloc_main_l28 with offsets [112..83192],0%8).
  The imprecision originates from Misaligned
[eva] quicklz.c:394: Trace partitioning superposing up to 100 states
[eva:garbled-mix:write] quicklz.c:537: 
  Assigning imprecise value to *dst
  (pointing to __malloc_main_l28 with offsets [120..83192],0%8).
  The imprecision originates from Misaligned
[eva:garbled-mix:write] quicklz.c:537: 
  Assigning imprecise value to *dst
  (pointing to __malloc_main_l28 with offsets [152..83192],0%8).
  The imprecision originates from Misaligned
[eva:garbled-mix:write] quicklz.c:537: 
  Assigning imprecise value to *dst
  (pointing to __malloc_main_l28 with offsets [128..83192],0%8).
  The imprecision originates from Misaligned
[eva:garbled-mix:write] quicklz.c:537: 
  Assigning imprecise value to *dst
  (pointing to __malloc_main_l28 with offsets [160..83192],0%8).
  The imprecision originates from Misaligned
[eva:garbled-mix:write] quicklz.c:537: 
  Assigning imprecise value to *dst
  (pointing to __malloc_main_l28 with offsets [136..83192],0%8).
  The imprecision originates from Misaligned
[eva] quicklz.c:67: starting to merge loop iterations
[eva:garbled-mix:write] quicklz.c:783: 
  Assigning imprecise value to state->stream_counter
  (pointing to __malloc_main_l19 with offsets {80000}).
  The imprecision originates from Misaligned
[eva] using specification for function printf_va_1
[eva] using specification for function fwrite
[eva:alarm] stream_compress.c:42: Warning: 
  function fwrite: precondition 'valid_stream' got status unknown.
[eva:garbled-mix:write] quicklz.c:421: 
  Assigning imprecise value to state->hash_counter[hash]
  (pointing to __malloc_main_l19 with offsets [4274368..4307128],0%8).
  The imprecision originates from Misaligned
[eva:garbled-mix:write] quicklz.c:472: 
  Assigning imprecise value to *dst
  (pointing to __malloc_main_l28 with offsets {56; 64}).
  The imprecision originates from Misaligned {quicklz.c:419}
[eva:garbled-mix:write] quicklz.c:537: 
  Assigning imprecise value to *dst
  (pointing to __malloc_main_l28 with offsets {64; 72}).
  The imprecision originates from Misaligned {quicklz.c:419}
[eva:garbled-mix:write] quicklz.c:537: 
  Assigning imprecise value to *dst
  (pointing to __malloc_main_l28 with offsets {64; 72; 80}).
  The imprecision originates from Misaligned {quicklz.c:419}
[eva:garbled-mix:write] quicklz.c:537: 
  Assigning imprecise value to *dst
  (pointing to __malloc_main_l28 with offsets {64; 72; 80; 88}).
  The imprecision originates from Misaligned {quicklz.c:419}
[eva:garbled-mix:write] quicklz.c:537: 
  Assigning imprecise value to *dst
  (pointing to __malloc_main_l28 with offsets {64; 72; 80; 88; 96}).
  The imprecision originates from Misaligned {quicklz.c:419}
[eva:garbled-mix:write] quicklz.c:537: 
  Assigning imprecise value to *dst
  (pointing to __malloc_main_l28 with offsets {64; 72; 80; 88; 96; 104}).
  The imprecision originates from Misaligned {quicklz.c:419}
[eva:garbled-mix:write] quicklz.c:537: 
  Assigning imprecise value to *dst
  (pointing to __malloc_main_l28 with offsets [64..83192],0%8).
  The imprecision originates from Misaligned {quicklz.c:419}
[eva:garbled-mix:write] quicklz.c:472: 
  Assigning imprecise value to *dst
  (pointing to __malloc_main_l28 with offsets {104; 112}).
  The imprecision originates from Misaligned {quicklz.c:419}
[eva:garbled-mix:write] quicklz.c:767: 
  Assigning imprecise value to src.
  The imprecision originates from Misaligned
[eva:alarm] quicklz.c:769: Warning: 
  function memcpy: precondition 'valid_dest' got status unknown.
[kernel] quicklz.c:769: 
  writing somewhere in {NULL; __malloc_main_l19} because of Misaligned.
[eva:garbled-mix:write] quicklz.c:257: 
  Assigning imprecise value to last_byte.
  The imprecision originates from Misaligned
[eva:garbled-mix:write] quicklz.c:258: 
  Assigning imprecise value to src.
  The imprecision originates from Misaligned
[eva:garbled-mix:write] quicklz.c:262: 
  Assigning imprecise value to last_matchstart.
  The imprecision originates from Misaligned
[eva:garbled-mix:write] quicklz.c:269: 
  Assigning imprecise value to fetch.
  The imprecision originates from Misaligned
[eva:garbled-mix:write] quicklz.c:441: 
  Assigning imprecise value to *dst
  (pointing to __malloc_main_l28 with offsets {56}).
  The imprecision originates from Misaligned
[eva:garbled-mix:write] quicklz.c:167: 
  Assigning imprecise value to *((ui16 *)dst)
  (pointing to __malloc_main_l28 with offsets {56}).
  The imprecision originates from Misaligned
[eva:garbled-mix:write] quicklz.c:164: 
  Assigning imprecise value to *((ui32 *)dst)
  (pointing to __malloc_main_l28 with offsets {56}).
  The imprecision originates from Misaligned
[eva:garbled-mix:write] quicklz.c:161: 
  Assigning imprecise value to *((ui32 *)dst)
  (pointing to __malloc_main_l28 with offsets {56}).
  The imprecision originates from Misaligned
[eva:garbled-mix:write] quicklz.c:472: 
  Assigning imprecise value to *dst
  (pointing to __malloc_main_l28 with offsets {56}).
  The imprecision originates from Misaligned
[eva:garbled-mix:write] quicklz.c:441: 
  Assigning imprecise value to *dst
  (pointing to __malloc_main_l28 with offsets {56; 64; 72; 80; 88}).
  The imprecision originates from Misaligned
[eva:garbled-mix:write] quicklz.c:167: 
  Assigning imprecise value to *((ui16 *)dst)
  (pointing to __malloc_main_l28 with offsets {56; 64; 72; 80; 88}).
  The imprecision originates from Misaligned
[eva:garbled-mix:write] quicklz.c:164: 
  Assigning imprecise value to *((ui32 *)dst)
  (pointing to __malloc_main_l28 with offsets {56; 64; 72; 80; 88}).
  The imprecision originates from Misaligned
[eva:garbled-mix:write] quicklz.c:161: 
  Assigning imprecise value to *((ui32 *)dst)
  (pointing to __malloc_main_l28 with offsets {56; 64; 72; 80; 88}).
  The imprecision originates from Misaligned
[eva:garbled-mix:write] quicklz.c:472: 
  Assigning imprecise value to *dst
  (pointing to __malloc_main_l28 with offsets {56; 64; 72; 80; 88}).
  The imprecision originates from Misaligned
[eva:garbled-mix:write] quicklz.c:441: 
  Assigning imprecise value to *dst
  (pointing to __malloc_main_l28 with offsets {56; 64; 72; 80; 88; 96; 104;
                                               112; 120}).
  The imprecision originates from Misaligned
[eva:garbled-mix:write] quicklz.c:167: 
  Assigning imprecise value to *((ui16 *)dst)
  (pointing to __malloc_main_l28 with offsets {56; 64; 72; 80; 88; 96; 104;
                                               112; 120}).
  The imprecision originates from Misaligned
[eva:garbled-mix:write] quicklz.c:164: 
  Assigning imprecise value to *((ui32 *)dst)
  (pointing to __malloc_main_l28 with offsets {56; 64; 72; 80; 88; 96; 104;
                                               112; 120}).
  The imprecision originates from Misaligned
[eva:garbled-mix:write] quicklz.c:161: 
  Assigning imprecise value to *((ui32 *)dst)
  (pointing to __malloc_main_l28 with offsets {56; 64; 72; 80; 88; 96; 104;
                                               112; 120}).
  The imprecision originates from Misaligned
[eva:garbled-mix:write] quicklz.c:472: 
  Assigning imprecise value to *dst
  (pointing to __malloc_main_l28 with offsets {56; 64; 72; 80; 88; 96; 104;
                                               112; 120}).
  The imprecision originates from Misaligned
[eva:garbled-mix:write] quicklz.c:441: 
  Assigning imprecise value to *dst
  (pointing to __malloc_main_l28 with offsets [56..83192],0%8).
  The imprecision originates from Misaligned
[eva:garbled-mix:write] quicklz.c:167: 
  Assigning imprecise value to *((ui16 *)dst)
  (pointing to __malloc_main_l28 with offsets [56..83184],0%8).
  The imprecision originates from Misaligned
[eva:garbled-mix:write] quicklz.c:164: 
  Assigning imprecise value to *((ui32 *)dst)
  (pointing to __malloc_main_l28 with offsets [56..83168],0%8).
  The imprecision originates from Misaligned
[eva:garbled-mix:write] quicklz.c:161: 
  Assigning imprecise value to *((ui32 *)dst)
  (pointing to __malloc_main_l28 with offsets [56..83168],0%8).
  The imprecision originates from Misaligned
[eva:garbled-mix:write] quicklz.c:472: 
  Assigning imprecise value to *dst
  (pointing to __malloc_main_l28 with offsets [56..83192],0%8).
  The imprecision originates from Misaligned
[eva] quicklz.c:394: Trace partitioning superposing up to 200 states
[eva:alarm] quicklz.c:276: Warning: 
  pointer comparison.
  assert
  \pointer_comparable((void *)src, (void *)(source + (size_t)(size >> 1)));
[eva:alarm] quicklz.c:537: Warning: out of bounds read. assert \valid_read(src);
[eva:garbled-mix:write] quicklz.c:537: 
  Assigning imprecise value to *dst
  (pointing to __malloc_main_l28 with offsets {56}).
  The imprecision originates from Misaligned
[eva:garbled-mix:write] quicklz.c:537: 
  Assigning imprecise value to *dst
  (pointing to __malloc_main_l28 with offsets [64..83192],0%8).
  The imprecision originates from Misaligned
[eva:garbled-mix:write] quicklz.c:537: 
  Assigning imprecise value to *dst
  (pointing to __malloc_main_l28 with offsets [96..83192],0%8).
  The imprecision originates from Misaligned
[eva:garbled-mix:write] quicklz.c:441: 
  Assigning imprecise value to *dst
  (pointing to __malloc_main_l28 with offsets {104}).
  The imprecision originates from Misaligned
[eva:garbled-mix:write] quicklz.c:167: 
  Assigning imprecise value to *((ui16 *)dst)
  (pointing to __malloc_main_l28 with offsets {104}).
  The imprecision originates from Misaligned
[eva:garbled-mix:write] quicklz.c:164: 
  Assigning imprecise value to *((ui32 *)dst)
  (pointing to __malloc_main_l28 with offsets {104}).
  The imprecision originates from Misaligned
[eva:garbled-mix:write] quicklz.c:161: 
  Assigning imprecise value to *((ui32 *)dst)
  (pointing to __malloc_main_l28 with offsets {104}).
  The imprecision originates from Misaligned
[eva:garbled-mix:write] quicklz.c:472: 
  Assigning imprecise value to *dst
  (pointing to __malloc_main_l28 with offsets {104}).
  The imprecision originates from Misaligned
[eva:garbled-mix:write] quicklz.c:441: 
  Assigning imprecise value to *dst
  (pointing to __malloc_main_l28 with offsets {104; 112; 120; 128; 136}).
  The imprecision originates from Misaligned
[eva:garbled-mix:write] quicklz.c:167: 
  Assigning imprecise value to *((ui16 *)dst)
  (pointing to __malloc_main_l28 with offsets {104; 112; 120; 128; 136}).
  The imprecision originates from Misaligned
[eva:garbled-mix:write] quicklz.c:164: 
  Assigning imprecise value to *((ui32 *)dst)
  (pointing to __malloc_main_l28 with offsets {104; 112; 120; 128; 136}).
  The imprecision originates from Misaligned
[eva:garbled-mix:write] quicklz.c:161: 
  Assigning imprecise value to *((ui32 *)dst)
  (pointing to __malloc_main_l28 with offsets {104; 112; 120; 128; 136}).
  The imprecision originates from Misaligned
[eva:garbled-mix:write] quicklz.c:472: 
  Assigning imprecise value to *dst
  (pointing to __malloc_main_l28 with offsets {104; 112; 120; 128; 136}).
  The imprecision originates from Misaligned
[eva:garbled-mix:write] quicklz.c:441: 
  Assigning imprecise value to *dst
  (pointing to __malloc_main_l28 with offsets {104; 112; 120; 128; 136; 144;
                                               152; 160; 168}).
  The imprecision originates from Misaligned
[eva:garbled-mix:write] quicklz.c:167: 
  Assigning imprecise value to *((ui16 *)dst)
  (pointing to __malloc_main_l28 with offsets {104; 112; 120; 128; 136; 144;
                                               152; 160; 168}).
  The imprecision originates from Misaligned
[eva:garbled-mix:write] quicklz.c:164: 
  Assigning imprecise value to *((ui32 *)dst)
  (pointing to __malloc_main_l28 with offsets {104; 112; 120; 128; 136; 144;
                                               152; 160; 168}).
  The imprecision originates from Misaligned
[eva:garbled-mix:write] quicklz.c:161: 
  Assigning imprecise value to *((ui32 *)dst)
  (pointing to __malloc_main_l28 with offsets {104; 112; 120; 128; 136; 144;
                                               152; 160; 168}).
  The imprecision originates from Misaligned
[eva:garbled-mix:write] quicklz.c:472: 
  Assigning imprecise value to *dst
  (pointing to __malloc_main_l28 with offsets {104; 112; 120; 128; 136; 144;
                                               152; 160; 168}).
  The imprecision originates from Misaligned
[eva:garbled-mix:write] quicklz.c:441: 
  Assigning imprecise value to *dst
  (pointing to __malloc_main_l28 with offsets [104..83192],0%8).
  The imprecision originates from Misaligned
[eva:garbled-mix:write] quicklz.c:167: 
  Assigning imprecise value to *((ui16 *)dst)
  (pointing to __malloc_main_l28 with offsets [104..83184],0%8).
  The imprecision originates from Misaligned
[eva:garbled-mix:write] quicklz.c:164: 
  Assigning imprecise value to *((ui32 *)dst)
  (pointing to __malloc_main_l28 with offsets [104..83168],0%8).
  The imprecision originates from Misaligned
[eva:garbled-mix:write] quicklz.c:161: 
  Assigning imprecise value to *((ui32 *)dst)
  (pointing to __malloc_main_l28 with offsets [104..83168],0%8).
  The imprecision originates from Misaligned
[eva:garbled-mix:write] quicklz.c:472: 
  Assigning imprecise value to *dst
  (pointing to __malloc_main_l28 with offsets [104..83192],0%8).
  The imprecision originates from Misaligned
[eva:garbled-mix:write] quicklz.c:537: 
  Assigning imprecise value to *dst
  (pointing to __malloc_main_l28 with offsets [112..83192],0%8).
  The imprecision originates from Misaligned
[eva:garbled-mix:write] quicklz.c:537: 
  Assigning imprecise value to *dst
  (pointing to __malloc_main_l28 with offsets [144..83192],0%8).
  The imprecision originates from Misaligned
[eva:alarm] quicklz.c:774: Warning: 
  function memcpy: precondition 'valid_src' got status unknown.
[eva] stream_compress.c:35: starting to merge loop iterations
[eva:garbled-mix:write] quicklz.c:117: 
  Assigning imprecise value to __retres.
  The imprecision originates from Misaligned {quicklz.c:419}
[eva:garbled-mix:write] quicklz.c:116: 
  Assigning imprecise value to \result<fast_read>.
  The imprecision originates from Misaligned {quicklz.c:419}
[eva:garbled-mix:write] quicklz.c:269: 
  Assigning imprecise value to fetch.
  The imprecision originates from Misaligned {quicklz.c:419}
[eva:garbled-mix:write] quicklz.c:376: 
  Assigning imprecise value to fetch.
  The imprecision originates from Misaligned {quicklz.c:419}
[eva:garbled-mix:write] quicklz.c:95: 
  Assigning imprecise value to __retres.
  The imprecision originates from Misaligned {quicklz.c:419}
[eva:garbled-mix:write] quicklz.c:95: 
  Assigning imprecise value to \result<hash_func>.
  The imprecision originates from Misaligned {quicklz.c:419}
[eva:garbled-mix:write] quicklz.c:377: 
  Assigning imprecise value to hash.
  The imprecision originates from Misaligned {quicklz.c:419}
[eva:garbled-mix:write] quicklz.c:537: 
  Assigning imprecise value to *dst
  (pointing to __malloc_main_l28 with offsets {56}).
  The imprecision originates from Misaligned {quicklz.c:419}
[eva:garbled-mix:write] quicklz.c:537: 
  Assigning imprecise value to *dst
  (pointing to __malloc_main_l28 with offsets {64}).
  The imprecision originates from Misaligned {quicklz.c:419}
[eva:garbled-mix:write] quicklz.c:537: 
  Assigning imprecise value to *dst
  (pointing to __malloc_main_l28 with offsets {72}).
  The imprecision originates from Misaligned {quicklz.c:419}
[eva:garbled-mix:write] quicklz.c:537: 
  Assigning imprecise value to *dst
  (pointing to __malloc_main_l28 with offsets {80}).
  The imprecision originates from Misaligned {quicklz.c:419}
[eva:garbled-mix:write] quicklz.c:537: 
  Assigning imprecise value to *dst
  (pointing to __malloc_main_l28 with offsets {88}).
  The imprecision originates from Misaligned {quicklz.c:419}
[eva:garbled-mix:write] quicklz.c:537: 
  Assigning imprecise value to *dst
  (pointing to __malloc_main_l28 with offsets {88; 96}).
  The imprecision originates from Misaligned {quicklz.c:419}
[eva:garbled-mix:write] quicklz.c:537: 
  Assigning imprecise value to *dst
  (pointing to __malloc_main_l28 with offsets {88; 96; 104}).
  The imprecision originates from Misaligned {quicklz.c:419}
[eva:garbled-mix:write] quicklz.c:537: 
  Assigning imprecise value to *dst
  (pointing to __malloc_main_l28 with offsets {88; 96; 104; 112}).
  The imprecision originates from Misaligned {quicklz.c:419}
[eva:garbled-mix:write] quicklz.c:537: 
  Assigning imprecise value to *dst
  (pointing to __malloc_main_l28 with offsets [88..83192],0%8).
  The imprecision originates from Misaligned {quicklz.c:419}
[eva:garbled-mix:write] quicklz.c:421: 
  Assigning imprecise value to state->hash_counter[hash]
  (pointing to __malloc_main_l19 with offsets [0..4307128];
  __malloc_main_l24 with offsets [0..79992]).
  The imprecision originates from Misaligned
[eva:garbled-mix:write] quicklz.c:432: 
  Assigning imprecise value to state->hash_counter[hash]
  (pointing to __malloc_main_l19 with offsets [0..4307128];
  __malloc_main_l24 with offsets [0..79992]).
  The imprecision originates from Misaligned
[eva:alarm] quicklz.c:769: Warning: 
  function memcpy: precondition 'separation' got status unknown.
[kernel] quicklz.c:769: 
  writing somewhere in {NULL; __malloc_main_l19; __malloc_main_l24} because of Misaligned.
[eva:alarm] quicklz.c:371: Warning: 
  pointer subtraction. assert \base_addr(last_byte - 4) ≡ \base_addr(src);
[eva:alarm] quicklz.c:371: Warning: 
  pointer subtraction. assert \base_addr(last_byte - 4) ≡ \base_addr(src);
[eva:alarm] quicklz.c:276: Warning: 
  pointer subtraction. assert \base_addr(src) ≡ \base_addr(source);
[eva] using specification for function fclose
[eva:alarm] stream_compress.c:45: Warning: 
  function fclose: precondition 'valid_stream' got status unknown.
[scope:rm_asserts] removing 16 assertion(s)
[eva] ====== VALUES COMPUTED ======
[eva:final-states] Values at end of function fast_read:
  __retres ∈
          {{ garbled mix of &{__malloc_main_l19; __malloc_main_l24}
           (origin: Misaligned) }}
[eva:final-states] Values at end of function fast_write:
  __malloc_main_l28[0] ∈ {2; 3; 124; 125; 126; 127} or UNINITIALIZED
                   [1..2] ∈ [--..--] or UNINITIALIZED
                   [3..10399] ∈
                   {{ garbled mix of &{__malloc_main_l19; __malloc_main_l24}
                    (origin: Misaligned) }} or UNINITIALIZED
[eva:final-states] Values at end of function hash_func:
  __retres ∈
          {{ garbled mix of &{__malloc_main_l19; __malloc_main_l24}
           (origin: Misaligned) }}
[eva:final-states] Values at end of function hashat:
  fetch ∈
       {{ garbled mix of &{__malloc_main_l19; __malloc_main_l24}
        (origin: Misaligned) }}
  hash ∈
      {{ garbled mix of &{__malloc_main_l19; __malloc_main_l24}
       (origin: Misaligned) }}
[eva:final-states] Values at end of function qlz_compress_core:
  last_byte ∈
           {{ &__malloc_main_l19 + [0..548387] ;
              &__malloc_main_l24 + [0..19995] }}
  src ∈
     {{ &__malloc_main_l19 + [1..--] ; &__malloc_main_l24 + [1..548387] }}
  cword_ptr ∈ {{ &__malloc_main_l28 + [3..10400] }}
  dst ∈ {{ &__malloc_main_l28 + [8..10400] }}
  cword_val ∈ [1..4294967295],1%2
  last_matchstart ∈
                 {{ garbled mix of &{__malloc_main_l19; __malloc_main_l24}
                  (origin: Misaligned) }}
  fetch ∈
       {{ garbled mix of &{__malloc_main_l19; __malloc_main_l24}
        (origin: Misaligned) }}
  lits ∈ {0}
  __retres ∈ [0..10397]
  __malloc_main_l19.stream_buffer[0..9999] ∈
                   {{ garbled mix of &{__malloc_main_l19; __malloc_main_l24}
                    (origin: Misaligned) }} or UNINITIALIZED
                   .stream_counter ∈
                   {{ garbled mix of &{__malloc_main_l19; __malloc_main_l24}
                    (origin: Misaligned) }}
                   {.hash[0..4095]; .hash_counter[0..4095]} ∈
                   {{ garbled mix of &{__malloc_main_l19; __malloc_main_l24}
                    (origin: Misaligned) }} or UNINITIALIZED
  __malloc_main_l24[0..9999] ∈
                   {{ garbled mix of &{__malloc_main_l19; __malloc_main_l24}
                    (origin: Misaligned) }} or UNINITIALIZED
  __malloc_main_l28[0] ∈ {124; 125; 126; 127} or UNINITIALIZED
                   [1..2] ∈ [--..--] or UNINITIALIZED
                   [3..10399] ∈
                   {{ garbled mix of &{__malloc_main_l19; __malloc_main_l24}
                    (origin: Misaligned) }} or UNINITIALIZED
[eva:final-states] Values at end of function reset_table_compress:
  i ∈ {4096}
  __malloc_main_l19.stream_buffer[0..9999] ∈
                   {{ garbled mix of &{__malloc_main_l19; __malloc_main_l24}
                    (origin: Misaligned) }} or UNINITIALIZED
                   .stream_counter ∈
                   {{ garbled mix of &{__malloc_main_l19; __malloc_main_l24}
                    (origin: Misaligned) }}
                   .hash[0..4095] ∈
                   {{ garbled mix of &{__malloc_main_l19; __malloc_main_l24}
                    (origin: Misaligned) }} or UNINITIALIZED
                   .hash_counter[0..3] ∈ {0}
                   .hash_counter[4..4095] ∈
                   {{ garbled mix of &{__malloc_main_l19; __malloc_main_l24}
                    (origin: Misaligned) }} or UNINITIALIZED
[eva:final-states] Values at end of function qlz_compress:
  r ∈ [4..10400]
  compressed ∈ {0; 1}
  base ∈ {3; 9}
  __retres ∈ [4..10400]
  __malloc_main_l19.stream_buffer[0..9999] ∈
                   {{ garbled mix of &{__malloc_main_l19; __malloc_main_l24}
                    (origin: Misaligned) }} or UNINITIALIZED
                   .stream_counter ∈
                   {{ garbled mix of &{__malloc_main_l19; __malloc_main_l24}
                    (origin: Misaligned) }}
                   {.hash[0..4095]; .hash_counter[0..4095]} ∈
                   {{ garbled mix of &{__malloc_main_l19; __malloc_main_l24}
                    (origin: Misaligned) }} or UNINITIALIZED
  __malloc_main_l24[0..9999] ∈
                   {{ garbled mix of &{__malloc_main_l19; __malloc_main_l24}
                    (origin: Misaligned) }} or UNINITIALIZED
  __malloc_main_l28[0] ∈ {124; 125; 126; 127}
                   [1..2] ∈ [--..--]
                   [3..10399] ∈
                   {{ garbled mix of &{__malloc_main_l19; __malloc_main_l24}
                    (origin: Misaligned) }} or UNINITIALIZED
[eva:final-states] Values at end of function main:
  __fc_fopen[0..15] ∈ [--..--]
  __fc_heap_status ∈ [--..--]
  __fc_random_counter ∈ [--..--]
  ifile ∈
       {{ &__fc_fopen{[0], [1], [2], [3], [4], [5], [6], [7], [8], [9], [10],
                      [11], [12], [13], [14], [15]} }}
  ofile ∈
       {{ &__fc_fopen{[0], [1], [2], [3], [4], [5], [6], [7], [8], [9], [10],
                      [11], [12], [13], [14], [15]} }}
  file_data ∈ {{ &__malloc_main_l24[0] }}
  compressed ∈ {{ NULL ; &__malloc_main_l28[0] }}
  d ∈ {0}
  c ∈ [4..10400] or UNINITIALIZED
  state_compress ∈ {{ NULL ; &__malloc_main_l19 }}
  __retres ∈ {0}
  S___fc_stdout[0..1] ∈ [--..--]
  __malloc_main_l19 ∈
                   {{ garbled mix of &{__malloc_main_l19; __malloc_main_l24}
                    (origin: Misaligned) }} or UNINITIALIZED
  __malloc_main_l24[0..9999] ∈
                   {{ garbled mix of &{__malloc_main_l19; __malloc_main_l24}
                    (origin: Misaligned) }} or UNINITIALIZED
  __malloc_main_l28[0] ∈ {124; 125; 126; 127} or UNINITIALIZED
                   [1..2] ∈ [--..--] or UNINITIALIZED
                   [3..10399] ∈
                   {{ garbled mix of &{__malloc_main_l19; __malloc_main_l24}
                    (origin: Misaligned) }} or UNINITIALIZED
[eva:final-states] Values at end of function eva_main:
  __fc_fopen[0..15] ∈ [--..--]
  __fc_heap_status ∈ [--..--]
  __fc_random_counter ∈ [--..--]
  Frama_C_entropy_source ∈ [--..--]
  argc ∈ {0; 1; 2; 3; 4; 5}
  argv0[0..254] ∈ [--..--]
       [255] ∈ {0}
  argv1[0..254] ∈ [--..--]
       [255] ∈ {0}
  argv2[0..254] ∈ [--..--]
       [255] ∈ {0}
  argv3[0..254] ∈ [--..--]
       [255] ∈ {0}
  argv4[0..254] ∈ [--..--]
       [255] ∈ {0}
  argv[0] ∈ {{ &argv0[0] }}
      [1] ∈ {{ &argv1[0] }}
      [2] ∈ {{ &argv2[0] }}
      [3] ∈ {{ &argv3[0] }}
      [4] ∈ {{ &argv4[0] }}
      [5] ∈ {0}
  S___fc_stdout[0..1] ∈ [--..--]
  __malloc_main_l19 ∈
                   {{ garbled mix of &{__malloc_main_l19; __malloc_main_l24}
                    (origin: Misaligned) }} or UNINITIALIZED
  __malloc_main_l24[0..9999] ∈
                   {{ garbled mix of &{__malloc_main_l19; __malloc_main_l24}
                    (origin: Misaligned) }} or UNINITIALIZED
  __malloc_main_l28[0] ∈ {124; 125; 126; 127} or UNINITIALIZED
                   [1..2] ∈ [--..--] or UNINITIALIZED
                   [3..10399] ∈
                   {{ garbled mix of &{__malloc_main_l19; __malloc_main_l24}
                    (origin: Misaligned) }} or UNINITIALIZED
[eva:summary] ====== ANALYSIS SUMMARY ======
  ----------------------------------------------------------------------------
  9 functions analyzed (out of 18): 50% coverage.
  In these functions, 276 statements reached (out of 294): 93% coverage.
  ----------------------------------------------------------------------------
  Some errors and warnings have been raised during the analysis:
    by the Eva analyzer:      0 errors    0 warnings
    by the Frama-C kernel:    0 errors    2 warnings
  ----------------------------------------------------------------------------
  75 alarms generated by the analysis:
      21 invalid memory accesses
      20 accesses out of bounds index
      14 accesses to uninitialized left-values
       8 integer overflows
      12 others
  ----------------------------------------------------------------------------
  Evaluation of the logical properties reached by the analysis:
    Assertions        0 valid     0 unknown     0 invalid      0 total
    Preconditions    15 valid     8 unknown     0 invalid     23 total
  65% of the logical properties reached have been proven.
  ----------------------------------------------------------------------------
11.52user 0.25system 0:11.77elapsed 99%CPU (0avgtext+0avgdata 252572maxresident)k
0inputs+2912outputs (0major+60493minor)pagefaults 0swaps
