[kernel] Parsing stubs.c (with preprocessing)
[kernel] Parsing examples/example1.c (with preprocessing)
[kernel] Parsing miniz.c (with preprocessing)
[kernel] Parsing miniz_tdef.c (with preprocessing)
[kernel] Parsing miniz_tinfl.c (with preprocessing)
[eva] Option -eva-precision 0 detected, automatic configuration of the analysis:
  option -eva-min-loop-unroll already set to 1 (not modified).
  option -eva-auto-loop-unroll already set to 403 (not modified).
  option -eva-widening-delay already set to 21 (not modified).
  option -eva-partition-history set to 0 (default value).
  option -eva-slevel set to 0 (default value).
  option -eva-ilevel already set to 513 (not modified).
  option -eva-plevel already set to 2907 (not modified).
  option -eva-subdivide-non-linear already set to 260 (not modified).
  option -eva-remove-redundant-alarms set to false.
  option -eva-domains already set to '@default,cvalue,equality,gauges,octagon,symbolic-locations' (not modified).
  option -eva-split-return already set to 'auto' (not modified).
  option -eva-equality-through-calls set to 'none'.
  option -eva-octagon-through-calls already set to true (not modified).
[eva] Splitting return states on:
  \return(Frama_C_nondet_ptr) == 0 (auto)
  \return(Frama_C_malloc_fresh) == 0 (auto)
  \return(tmpfile) == 0 (auto)
  \return(tmpnam) == 0 (auto)
  \return(fopen) == 0 (auto)
  \return(fdopen) == 0 (auto)
  \return(freopen) == 0 (auto)
  \return(fgets) == 0 (auto)
  \return(gets) == 0 (auto)
  \return(popen) == 0 (auto)
  \return(fmemopen) == 0 (auto)
  \return(signal) == 0 (auto)
  \return(asctime) == 0 (auto)
  \return(ctime) == 0 (auto)
  \return(gmtime) == 0 (auto)
  \return(localtime) == 0 (auto)
  \return(gmtime_r) == 0 (auto)
  \return(localtime_r) == 0 (auto)
  \return(mz_version) == 0 (auto)
  \return(mz_deflateInit) == 0, 1 (auto)
  \return(mz_deflate) == 0, 1 (auto)
  \return(mz_compress) == 0 (auto)
  \return(mz_inflateInit) == -5, 0, 1 (auto)
  \return(mz_inflate) == -5, 0, 1 (auto)
  \return(mz_uncompress) == 0 (auto)
  \return(mz_error) == 0 (auto)
  \return(seed48) == 0 (auto)
  \return(calloc) == 0 (auto)
  \return(malloc) == 0 (auto)
  \return(realloc) == 0 (auto)
  \return(reallocarray) == 0 (auto)
  \return(getenv) == 0 (auto)
  \return(bsearch) == 0 (auto)
  \return(memcmp) == 0 (auto)
  \return(memchr) == 0 (auto)
  \return(memcpy) == 0 (auto)
  \return(mempcpy) == 0 (auto)
  \return(memmove) == 0 (auto)
  \return(memset) == 0 (auto)
  \return(strchr) == 0 (auto)
  \return(strchrnul) == 0 (auto)
  \return(strrchr) == 0 (auto)
  \return(strpbrk) == 0 (auto)
  \return(strstr) == 0 (auto)
  \return(strcasestr) == 0 (auto)
  \return(strtok) == 0 (auto)
  \return(strtok_r) == 0 (auto)
  \return(strsep) == 0 (auto)
  \return(strerror) == 0 (auto)
  \return(strcpy) == 0 (auto)
  \return(strncpy) == 0 (auto)
  \return(stpcpy) == 0 (auto)
  \return(strcat) == 0 (auto)
  \return(strncat) == 0 (auto)
  \return(strdup) == 0 (auto)
  \return(strndup) == 0 (auto)
  \return(strsignal) == 0 (auto)
  \return(miniz_def_alloc_func) == 0 (auto)
  \return(miniz_def_realloc_func) == 0 (auto)
  \return(tdefl_compress_mem_to_heap) == 0 (auto)
  \return(tdefl_write_image_to_png_file_in_memory_ex) == 0 (auto)
  \return(tdefl_write_image_to_png_file_in_memory) == 0 (auto)
  \return(tdefl_compress_mem_to_output) == 0 (auto)
  \return(tdefl_compress) == 1 (auto)
  \return(tdefl_compressor_alloc) == 0 (auto)
  \return(tinfl_decompress_mem_to_heap) == 0 (auto)
  \return(tinfl_decompressor_alloc) == 0 (auto)
  \return(tinfl_decompress) == 0, 1, 2 (auto)
  \return(tdefl_radix_sort_syms) == 0 (auto)
  \return(tdefl_compress_block) == 0 (auto)
  \return(tdefl_flush_block) == 0 (auto)
  \return(tdefl_compress_fast) == 0 (auto)
  \return(tdefl_compress_normal) == 0 (auto)
  \return(tdefl_output_buffer_putter) == 0 (auto)
[eva] Analyzing a complete application starting at eva_main
[eva:initial-state] Values of globals at initialization
  s_pStr ∈
        {{ "Good morning Dr. Chandra. This is Hal. I am ready for my first lesson.Good morning Dr. Chandra. This is Hal. I am ready for my first lesson.Good morning Dr. Chandra. This is Hal. I am ready for my first lesson.Good morning Dr. Chandra. This is Hal. I am ready for my first lesson.Good morning Dr. Chandra. This is Hal. I am ready for my first lesson.Good morning Dr. Chandra. This is Hal. I am ready for my first lesson.Good morning Dr. Chandra. This is Hal. I am ready for my first lesson." }}
  mz_crc32_s_crc_table[0] ∈ {0}
                      [1] ∈ {1996959894}
                      [2] ∈ {3993919788}
                      [3] ∈ {2567524794}
                      [4] ∈ {124634137}
                      [5] ∈ {1886057615}
                      [6] ∈ {3915621685}
                      [7] ∈ {2657392035}
                      [8] ∈ {249268274}
                      [9] ∈ {2044508324}
                      [10] ∈ {3772115230}
                      [11] ∈ {2547177864}
                      [12] ∈ {162941995}
                      [13] ∈ {2125561021}
                      [14] ∈ {3887607047}
                      [15] ∈ {2428444049}
                      [16] ∈ {498536548}
                      [17] ∈ {1789927666}
                      [18] ∈ {4089016648}
                      [19] ∈ {2227061214}
                      [20] ∈ {450548861}
                      [21] ∈ {1843258603}
                      [22] ∈ {4107580753}
                      [23] ∈ {2211677639}
                      [24] ∈ {325883990}
                      [25] ∈ {1684777152}
                      [26] ∈ {4251122042}
                      [27] ∈ {2321926636}
                      [28] ∈ {335633487}
                      [29] ∈ {1661365465}
                      [30] ∈ {4195302755}
                      [31] ∈ {2366115317}
                      [32] ∈ {997073096}
                      [33] ∈ {1281953886}
                      [34] ∈ {3579855332}
                      [35] ∈ {2724688242}
                      [36] ∈ {1006888145}
                      [37] ∈ {1258607687}
                      [38] ∈ {3524101629}
                      [39] ∈ {2768942443}
                      [40] ∈ {901097722}
                      [41] ∈ {1119000684}
                      [42] ∈ {3686517206}
                      [43] ∈ {2898065728}
                      [44] ∈ {853044451}
                      [45] ∈ {1172266101}
                      [46] ∈ {3705015759}
                      [47] ∈ {2882616665}
                      [48] ∈ {651767980}
                      [49] ∈ {1373503546}
                      [50] ∈ {3369554304}
                      [51] ∈ {3218104598}
                      [52] ∈ {565507253}
                      [53] ∈ {1454621731}
                      [54] ∈ {3485111705}
                      [55] ∈ {3099436303}
                      [56] ∈ {671266974}
                      [57] ∈ {1594198024}
                      [58] ∈ {3322730930}
                      [59] ∈ {2970347812}
                      [60] ∈ {795835527}
                      [61] ∈ {1483230225}
                      [62] ∈ {3244367275}
                      [63] ∈ {3060149565}
                      [64] ∈ {1994146192}
                      [65] ∈ {31158534}
                      [66] ∈ {2563907772}
                      [67] ∈ {4023717930}
                      [68] ∈ {1907459465}
                      [69] ∈ {112637215}
                      [70] ∈ {2680153253}
                      [71] ∈ {3904427059}
                      [72] ∈ {2013776290}
                      [73] ∈ {251722036}
                      [74] ∈ {2517215374}
                      [75] ∈ {3775830040}
                      [76] ∈ {2137656763}
                      [77] ∈ {141376813}
                      [78] ∈ {2439277719}
                      [79] ∈ {3865271297}
                      [80] ∈ {1802195444}
                      [81] ∈ {476864866}
                      [82] ∈ {2238001368}
                      [83] ∈ {4066508878}
                      [84] ∈ {1812370925}
                      [85] ∈ {453092731}
                      [86] ∈ {2181625025}
                      [87] ∈ {4111451223}
                      [88] ∈ {1706088902}
                      [89] ∈ {314042704}
                      [90] ∈ {2344532202}
                      [91] ∈ {4240017532}
                      [92] ∈ {1658658271}
                      [93] ∈ {366619977}
                      [94] ∈ {2362670323}
                      [95] ∈ {4224994405}
                      [96] ∈ {1303535960}
                      [97] ∈ {984961486}
                      [98] ∈ {2747007092}
                      [99] ∈ {3569037538}
                      [100] ∈ {1256170817}
                      [101] ∈ {1037604311}
                      [102] ∈ {2765210733}
                      [103] ∈ {3554079995}
                      [104] ∈ {1131014506}
                      [105] ∈ {879679996}
                      [106] ∈ {2909243462}
                      [107] ∈ {3663771856}
                      [108] ∈ {1141124467}
                      [109] ∈ {855842277}
                      [110] ∈ {2852801631}
                      [111] ∈ {3708648649}
                      [112] ∈ {1342533948}
                      [113] ∈ {654459306}
                      [114] ∈ {3188396048}
                      [115] ∈ {3373015174}
                      [116] ∈ {1466479909}
                      [117] ∈ {544179635}
                      [118] ∈ {3110523913}
                      [119] ∈ {3462522015}
                      [120] ∈ {1591671054}
                      [121] ∈ {702138776}
                      [122] ∈ {2966460450}
                      [123] ∈ {3352799412}
                      [124] ∈ {1504918807}
                      [125] ∈ {783551873}
                      [126] ∈ {3082640443}
                      [127] ∈ {3233442989}
                      [128] ∈ {3988292384}
                      [129] ∈ {2596254646}
                      [130] ∈ {62317068}
                      [131] ∈ {1957810842}
                      [132] ∈ {3939845945}
                      [133] ∈ {2647816111}
                      [134] ∈ {81470997}
                      [135] ∈ {1943803523}
                      [136] ∈ {3814918930}
                      [137] ∈ {2489596804}
                      [138] ∈ {225274430}
                      [139] ∈ {2053790376}
                      [140] ∈ {3826175755}
                      [141] ∈ {2466906013}
                      [142] ∈ {167816743}
                      [143] ∈ {2097651377}
                      [144] ∈ {4027552580}
                      [145] ∈ {2265490386}
                      [146] ∈ {503444072}
                      [147] ∈ {1762050814}
                      [148] ∈ {4150417245}
                      [149] ∈ {2154129355}
                      [150] ∈ {426522225}
                      [151] ∈ {1852507879}
                      [152] ∈ {4275313526}
                      [153] ∈ {2312317920}
                      [154] ∈ {282753626}
                      [155] ∈ {1742555852}
                      [156] ∈ {4189708143}
                      [157] ∈ {2394877945}
                      [158] ∈ {397917763}
                      [159] ∈ {1622183637}
                      [160] ∈ {3604390888}
                      [161] ∈ {2714866558}
                      [162] ∈ {953729732}
                      [163] ∈ {1340076626}
                      [164] ∈ {3518719985}
                      [165] ∈ {2797360999}
                      [166] ∈ {1068828381}
                      [167] ∈ {1219638859}
                      [168] ∈ {3624741850}
                      [169] ∈ {2936675148}
                      [170] ∈ {906185462}
                      [171] ∈ {1090812512}
                      [172] ∈ {3747672003}
                      [173] ∈ {2825379669}
                      [174] ∈ {829329135}
                      [175] ∈ {1181335161}
                      [176] ∈ {3412177804}
                      [177] ∈ {3160834842}
                      [178] ∈ {628085408}
                      [179] ∈ {1382605366}
                      [180] ∈ {3423369109}
                      [181] ∈ {3138078467}
                      [182] ∈ {570562233}
                      [183] ∈ {1426400815}
                      [184] ∈ {3317316542}
                      [185] ∈ {2998733608}
                      [186] ∈ {733239954}
                      [187] ∈ {1555261956}
                      [188] ∈ {3268935591}
                      [189] ∈ {3050360625}
                      [190] ∈ {752459403}
                      [191] ∈ {1541320221}
                      [192] ∈ {2607071920}
                      [193] ∈ {3965973030}
                      [194] ∈ {1969922972}
                      [195] ∈ {40735498}
                      [196] ∈ {2617837225}
                      [197] ∈ {3943577151}
                      [198] ∈ {1913087877}
                      [199] ∈ {83908371}
                      [200] ∈ {2512341634}
                      [201] ∈ {3803740692}
                      [202] ∈ {2075208622}
                      [203] ∈ {213261112}
                      [204] ∈ {2463272603}
                      [205] ∈ {3855990285}
                      [206] ∈ {2094854071}
                      [207] ∈ {198958881}
                      [208] ∈ {2262029012}
                      [209] ∈ {4057260610}
                      [210] ∈ {1759359992}
                      [211] ∈ {534414190}
                      [212] ∈ {2176718541}
                      [213] ∈ {4139329115}
                      [214] ∈ {1873836001}
                      [215] ∈ {414664567}
                      [216] ∈ {2282248934}
                      [217] ∈ {4279200368}
                      [218] ∈ {1711684554}
                      [219] ∈ {285281116}
                      [220] ∈ {2405801727}
                      [221] ∈ {4167216745}
                      [222] ∈ {1634467795}
                      [223] ∈ {376229701}
                      [224] ∈ {2685067896}
                      [225] ∈ {3608007406}
                      [226] ∈ {1308918612}
                      [227] ∈ {956543938}
                      [228] ∈ {2808555105}
                      [229] ∈ {3495958263}
                      [230] ∈ {1231636301}
                      [231] ∈ {1047427035}
                      [232] ∈ {2932959818}
                      [233] ∈ {3654703836}
                      [234] ∈ {1088359270}
                      [235] ∈ {936918000}
                      [236] ∈ {2847714899}
                      [237] ∈ {3736837829}
                      [238] ∈ {1202900863}
                      [239] ∈ {817233897}
                      [240] ∈ {3183342108}
                      [241] ∈ {3401237130}
                      [242] ∈ {1404277552}
                      [243] ∈ {615818150}
                      [244] ∈ {3134207493}
                      [245] ∈ {3453421203}
                      [246] ∈ {1423857449}
                      [247] ∈ {601450431}
                      [248] ∈ {3009837614}
                      [249] ∈ {3294710456}
                      [250] ∈ {1567103746}
                      [251] ∈ {711928724}
                      [252] ∈ {3020668471}
                      [253] ∈ {3272380065}
                      [254] ∈ {1510334235}
                      [255] ∈ {755167117}
  mz_error_s_error_descs[0]{.m_err; .[bits 32 to 63]} ∈ {0}
                        [0].m_pDesc ∈ {{ "" }}
                        [1].m_err ∈ {1}
                        [1].[bits 32 to 63] ∈ {0}
                        [1].m_pDesc ∈ {{ "stream end" }}
                        [2].m_err ∈ {2}
                        [2].[bits 32 to 63] ∈ {0}
                        [2].m_pDesc ∈ {{ "need dictionary" }}
                        [3].m_err ∈ {-1}
                        [3].[bits 32 to 63] ∈ {0}
                        [3].m_pDesc ∈ {{ "file error" }}
                        [4].m_err ∈ {-2}
                        [4].[bits 32 to 63] ∈ {0}
                        [4].m_pDesc ∈ {{ "stream error" }}
                        [5].m_err ∈ {-3}
                        [5].[bits 32 to 63] ∈ {0}
                        [5].m_pDesc ∈ {{ "data error" }}
                        [6].m_err ∈ {-4}
                        [6].[bits 32 to 63] ∈ {0}
                        [6].m_pDesc ∈ {{ "out of memory" }}
                        [7].m_err ∈ {-5}
                        [7].[bits 32 to 63] ∈ {0}
                        [7].m_pDesc ∈ {{ "buf error" }}
                        [8].m_err ∈ {-6}
                        [8].[bits 32 to 63] ∈ {0}
                        [8].m_pDesc ∈ {{ "version error" }}
                        [9].m_err ∈ {-10000}
                        [9].[bits 32 to 63] ∈ {0}
                        [9].m_pDesc ∈ {{ "parameter error" }}
  s_tdefl_len_sym[0] ∈ {257}
                 [1] ∈ {258}
                 [2] ∈ {259}
                 [3] ∈ {260}
                 [4] ∈ {261}
                 [5] ∈ {262}
                 [6] ∈ {263}
                 [7] ∈ {264}
                 [8..9] ∈ {265}
                 [10..11] ∈ {266}
                 [12..13] ∈ {267}
                 [14..15] ∈ {268}
                 [16..19] ∈ {269}
                 [20..23] ∈ {270}
                 [24..27] ∈ {271}
                 [28..31] ∈ {272}
                 [32..39] ∈ {273}
                 [40..47] ∈ {274}
                 [48..55] ∈ {275}
                 [56..63] ∈ {276}
                 [64..79] ∈ {277}
                 [80..95] ∈ {278}
                 [96..111] ∈ {279}
                 [112..127] ∈ {280}
                 [128..159] ∈ {281}
                 [160..191] ∈ {282}
                 [192..223] ∈ {283}
                 [224..254] ∈ {284}
                 [255] ∈ {285}
  s_tdefl_len_extra[0..7] ∈ {0}
                   [8..15] ∈ {1}
                   [16..31] ∈ {2}
                   [32..63] ∈ {3}
                   [64..127] ∈ {4}
                   [128..254] ∈ {5}
                   [255] ∈ {0}
  s_tdefl_small_dist_sym[0] ∈ {0}
                        [1] ∈ {1}
                        [2] ∈ {2}
                        [3] ∈ {3}
                        [4..5] ∈ {4}
                        [6..7] ∈ {5}
                        [8..11] ∈ {6}
                        [12..15] ∈ {7}
                        [16..23] ∈ {8}
                        [24..31] ∈ {9}
                        [32..47] ∈ {10}
                        [48..63] ∈ {11}
                        [64..95] ∈ {12}
                        [96..127] ∈ {13}
                        [128..191] ∈ {14}
                        [192..255] ∈ {15}
                        [256..383] ∈ {16}
                        [384..511] ∈ {17}
  s_tdefl_small_dist_extra[0..3] ∈ {0}
                          [4..7] ∈ {1}
                          [8..15] ∈ {2}
                          [16..31] ∈ {3}
                          [32..63] ∈ {4}
                          [64..127] ∈ {5}
                          [128..255] ∈ {6}
                          [256..511] ∈ {7}
  s_tdefl_large_dist_sym[0..1] ∈ {0}
                        [2] ∈ {18}
                        [3] ∈ {19}
                        [4..5] ∈ {20}
                        [6..7] ∈ {21}
                        [8..11] ∈ {22}
                        [12..15] ∈ {23}
                        [16..23] ∈ {24}
                        [24..31] ∈ {25}
                        [32..47] ∈ {26}
                        [48..63] ∈ {27}
                        [64..95] ∈ {28}
                        [96..127] ∈ {29}
  s_tdefl_large_dist_extra[0..1] ∈ {0}
                          [2..3] ∈ {8}
                          [4..7] ∈ {9}
                          [8..15] ∈ {10}
                          [16..31] ∈ {11}
                          [32..63] ∈ {12}
                          [64..127] ∈ {13}
  s_tdefl_packed_code_size_syms_swizzle[0] ∈ {16}
                                       [1] ∈ {17}
                                       [2] ∈ {18}
                                       [3] ∈ {0}
                                       [4] ∈ {8}
                                       [5] ∈ {7}
                                       [6] ∈ {9}
                                       [7] ∈ {6}
                                       [8] ∈ {10}
                                       [9] ∈ {5}
                                       [10] ∈ {11}
                                       [11] ∈ {4}
                                       [12] ∈ {12}
                                       [13] ∈ {3}
                                       [14] ∈ {13}
                                       [15] ∈ {2}
                                       [16] ∈ {14}
                                       [17] ∈ {1}
                                       [18] ∈ {15}
  mz_bitmasks[0] ∈ {0}
             [1] ∈ {1}
             [2] ∈ {3}
             [3] ∈ {7}
             [4] ∈ {15}
             [5] ∈ {31}
             [6] ∈ {63}
             [7] ∈ {127}
             [8] ∈ {255}
             [9] ∈ {511}
             [10] ∈ {1023}
             [11] ∈ {2047}
             [12] ∈ {4095}
             [13] ∈ {8191}
             [14] ∈ {16383}
             [15] ∈ {32767}
             [16] ∈ {65535}
  s_tdefl_num_probes[0] ∈ {0}
                    [1] ∈ {1}
                    [2] ∈ {6}
                    [3] ∈ {32}
                    [4] ∈ {16}
                    [5] ∈ {32}
                    [6] ∈ {128}
                    [7] ∈ {256}
                    [8] ∈ {512}
                    [9] ∈ {768}
                    [10] ∈ {1500}
  tdefl_write_image_to_png_file_in_memory_ex_s_tdefl_png_num_probes[0] ∈
                                                                   {0}
                                                                   [1] ∈
                                                                   {1}
                                                                   [2] ∈
                                                                   {6}
                                                                   [3] ∈
                                                                   {32}
                                                                   [4] ∈
                                                                   {16}
                                                                   [5] ∈
                                                                   {32}
                                                                   [6] ∈
                                                                   {128}
                                                                   [7] ∈
                                                                   {256}
                                                                   [8] ∈
                                                                   {512}
                                                                   [9] ∈
                                                                   {768}
                                                                   [10] ∈
                                                                   {1500}
  tdefl_write_image_to_png_file_in_memory_ex_chans[0..1] ∈ {0}
                                                  [2] ∈ {4}
                                                  [3] ∈ {2}
                                                  [4] ∈ {6}
  tinfl_decompress_s_length_base[0] ∈ {3}
                                [1] ∈ {4}
                                [2] ∈ {5}
                                [3] ∈ {6}
                                [4] ∈ {7}
                                [5] ∈ {8}
                                [6] ∈ {9}
                                [7] ∈ {10}
                                [8] ∈ {11}
                                [9] ∈ {13}
                                [10] ∈ {15}
                                [11] ∈ {17}
                                [12] ∈ {19}
                                [13] ∈ {23}
                                [14] ∈ {27}
                                [15] ∈ {31}
                                [16] ∈ {35}
                                [17] ∈ {43}
                                [18] ∈ {51}
                                [19] ∈ {59}
                                [20] ∈ {67}
                                [21] ∈ {83}
                                [22] ∈ {99}
                                [23] ∈ {115}
                                [24] ∈ {131}
                                [25] ∈ {163}
                                [26] ∈ {195}
                                [27] ∈ {227}
                                [28] ∈ {258}
                                [29..30] ∈ {0}
  tinfl_decompress_s_length_extra[0..7] ∈ {0}
                                 [8..11] ∈ {1}
                                 [12..15] ∈ {2}
                                 [16..19] ∈ {3}
                                 [20..23] ∈ {4}
                                 [24..27] ∈ {5}
                                 [28..30] ∈ {0}
  tinfl_decompress_s_dist_base[0] ∈ {1}
                              [1] ∈ {2}
                              [2] ∈ {3}
                              [3] ∈ {4}
                              [4] ∈ {5}
                              [5] ∈ {7}
                              [6] ∈ {9}
                              [7] ∈ {13}
                              [8] ∈ {17}
                              [9] ∈ {25}
                              [10] ∈ {33}
                              [11] ∈ {49}
                              [12] ∈ {65}
                              [13] ∈ {97}
                              [14] ∈ {129}
                              [15] ∈ {193}
                              [16] ∈ {257}
                              [17] ∈ {385}
                              [18] ∈ {513}
                              [19] ∈ {769}
                              [20] ∈ {1025}
                              [21] ∈ {1537}
                              [22] ∈ {2049}
                              [23] ∈ {3073}
                              [24] ∈ {4097}
                              [25] ∈ {6145}
                              [26] ∈ {8193}
                              [27] ∈ {12289}
                              [28] ∈ {16385}
                              [29] ∈ {24577}
                              [30..31] ∈ {0}
  tinfl_decompress_s_dist_extra[0..3] ∈ {0}
                               [4..5] ∈ {1}
                               [6..7] ∈ {2}
                               [8..9] ∈ {3}
                               [10..11] ∈ {4}
                               [12..13] ∈ {5}
                               [14..15] ∈ {6}
                               [16..17] ∈ {7}
                               [18..19] ∈ {8}
                               [20..21] ∈ {9}
                               [22..23] ∈ {10}
                               [24..25] ∈ {11}
                               [26..27] ∈ {12}
                               [28..29] ∈ {13}
                               [30..31] ∈ {0}
  tinfl_decompress_s_length_dezigzag[0] ∈ {16}
                                    [1] ∈ {17}
                                    [2] ∈ {18}
                                    [3] ∈ {0}
                                    [4] ∈ {8}
                                    [5] ∈ {7}
                                    [6] ∈ {9}
                                    [7] ∈ {6}
                                    [8] ∈ {10}
                                    [9] ∈ {5}
                                    [10] ∈ {11}
                                    [11] ∈ {4}
                                    [12] ∈ {12}
                                    [13] ∈ {3}
                                    [14] ∈ {13}
                                    [15] ∈ {2}
                                    [16] ∈ {14}
                                    [17] ∈ {1}
                                    [18] ∈ {15}
  tinfl_decompress_s_min_table_sizes[0] ∈ {257}
                                    [1] ∈ {1}
                                    [2] ∈ {4}
[eva] using specification for function Frama_C_interval
[eva] using specification for function Frama_C_make_unknown
[eva] using specification for function printf_va_1
[eva] examples/example1.c:34: allocating variable __malloc_main_l34
[eva] examples/example1.c:35: allocating variable __malloc_main_l35
[eva] FRAMAC_SHARE/libc/string.h:134: 
  cannot evaluate ACSL term, unsupported ACSL construct: logic function memset
[eva] miniz.c:169: allocating variable __malloc_miniz_def_alloc_func_l169
[eva] miniz.c:191: cannot properly split on \result == 0
[eva:alarm] miniz.c:253: Warning: 
  accessing uninitialized left-value.
  assert
  \initialized(&((tdefl_compressor *)pStream->state)->m_prev_return_status);
[eva:alarm] miniz_tdef.c:1268: Warning: 
  accessing uninitialized left-value. assert \initialized(&d->m_pPut_buf_func);
[eva:alarm] miniz_tdef.c:1269: Warning: 
  accessing uninitialized left-value.
  assert \initialized(&d->m_wants_to_finish);
[eva:alarm] miniz_tdef.c:1279: Warning: 
  accessing uninitialized left-value.
  assert \initialized(&d->m_output_flush_remaining);
[eva:alarm] miniz_tdef.c:1279: Warning: 
  accessing uninitialized left-value. assert \initialized(&d->m_finished);
[eva:alarm] miniz_tdef.c:1283: Warning: 
  accessing uninitialized left-value. assert \initialized(&d->m_flags);
[eva:alarm] miniz_tdef.c:1092: Warning: 
  accessing uninitialized left-value.
  assert \initialized(&d->m_lookahead_size);
[eva:alarm] miniz_tdef.c:1092: Warning: 
  accessing uninitialized left-value. assert \initialized(&d->m_dict_size);
[eva:alarm] miniz_tdef.c:1118: Warning: 
  accessing uninitialized left-value. assert \initialized(&d->m_lookahead_pos);
[eva:loop-unroll:partial] miniz_tdef.c:1123: loop not completely unrolled
[eva] miniz_tdef.c:1115: starting to merge loop iterations
[eva:alarm] miniz_tdef.c:1126: Warning: 
  accessing uninitialized left-value.
  assert
  \initialized(&d->m_dict[(unsigned int)((mz_uint)(ins_pos_0 + 1) &
                                         TDEFL_LZ_DICT_SIZE_MASK)]);
[eva:alarm] miniz_tdef.c:1127: Warning: 
  accessing uninitialized left-value. assert \initialized(&d->m_hash[hash_0]);
[eva:alarm] miniz_tdef.c:1126: Warning: 
  accessing uninitialized left-value.
  assert
  \initialized(&d->m_dict[(unsigned int)(ins_pos_0 & TDEFL_LZ_DICT_SIZE_MASK)]);
[eva:alarm] miniz_tdef.c:1139: Warning: 
  accessing uninitialized left-value.
  assert \initialized(&d->m_saved_match_len);
[eva:alarm] miniz_tdef.c:759: Warning: 
  accessing uninitialized left-value.
  assert \initialized(&d->m_max_probes[(int)(match_len ≥ 32? 1: 0)]);
[eva] FRAMAC_SHARE/libc/string.h:101: 
  cannot evaluate ACSL term, unsupported ACSL construct: logic function memcmp
[eva:alarm] miniz_tdef.c:744: Warning: 
  accessing uninitialized left-value. assert \initialized(&ret);
[eva:alarm] miniz_tdef.c:750: Warning: 
  accessing uninitialized left-value. assert \initialized(&ret);
[eva] using specification for function __FC_assert
[eva:alarm] miniz_tdef.c:762: Warning: 
  function __FC_assert: precondition 'nonnull_c' got status unknown.
[eva:loop-unroll:auto] miniz_tdef.c:767: Automatic loop unrolling.
[eva:alarm] miniz_tdef.c:778: Warning: 
  accessing uninitialized left-value.
  assert \initialized(&d->m_next[probe_pos]);
[eva:alarm] miniz_tdef.c:1041: Warning: 
  accessing uninitialized left-value.
  assert \initialized(&d->m_total_lz_bytes);
[eva:alarm] miniz_tdef.c:1042: Warning: 
  accessing uninitialized left-value. assert \initialized(&d->m_pLZ_code_buf);
[eva:alarm] miniz_tdef.c:1043: Warning: 
  accessing uninitialized left-value. assert \initialized(&d->m_pLZ_flags);
[eva:alarm] miniz_tdef.c:1043: Warning: 
  accessing uninitialized left-value. assert \initialized(d->m_pLZ_flags);
[eva:alarm] miniz_tdef.c:1044: Warning: 
  accessing uninitialized left-value.
  assert \initialized(&d->m_num_flags_left);
[eva:alarm] miniz_tdef.c:1049: Warning: 
  accessing uninitialized left-value.
  assert \initialized(&d->m_huff_count[0][lit]);
[eva:alarm] miniz_tdef.c:1095: Warning: 
  accessing uninitialized left-value.
  assert
  \initialized(&d->m_dict[(unsigned int)(ins_pos & TDEFL_LZ_DICT_SIZE_MASK)]);
[eva:alarm] miniz_tdef.c:1095: Warning: 
  accessing uninitialized left-value.
  assert
  \initialized(&d->m_dict[(unsigned int)((mz_uint)(ins_pos + 1) &
                                         TDEFL_LZ_DICT_SIZE_MASK)]);
[eva:alarm] miniz_tdef.c:1100: Warning: 
  pointer comparison.
  assert \pointer_comparable((void *)pSrc, (void *)pSrc_end);
[eva:alarm] miniz_tdef.c:1107: Warning: 
  accessing uninitialized left-value. assert \initialized(&d->m_hash[hash]);
[eva:alarm] miniz_tdef.c:1102: Warning: 
  out of bounds read. assert \valid_read(tmp_0);
                      (tmp_0 from pSrc++)
[eva:loop-unroll:partial] miniz_tdef.c:1110: loop not completely unrolled
[eva] miniz_tdef.c:1100: starting to merge loop iterations
[eva:alarm] miniz_tdef.c:1117: Warning: 
  out of bounds read. assert \valid_read(tmp_1);
                      (tmp_1 from pSrc++)
[eva:alarm] miniz_tdef.c:779: Warning: 
  accessing uninitialized left-value.
  assert \initialized(&d->m_next[probe_pos]);
[eva:alarm] miniz_tdef.c:780: Warning: 
  accessing uninitialized left-value.
  assert \initialized(&d->m_next[probe_pos]);
[eva:loop-unroll:auto] miniz_tdef.c:789: Automatic loop unrolling.
[eva:alarm] miniz_tdef.c:799: Warning: 
  accessing uninitialized left-value. assert \initialized((mz_uint8 const *)p);
[eva:alarm] miniz_tdef.c:799: Warning: 
  accessing uninitialized left-value. assert \initialized((mz_uint8 const *)q);
[eva:loop-unroll:partial] miniz_tdef.c:780: loop not completely unrolled
[eva] miniz_tdef.c:767: starting to merge loop iterations
[eva:loop-unroll:partial] miniz_tdef.c:765: loop not completely unrolled
[eva] miniz_tdef.c:765: starting to merge loop iterations
[eva] miniz_tdef.c:789: starting to merge loop iterations
[eva] miniz_tdef.c:789: Trace partitioning superposing up to 100 states
[eva] miniz_tdef.c:789: Trace partitioning superposing up to 200 states
[eva] miniz_tdef.c:789: Trace partitioning superposing up to 300 states
[eva] miniz_tdef.c:789: Trace partitioning superposing up to 400 states
[eva] miniz_tdef.c:789: Trace partitioning superposing up to 500 states
[eva] miniz_tdef.c:789: Trace partitioning superposing up to 600 states
[eva] miniz_tdef.c:789: Trace partitioning superposing up to 700 states
[eva:alarm] miniz_tdef.c:1193: Warning: 
  accessing uninitialized left-value.
  assert \initialized(&d->m_dict[tmp_2]);
  (tmp_2 from
  ((cur_pos) < (sizeof((d->m_dict)) - 1))?cur_pos:sizeof(d->m_dict) - (unsigned long)1)
[eva:alarm] miniz_tdef.c:1207: Warning: 
  function __FC_assert: precondition 'nonnull_c' got status unknown.
[eva:loop-unroll:partial] miniz_tdef.c:1211: loop not completely unrolled
[eva] miniz_tdef.c:1088: starting to merge loop iterations
[eva:alarm] miniz_tdef.c:1194: Warning: 
  accessing uninitialized left-value.
  assert \initialized(&d->m_greedy_parsing);
[eva:alarm] miniz_tdef.c:1056: Warning: 
  function __FC_assert: precondition 'nonnull_c' got status unknown.
[eva:alarm] miniz_tdef.c:1076: Warning: 
  accessing uninitialized left-value.
  assert \initialized(&d->m_huff_count[1][tmp_1]);
  (tmp_1 from (match_dist < 512)?s0:s1)
[eva:alarm] miniz_tdef.c:1079: Warning: 
  accessing uninitialized left-value.
  assert
  \initialized(&d->m_huff_count[0][s_tdefl_len_sym[(mz_uint)(match_len -
                                                             TDEFL_MIN_MATCH_LEN)]]);
Command exited with non-zero status 124
1795.72user 4.11system 30:00.06elapsed 99%CPU (0avgtext+0avgdata 543060maxresident)k
0inputs+9944outputs (0major+259763minor)pagefaults 0swaps
