[kernel] Parsing stream_decompress.c (with preprocessing)
[kernel] Parsing quicklz.c (with preprocessing)
[kernel] Parsing fc_stubs.c (with preprocessing)
[eva] Option -eva-precision 0 detected, automatic configuration of the analysis:
  option -eva-min-loop-unroll set to 0 (default value).
  option -eva-auto-loop-unroll already set to 37 (not modified).
  option -eva-widening-delay already set to 7 (not modified).
  option -eva-partition-history set to 0 (default value).
  option -eva-slevel already set to 49 (not modified).
  option -eva-ilevel already set to 53 (not modified).
  option -eva-plevel already set to 136 (not modified).
  option -eva-subdivide-non-linear set to 0 (default value).
  option -eva-remove-redundant-alarms set to false.
  option -eva-domains already set to '@default,cvalue,equality,gauges,symbolic-locations' (not modified).
  option -eva-split-return already set to 'auto' (not modified).
  option -eva-equality-through-calls set to 'none'.
  option -eva-octagon-through-calls already set to true (not modified).
[eva] Splitting return states on:
  \return(tmpfile) == 0 (auto)
  \return(tmpnam) == 0 (auto)
  \return(fopen) == 0 (auto)
  \return(fdopen) == 0 (auto)
  \return(freopen) == 0 (auto)
  \return(fgets) == 0 (auto)
  \return(gets) == 0 (auto)
  \return(fread) == 0 (auto)
  \return(popen) == 0 (auto)
  \return(fmemopen) == 0 (auto)
  \return(seed48) == 0 (auto)
  \return(calloc) == 0 (auto)
  \return(malloc) == 0 (auto)
  \return(realloc) == 0 (auto)
  \return(reallocarray) == 0 (auto)
  \return(getenv) == 0 (auto)
  \return(bsearch) == 0 (auto)
  \return(memchr) == 0 (auto)
  \return(memcpy) == 0 (auto)
  \return(mempcpy) == 0 (auto)
  \return(memmove) == 0 (auto)
  \return(memset) == 0 (auto)
  \return(strchr) == 0 (auto)
  \return(strchrnul) == 0 (auto)
  \return(strrchr) == 0 (auto)
  \return(strpbrk) == 0 (auto)
  \return(strstr) == 0 (auto)
  \return(strcasestr) == 0 (auto)
  \return(strtok) == 0 (auto)
  \return(strtok_r) == 0 (auto)
  \return(strsep) == 0 (auto)
  \return(strerror) == 0 (auto)
  \return(strcpy) == 0 (auto)
  \return(strncpy) == 0 (auto)
  \return(stpcpy) == 0 (auto)
  \return(strcat) == 0 (auto)
  \return(strncat) == 0 (auto)
  \return(strdup) == 0 (auto)
  \return(strndup) == 0 (auto)
  \return(strsignal) == 0 (auto)
  \return(qlz_size_compressed) == 0 (auto)
  \return(Frama_C_nondet_ptr) == 0 (auto)
  \return(Frama_C_malloc_fresh) == 0 (auto)
  \return(fast_read) == 1 (auto)
[eva] Analyzing a complete application starting at eva_main
[eva:initial-state] Values of globals at initialization
  qlz_decompress_core_bitlut[0] ∈ {4}
                            [1] ∈ {0}
                            [2] ∈ {1}
                            [3] ∈ {0}
                            [4] ∈ {2}
                            [5] ∈ {0}
                            [6] ∈ {1}
                            [7] ∈ {0}
                            [8] ∈ {3}
                            [9] ∈ {0}
                            [10] ∈ {1}
                            [11] ∈ {0}
                            [12] ∈ {2}
                            [13] ∈ {0}
                            [14] ∈ {1}
                            [15] ∈ {0}
[eva] using specification for function Frama_C_interval
[eva] using specification for function Frama_C_make_unknown
[eva] stream_decompress.c:19: allocating variable __malloc_main_l19
[eva] using specification for function fopen
[eva] stream_decompress.c:27: allocating variable __malloc_main_l27
[eva] stream_decompress.c:30: allocating variable __malloc_main_l30
[eva] FRAMAC_SHARE/libc/string.h:134: 
  cannot evaluate ACSL term, unsupported ACSL construct: logic function memset
[eva:alarm] stream_decompress.c:34: Warning: 
  function memset: precondition 'valid_s' got status invalid.
[eva] using specification for function fread
[eva:alarm] stream_decompress.c:39: Warning: 
  function fread: precondition 'valid_ptr_block' got status invalid.
[eva:alarm] stream_decompress.c:39: Warning: 
  function fread: precondition 'valid_stream' got status invalid.
[eva:alarm] quicklz.c:189: Warning: 
  accessing uninitialized left-value. assert \initialized(source);
[eva:alarm] quicklz.c:117: Warning: 
  accessing uninitialized left-value. assert \initialized((ui32 *)src);
[eva] quicklz.c:116: cannot properly split on \result == 1
[eva] quicklz.c:192: cannot properly split on \result == 0
[eva:alarm] stream_decompress.c:42: Warning: 
  function fread: precondition 'valid_ptr_block' got status unknown.
[eva:alarm] quicklz.c:81: Warning: 
  accessing uninitialized left-value. assert \initialized(&i);
[eva:alarm] quicklz.c:824: Warning: 
  function memcpy: precondition 'valid_dest' got status unknown.
[eva:alarm] quicklz.c:824: Warning: 
  function memcpy: precondition 'valid_src' got status unknown.
[eva:invalid-assigns] quicklz.c:824: 
  Completely invalid destination
  for assigns clause *((char *)dest + (0 .. n - 1)). Ignoring.
[eva] FRAMAC_SHARE/libc/string.h:101: 
  cannot evaluate ACSL term, unsupported ACSL construct: logic function memcmp
[eva:loop-unroll:auto] quicklz.c:215: Automatic loop unrolling.
[eva:alarm] quicklz.c:217: Warning: 
  out of bounds read. assert \valid_read((ui32 *)(src + f));
[eva] quicklz.c:215: starting to merge loop iterations
[eva:alarm] quicklz.c:217: Warning: 
  out of bounds write. assert \valid((ui32 *)(dst + f));
[eva:alarm] quicklz.c:685: Warning: 
  pointer comparison.
  assert \pointer_comparable((void *)dst, (void *)last_matchstart);
[eva:alarm] quicklz.c:689: Warning: 
  accessing uninitialized left-value. assert \initialized((ui32 *)src);
[eva] quicklz.c:664: Trace partitioning superposing up to 100 states
[eva] quicklz.c:664: Trace partitioning superposing up to 200 states
[eva] quicklz.c:568: starting to merge loop iterations
[eva:alarm] quicklz.c:117: Warning: 
  out of bounds read. assert \valid_read((ui32 *)src);
[eva:alarm] quicklz.c:689: Warning: 
  out of bounds write. assert \valid((ui32 *)dst);
[eva:alarm] quicklz.c:702: Warning: 
  pointer comparison.
  assert \pointer_comparable((void *)dst, (void *)last_destination_byte);
[eva:alarm] quicklz.c:713: Warning: out of bounds write. assert \valid(dst);
[eva:alarm] quicklz.c:713: Warning: 
  accessing uninitialized left-value. assert \initialized(src);
[eva] quicklz.c:702: starting to merge loop iterations
[eva:alarm] quicklz.c:713: Warning: out of bounds read. assert \valid_read(src);
[eva:alarm] quicklz.c:839: Warning: 
  function memcpy: precondition 'valid_dest' got status unknown.
[eva:alarm] quicklz.c:839: Warning: 
  function memcpy: precondition 'valid_src' got status unknown.
[eva:alarm] quicklz.c:842: Warning: 
  function memcpy: precondition 'valid_dest' got status unknown.
[eva:alarm] quicklz.c:842: Warning: 
  function memcpy: precondition 'valid_src' got status unknown.
[eva:invalid-assigns] quicklz.c:842: 
  Completely invalid destination
  for assigns clause *((char *)dest + (0 .. n - 1)). Ignoring.
[eva] using specification for function printf_va_1
[eva] using specification for function fwrite
[eva:alarm] stream_decompress.c:45: Warning: 
  function fwrite: precondition 'valid_ptr_block' got status unknown.
[eva:alarm] stream_decompress.c:45: Warning: 
  function fwrite: precondition 'valid_stream' got status invalid.
[eva] stream_decompress.c:39: starting to merge loop iterations
[eva] using specification for function fclose
[eva:alarm] stream_decompress.c:48: Warning: 
  function fclose: precondition 'valid_stream' got status invalid.
[eva] quicklz.c:81: assertion 'Eva,initialization' got final status invalid.
[eva] ====== VALUES COMPUTED ======
[eva:final-states] Values at end of function fast_read:
  __retres ∈ [--..--]
[eva:final-states] Values at end of function memcpy_up:
  f ∈ [3..10005],0%3
  __malloc_main_l19 ∈ [--..--]
[eva:final-states] Values at end of function qlz_size_compressed:
  n ∈ {1; 4}
  r ∈ [--..--]
  __retres ∈ [0..4294967295]
[eva:final-states] Values at end of function qlz_size_decompressed:
  n ∈ {1; 4}
  r ∈ [--..--]
  __retres ∈ [0..4294967295]
[eva:final-states] Values at end of function qlz_size_header:
  n ∈ {3; 9}
[eva:final-states] Values at end of function qlz_decompress_core:
  src ∈ {{ &__malloc_main_l27 + [7..10400] }}
  dst ∈ {{ &__malloc_main_l19 + [0..18446744073709551615] }}
  last_destination_byte ∈
                       {{ &__malloc_main_l19 + [-1..18446744073709551614] }}
  cword_val ∈ [0..4294967294]
  last_matchstart ∈ {{ &__malloc_main_l19 + [-11..18446744073709551615] }}
  last_hashed ∈ {{ &__malloc_main_l19 + [-1..18446744073709551614] }}
  last_source_byte ∈ {{ &__malloc_main_l27 + [-1..4294967294] }}
  __retres ∈ [0..4294967295]
  __malloc_main_l19 ∈ [--..--]
[eva:final-states] Values at end of function reset_table_decompress:
  NON TERMINATING FUNCTION
[eva:final-states] Values at end of function qlz_decompress:
  dsiz ∈ [0..4294967295]
  __malloc_main_l19 ∈ [--..--]
  __malloc_main_l30[0..9999] ∈ [--..--] or UNINITIALIZED
[eva:final-states] Values at end of function main:
  __fc_fopen[0..15] ∈ [--..--]
  __fc_heap_status ∈ [--..--]
  ifile ∈
       {{ &__fc_fopen{[0], [1], [2], [3], [4], [5], [6], [7], [8], [9], [10],
                      [11], [12], [13], [14], [15]} }}
  ofile ∈
       {{ &__fc_fopen{[0], [1], [2], [3], [4], [5], [6], [7], [8], [9], [10],
                      [11], [12], [13], [14], [15]} }}
  file_data ∈ {{ &__malloc_main_l27[0] }}
  decompressed ∈ {{ NULL ; &__malloc_main_l30[0] }}
  d ∈ [0..4294967295] or UNINITIALIZED
  c ∈ {0}
  state_decompress ∈ {{ &__malloc_main_l19 }}
  __retres ∈ {0}
  S___fc_stdout[0..1] ∈ [--..--]
  __malloc_main_l19 ∈ [--..--]
  __malloc_main_l27[0..10399] ∈ [--..--] or UNINITIALIZED
  __malloc_main_l30[0..9999] ∈ [--..--] or UNINITIALIZED
[eva:final-states] Values at end of function eva_main:
  __fc_fopen[0..15] ∈ [--..--]
  __fc_heap_status ∈ [--..--]
  Frama_C_entropy_source ∈ [--..--]
  argc ∈ {0; 1; 2; 3; 4; 5}
  argv0[0..254] ∈ [--..--]
       [255] ∈ {0}
  argv1[0..254] ∈ [--..--]
       [255] ∈ {0}
  argv2[0..254] ∈ [--..--]
       [255] ∈ {0}
  argv3[0..254] ∈ [--..--]
       [255] ∈ {0}
  argv4[0..254] ∈ [--..--]
       [255] ∈ {0}
  argv[0] ∈ {{ &argv0[0] }}
      [1] ∈ {{ &argv1[0] }}
      [2] ∈ {{ &argv2[0] }}
      [3] ∈ {{ &argv3[0] }}
      [4] ∈ {{ &argv4[0] }}
      [5] ∈ {0}
  S___fc_stdout[0..1] ∈ [--..--]
  __malloc_main_l19 ∈ [--..--]
  __malloc_main_l27[0..10399] ∈ [--..--] or UNINITIALIZED
  __malloc_main_l30[0..9999] ∈ [--..--] or UNINITIALIZED
[eva:summary] ====== ANALYSIS SUMMARY ======
  ----------------------------------------------------------------------------
  10 functions analyzed (out of 18): 55% coverage.
  In these functions, 156 statements reached (out of 164): 95% coverage.
  ----------------------------------------------------------------------------
  No errors or warnings raised during the analysis.
  ----------------------------------------------------------------------------
  13 alarms generated by the analysis:
       6 invalid memory accesses
       5 accesses to uninitialized left-values
       2 others
  1 of them is a sure alarm (invalid status).
  ----------------------------------------------------------------------------
  Evaluation of the logical properties reached by the analysis:
    Assertions        0 valid     0 unknown     0 invalid      0 total
    Preconditions    12 valid    13 unknown     0 invalid     25 total
  48% of the logical properties reached have been proven.
  ----------------------------------------------------------------------------
1.72user 0.14system 0:01.86elapsed 100%CPU (0avgtext+0avgdata 146040maxresident)k
0inputs+2832outputs (0major+33870minor)pagefaults 0swaps
