[kernel] Parsing src/impls.c (with preprocessing)
[kernel] Parsing src/roco.c (with preprocessing)
[kernel:parser:decimal-float] src/roco_config.h:7: Warning: 
  Floating-point constant 0.33 is not represented exactly. Will use 0x1.51eb851eb851fp-2.
  (warn-once: no further messages from category 'parser:decimal-float' will be emitted)
[kernel] Parsing src/sim.c (with preprocessing)
[kernel] Parsing src/main.c (with preprocessing)
[variadic] src/main.c:33: Warning: 
  Call to function fprintf with non-static format argument: assuming that parameters are coherent with the format, and that no %n specifiers are present in the actual string.
[variadic] src/main.c:41: Warning: 
  Call to function fprintf with non-static format argument: assuming that parameters are coherent with the format, and that no %n specifiers are present in the actual string.
[eva] Splitting return states on:
  \return(tmpfile) == 0 (auto)
  \return(tmpnam) == 0 (auto)
  \return(fopen) == 0 (auto)
  \return(fdopen) == 0 (auto)
  \return(freopen) == 0 (auto)
  \return(fgets) == 0 (auto)
  \return(gets) == 0 (auto)
  \return(popen) == 0 (auto)
  \return(fmemopen) == 0 (auto)
  \return(Turn_on_delay) == 0 (auto)
  \return(Ramp_getDir) == -1 (auto)
[eva] Analyzing a complete application starting at main
[eva:initial-state] Values of globals at initialization
  Engine_maxVoltage_PARAM ∈ {24.}
  Engine_minVoltage_PARAM ∈ {-24.}
  Battery_voltage ∈ {0}
  dT ∈ {0}
  Engine_realVoltage ∈ {0}
  Env_humidity ∈ {0}
  Env_temperature ∈ {0}
  Global_emergencyMode ∈ {0}
  LegSensor_atMark ∈ {0}
  LegSensor_signal ∈ {0}
  RoCo_acceleration_CURVE.numPoints ∈ {4}
                         {.x[0]; .[bits 16 to 63]} ∈ {0}
                         .x[1] ∈ {0.33}
                         .x[2] ∈ {0.67}
                         .x[3] ∈ {1.}
                         {.x[4..9]; .y[0]} ∈ {0}
                         .y[1] ∈ {0.2}
                         .y[2] ∈ {0.5}
                         .y[3] ∈ {1.}
                         .y[4..9] ∈ {0}
  RoCo_accelerationFast_CURVE.numPoints ∈ {4}
                             {.x[0]; .[bits 16 to 63]} ∈ {0}
                             .x[1] ∈ {0.33}
                             .x[2] ∈ {0.67}
                             .x[3] ∈ {1.}
                             {.x[4..9]; .y[0]} ∈ {0}
                             .y[1] ∈ {2.}
                             .y[2] ∈ {4.}
                             .y[3] ∈ {5.}
                             .y[4..9] ∈ {0}
  RoCo_deceleration_CURVE.numPoints ∈ {4}
                         {.x[0]; .[bits 16 to 63]} ∈ {0}
                         .x[1] ∈ {0.33}
                         .x[2] ∈ {0.67}
                         .x[3] ∈ {1.}
                         {.x[4..9]; .y[0]} ∈ {0}
                         .y[1] ∈ {0.25}
                         .y[2] ∈ {0.75}
                         .y[3] ∈ {1.}
                         .y[4..9] ∈ {0}
  RoCo_decelerationFast_CURVE.numPoints ∈ {4}
                             {.x[0]; .[bits 16 to 63]} ∈ {0}
                             .x[1] ∈ {0.33}
                             .x[2] ∈ {0.67}
                             .x[3] ∈ {1.}
                             {.x[4..9]; .y[0]} ∈ {0}
                             .y[1] ∈ {2.}
                             .y[2] ∈ {4.}
                             .y[3] ∈ {5.}
                             .y[4..9] ∈ {0}
  RoCo_angleAtMark_PARAM ∈ {19.}
  LegSensorSignalToAngle_CURVE.numPoints ∈ {4}
                              .[bits 16 to 63] ∈ {0}
                              .x[0] ∈ {-24.}
                              .x[1] ∈ {-12.}
                              .x[2] ∈ {12.}
                              .x[3] ∈ {24.}
                              .x[4..9] ∈ {0}
                              .y[0] ∈ {-60.}
                              .y[1] ∈ {-30.}
                              .y[2] ∈ {30.}
                              .y[3] ∈ {60.}
                              .y[4..9] ∈ {0}
  RoCo_angleReachedThreshold1_PARAM ∈ {5.}
  RoCo_angleReachedThreshold2_PARAM ∈ {0.5}
  RoCo_batteryLowLimit_PARAM ∈ {19.5}
  RoCo_batteryLowDelay_PARAM ∈ {60.}
  RoCo_checkBatteryVoltage_PARAM ∈ {1}
  RoCo_humidityLimit_PARAM ∈ {0.8}
  RoCo_checkHumidity_PARAM ∈ {0}
  RoCo_envTempLowerLimit_PARAM ∈ {5.}
  RoCo_envTempUpperLimit_PARAM ∈ {30.}
  RoCo_TempFltT_PARAM ∈ {0.1}
  RoCo_hasMinMaxAngles_PARAM ∈ {1}
  RoCo_maxAngle_PARAM ∈ {120.}
  RoCo_minAngle_PARAM ∈ {-120.}
  RoCo_initMoveSpeed_PARAM ∈ {1.}
  RoCo_initRampSlopeNeg_PARAM ∈ {1.}
  RoCo_initRampSlopePos_PARAM ∈ {1.}
  RoCo_idlePosition_PARAM ∈ {0}
  RoCo_initTimeout_PARAM ∈ {20.}
  RoCo_shutdownTimeout_PARAM ∈ {30.}
  RoCo_stepSpeed_PARAM ∈ {2.}
  RoCo_TimeSlopeNeg_PARAM ∈ {1.}
  RoCo_TimeSlopePos_PARAM ∈ {0.5}
  EngineSpeedToVoltage_CURVE.numPoints ∈ {5}
                            .[bits 16 to 63] ∈ {0}
                            .x[0] ∈ {-3.}
                            .x[1] ∈ {-1.5}
                            .x[2] ∈ {0}
                            .x[3] ∈ {1.5}
                            .x[4] ∈ {3.}
                            .x[5..9] ∈ {0}
                            .y[0] ∈ {-24.}
                            .y[1] ∈ {-15.}
                            .y[2] ∈ {0}
                            .y[3] ∈ {15.}
                            .y[4] ∈ {24.}
                            .y[5..9] ∈ {0}
  RoCo_voltageFilter_PARAM ∈ {0.1}
  RoCo_activeDesired ∈ {0}
  RoCo_commandMoveByAngle ∈ {0}
  RoCo_desiredDeltaAngle ∈ {0}
  RoCo_commandMoveToAngle ∈ {0}
  RoCo_desiredTargetAngle ∈ {0}
  RoCo_moveFast ∈ {0}
  RoCo_commandShutOff ∈ {0}
  RoCo_error ∈ {0}
  RoCo_isActive ∈ {0}
  RoCo_legAngle ∈ {0}
  RoCo_legAngleValid ∈ {0}
  RoCo_engineVoltage ∈ {0}
  RoCo_adaptationActive ∈ {1}
  RoCo_angleReachedThreshold1Fast_PARAM ∈ {10.}
  RoCo_initStandstillTimeout_PARAM ∈ {2.}
  RoCo_initialDeltaSearchRange_PARAM ∈ {2.}
  RoCo_initialDeltaSearchTimeout_PARAM ∈ {2.}
  RoCo_isAdapted ∈ {0}
  buf1 ∈ {0}
  buf2 ∈ {0}
  buf3 ∈ {0}
  buf4 ∈ {0}
  buf5 ∈ {0}
  internalPosition ∈ {22.5}
  oldInternalPosition ∈ {0}
  Sim_maxPos_PARAM ∈ {100.}
  Sim_minPos_PARAM ∈ {-100.}
  Srv_PT1 ∈ {0}
  output_header ∈
               {{ "time(ms)\tengineVoltage\tlegAngle\tlegAngleValid\tisActive\n" }}
  output_row_fmt_string ∈ {{ "%d\t%f\t%f\t%d\t%d\n" }}
  _t ∈ {0}
  angleDiffRequest ∈ {0}
  desiredEngineVoltage ∈ {0}
  initBackwards ∈ {0}
  limitationActive ∈ {0}
  prevAngleSignal ∈ {0}
  rampValue ∈ {0}
  wasActive ∈ {0}
  wasInit ∈ {0}
  enabled ∈ {0}
  rampTarget ∈ {0}
  filteredEnvTemp ∈ {0}
  direction ∈ {0}
  targetAngle ∈ {0}
  init ∈ {0}
  final ∈ {0}
  deltaSearchPhase ∈ {0}
  initRamp ∈ {0}
  initTimer ∈ {0}
  moveTimeRamp ∈ {0}
  envTempFilter ∈ {0}
  shutdownTimer ∈ {0}
  voltageFilter ∈ {0}
  batteryLowDelay ∈ {0}
  standstillDelay ∈ {0}
  adaptation[0..1] ∈ {0}
  rampHighReached ∈ {0}
  wasRampEnded ∈ {0}
[eva] using specification for function fprintf_va_1
[eva] using specification for function fprintf_va_2
[eva:loop-unroll:auto] src/impls.c:46: Automatic loop unrolling.
[eva] using specification for function fabs
[eva] src/main.c:35: starting to merge loop iterations
[eva] src/main.c:35: Trace partitioning superposing up to 100 states
[eva:alarm] src/impls.c:96: Warning: 
  signed overflow. assert _t + delayMs ≤ 2147483647;
[eva] src/impls.c:140: cannot properly split on \result == -1
[eva] src/main.c:35: Trace partitioning superposing up to 200 states
[eva] ====== VALUES COMPUTED ======
[eva:final-states] Values at end of function Interpolate_from_curve:
  result ∈ [-60. .. 60.]
  i ∈ {0; 1; 2} or UNINITIALIZED
[eva:final-states] Values at end of function Limiter_out:
  result ∈ [-121. .. 121.]
[eva:final-states] Values at end of function Ramp_getDir:
  __retres ∈ {-1; 0; 1}
[eva:final-states] Values at end of function Ramp_out:
  initRamp.dir ∈ {-1; 0; 1}
          .[bits 16 to 63] ∈ {0}
          {.state; .target} ∈ [-1. .. 1.]
  moveTimeRamp.dir ∈ {-1; 0; 1}
              .[bits 16 to 63] ∈ {0}
              .state ∈ [-0. .. 1.]
              .target ∈ [0. .. 1.]
  __retres ∈ [-1. .. 1.]
[eva:final-states] Values at end of function RoCo_init:
  RoCo_activeDesired ∈ {0}
  RoCo_commandMoveByAngle ∈ {0}
  RoCo_desiredDeltaAngle ∈ {0}
  RoCo_commandMoveToAngle ∈ {0}
  RoCo_desiredTargetAngle ∈ {0}
  RoCo_moveFast ∈ {0}
  RoCo_commandShutOff ∈ {0}
  RoCo_error ∈ {0}
  RoCo_isActive ∈ {0}
  RoCo_legAngle ∈ {0}
  RoCo_legAngleValid ∈ {0}
  RoCo_engineVoltage ∈ {0}
  RoCo_isAdapted ∈ {0}
  angleDiffRequest ∈ {0}
  desiredEngineVoltage ∈ {0}
  initBackwards ∈ {0}
  limitationActive ∈ {0}
  prevAngleSignal ∈ {0}
  rampValue ∈ {0}
  wasActive ∈ {0}
  wasInit ∈ {0}
  enabled ∈ {0}
  rampTarget ∈ {0}
  filteredEnvTemp ∈ {0}
  direction ∈ {0}
  targetAngle ∈ {0}
  init ∈ {0}
  final ∈ {0}
  deltaSearchPhase ∈ {0}
  initTimer ∈ {0}
  envTempFilter ∈ {0}
  shutdownTimer ∈ {0}
  voltageFilter ∈ {0}
  batteryLowDelay ∈ {0}
[eva:final-states] Values at end of function Sim_init:
  Engine_realVoltage ∈ {0}
  LegSensor_atMark ∈ {0}
  LegSensor_signal ∈ {0}
  buf1 ∈ {0}
  buf2 ∈ {0}
  buf3 ∈ {0}
  buf4 ∈ {0}
  buf5 ∈ {0}
  internalPosition ∈ {20.}
  oldInternalPosition ∈ {0}
  Srv_PT1 ∈ {0}
[eva:final-states] Values at end of function Sleep:
  _t ∈ [20..2147483640],0%20
[eva:final-states] Values at end of function Time:
  
[eva:final-states] Values at end of function Timer_elapsedTime:
  __retres ∈ [0. .. 3.40282346639e+38]
[eva:final-states] Values at end of function Timer_start:
  initTimer ∈ [0. .. 10.04]
  shutdownTimer ∈ [0. .. 0.42]
[eva:final-states] Values at end of function Timer_tick:
  initTimer ∈ [0. .. 3.40282346639e+38]
  shutdownTimer ∈ [0. .. 3.40282346639e+38]
[eva:final-states] Values at end of function Turn_on_delay:
  result ∈ {0; 1}
  batteryLowDelay ∈ {0}
  standstillDelay ∈ [0. .. 10.]
[eva:final-states] Values at end of function PT1_Filter:
  __fc_errno ∈ [--..--]
  Srv_PT1 ∈ [-1e+80 .. 1e+80]
  envTempFilter ∈ [0. .. 3.40282346639e+38]
  voltageFilter ∈ [-3.40282346639e+38 .. 3.40282346639e+38]
  __retres ∈ [-1e+80 .. 1e+80]
[eva:final-states] Values at end of function Sim_process:
  __fc_errno ∈ [--..--]
  Engine_realVoltage ∈ [-3.06254111975e+38 .. 3.06254111975e+38]
  LegSensor_atMark ∈ {0; 1}
  LegSensor_signal ∈ [-4000000048.4 .. 96.8]
  buf1 ∈ [-3.40282346639e+38 .. 3.40282346639e+38]
  buf2 ∈ [-3.40282346639e+38 .. 3.40282346639e+38]
  buf3 ∈ [-3.40282346639e+38 .. 3.40282346639e+38]
  buf4 ∈ [-3.40282346639e+38 .. 3.40282346639e+38]
  buf5 ∈ [-3.40282346639e+38 .. 3.40282346639e+38]
  internalPosition ∈ [-121. .. 121.]
  oldInternalPosition ∈ [-121. .. 121.]
  Sim_maxPos_PARAM ∈ {121.}
  Sim_minPos_PARAM ∈ {-121.}
  Srv_PT1 ∈ [-1e+80 .. 1e+80]
  t1 ∈ [-3.40282346639e+38 .. 3.40282346639e+38]
  t2 ∈ [-3.06254111975e+38 .. 3.06254111975e+38]
  t3 ∈ {0; 1}
  t4 ∈ [-10000000121. .. 242.]
[eva:final-states] Values at end of function RoCo_process:
  __fc_errno ∈ [--..--]
  RoCo_activeDesired ∈ {0; 1}
  RoCo_commandMoveToAngle ∈ {0; 1}
  RoCo_commandShutOff ∈ {0; 1}
  RoCo_error ∈ {0; 1}
  RoCo_isActive ∈ {0; 1}
  RoCo_legAngle ∈ [-3.40282346639e+38 .. 3.40282346639e+38]
  RoCo_legAngleValid ∈ {0; 1}
  RoCo_engineVoltage ∈ [-3.40282346639e+38 .. 3.40282346639e+38]
  RoCo_isAdapted ∈ {0; 1}
  t1 ∈ {21.3}
  t2 ∈ {0.5}
  t3 ∈ {20.}
  t4 ∈ {0; 1}
  t5 ∈ [-10000000000. .. 10000000000.]
  t9 ∈ [-3.40282346639e+38 .. 3.40282346639e+38] or UNINITIALIZED
  t10 ∈ [-3.40282346639e+38 .. 3.40282346639e+38] or UNINITIALIZED
  t11 ∈ [5. .. 1e+80] or UNINITIALIZED
  t12 ∈
     {{ &RoCo_acceleration_CURVE ; &RoCo_deceleration_CURVE }} or UNINITIALIZED
  t13 ∈ {0.1} or UNINITIALIZED
  t14 ∈ {1} or UNINITIALIZED
  t15 ∈ [-60. .. 60.] or UNINITIALIZED
  angleDiffRequest ∈ [-1. .. 1.]
  desiredEngineVoltage ∈ [-10. .. 10.]
  initBackwards ∈ {0; 1}
  limitationActive ∈ {0}
  rampValue ∈ [-0. .. 1.]
  wasActive ∈ {0; 1}
  wasInit ∈ {0; 1}
  enabled ∈ {0; 1}
  rampTarget ∈ [-1. .. 1.]
  filteredEnvTemp ∈ [0. .. 3.40282346639e+38]
  direction ∈ {-1; 0; 1}
  targetAngle ∈ [-55. .. 30.]
  init ∈ {0; 1}
  final ∈ {0; 1}
  initRamp.dir ∈ {-1; 0; 1}
          .[bits 16 to 63] ∈ {0}
          {.state; .target} ∈ [-1. .. 1.]
  initTimer ∈ [0. .. 3.40282346639e+38]
  moveTimeRamp.dir ∈ {-1; 0; 1}
              .[bits 16 to 63] ∈ {0}
              .state ∈ [-0. .. 1.]
              .target ∈ [0. .. 1.]
  envTempFilter ∈ [0. .. 3.40282346639e+38]
  shutdownTimer ∈ [0. .. 3.40282346639e+38]
  voltageFilter ∈ [-3.40282346639e+38 .. 3.40282346639e+38]
  batteryLowDelay ∈ {0}
  standstillDelay ∈ [0. .. 10.]
  adaptation[0] ∈ [0. .. 1e+80]
            [1] ∈ {0}
  rampHighReached ∈ {0; 1}
  wasRampEnded ∈ {0; 1}
[eva:final-states] Values at end of function main:
  __fc_errno ∈ [--..--]
  Battery_voltage ∈ {21.3}
  dT ∈ [0. .. 0.04]
  Engine_realVoltage ∈ [-3.06254111975e+38 .. 3.06254111975e+38]
  Env_humidity ∈ {0.5}
  Env_temperature ∈ {20.}
  Global_emergencyMode ∈ {0}
  LegSensor_atMark ∈ {0; 1}
  LegSensor_signal ∈ [-10000000000. .. 10000000000.]
  RoCo_activeDesired ∈ {0; 1}
  RoCo_commandMoveByAngle ∈ {0}
  RoCo_desiredDeltaAngle ∈ {0}
  RoCo_commandMoveToAngle ∈ {0; 1}
  RoCo_desiredTargetAngle ∈ [-55. .. 30.]
  RoCo_moveFast ∈ {0}
  RoCo_commandShutOff ∈ {0; 1}
  RoCo_error ∈ {0; 1}
  RoCo_isActive ∈ {0; 1}
  RoCo_legAngle ∈ [-3.40282346639e+38 .. 3.40282346639e+38]
  RoCo_legAngleValid ∈ {0; 1}
  RoCo_engineVoltage ∈ [-3.40282346639e+38 .. 3.40282346639e+38]
  RoCo_isAdapted ∈ {0; 1}
  buf1 ∈ [-3.40282346639e+38 .. 3.40282346639e+38]
  buf2 ∈ [-3.40282346639e+38 .. 3.40282346639e+38]
  buf3 ∈ [-3.40282346639e+38 .. 3.40282346639e+38]
  buf4 ∈ [-3.40282346639e+38 .. 3.40282346639e+38]
  buf5 ∈ [-3.40282346639e+38 .. 3.40282346639e+38]
  internalPosition ∈ [-121. .. 10000000000.]
  oldInternalPosition ∈ [-121. .. 10000000000.]
  Sim_maxPos_PARAM ∈ {121.}
  Sim_minPos_PARAM ∈ {-121.}
  Srv_PT1 ∈ [-1e+80 .. 1e+80]
  lastTime ∈ [180..2147483640],0%20
  cnt ∈ {9000}
  _t ∈ [200..2147483640],0%20
  angleDiffRequest ∈ [-1. .. 1.]
  desiredEngineVoltage ∈ [-10. .. 10.]
  initBackwards ∈ {0; 1}
  limitationActive ∈ {0}
  prevAngleSignal ∈ {0}
  rampValue ∈ [-0. .. 1.]
  wasActive ∈ {0; 1}
  wasInit ∈ {0; 1}
  enabled ∈ {0; 1}
  rampTarget ∈ [-1. .. 1.]
  filteredEnvTemp ∈ [0. .. 3.40282346639e+38]
  direction ∈ {-1; 0; 1}
  targetAngle ∈ [-55. .. 30.]
  init ∈ {0; 1}
  final ∈ {0; 1}
  deltaSearchPhase ∈ {0}
  initRamp.dir ∈ {-1; 0; 1}
          .[bits 16 to 63] ∈ {0}
          {.state; .target} ∈ [-1. .. 1.]
  initTimer ∈ [0. .. 3.40282346639e+38]
  moveTimeRamp.dir ∈ {-1; 0; 1}
              .[bits 16 to 63] ∈ {0}
              .state ∈ [-0. .. 1.]
              .target ∈ [0. .. 1.]
  envTempFilter ∈ [0. .. 3.40282346639e+38]
  shutdownTimer ∈ [0. .. 3.40282346639e+38]
  voltageFilter ∈ [-3.40282346639e+38 .. 3.40282346639e+38]
  batteryLowDelay ∈ {0}
  standstillDelay ∈ [0. .. 10.]
  adaptation[0] ∈ [0. .. 1e+80]
            [1] ∈ {0}
  rampHighReached ∈ {0; 1}
  wasRampEnded ∈ {0; 1}
  __retres ∈ {0}
  S___fc_stderr[0..1] ∈ [--..--]
[eva:summary] ====== ANALYSIS SUMMARY ======
  ----------------------------------------------------------------------------
  16 functions analyzed (out of 18): 88% coverage.
  In these functions, 403 statements reached (out of 424): 95% coverage.
  ----------------------------------------------------------------------------
  Some errors and warnings have been raised during the analysis:
    by the Eva analyzer:      0 errors    0 warnings
    by the Frama-C kernel:    0 errors    1 warning
  ----------------------------------------------------------------------------
  1 alarm generated by the analysis:
       1 integer overflow
  ----------------------------------------------------------------------------
  Evaluation of the logical properties reached by the analysis:
    Assertions        0 valid     0 unknown     0 invalid      0 total
    Preconditions    14 valid     0 unknown     0 invalid     14 total
  100% of the logical properties reached have been proven.
  ----------------------------------------------------------------------------
2.86user 0.18system 0:03.04elapsed 100%CPU (0avgtext+0avgdata 186068maxresident)k
0inputs+6296outputs (0major+46507minor)pagefaults 0swaps
