[kernel] Parsing /home/zhongyi/Parf-Benchmark/oscs-benchmarks/tutorials/2018_06_parser/parser_full.c (with preprocessing)
[variadic:typing] /home/zhongyi/Parf-Benchmark/oscs-benchmarks/tutorials/2018_06_parser/parser_full.c:109: Warning: 
  Incorrect type for argument 2. The argument will be cast from uint64_t to int.
[eva] Splitting return states on:
  \return(Frama_C_nondet_ptr) == 0 (auto)
  \return(Frama_C_malloc_fresh) == 0 (auto)
  \return(tmpfile) == 0 (auto)
  \return(tmpnam) == 0 (auto)
  \return(fopen) == 0 (auto)
  \return(fdopen) == 0 (auto)
  \return(freopen) == 0 (auto)
  \return(fgets) == 0 (auto)
  \return(gets) == 0 (auto)
  \return(popen) == 0 (auto)
  \return(fmemopen) == 0 (auto)
  \return(parse) == 0 (auto)
[eva] Analyzing a complete application starting at main
[eva:initial-state] Values of globals at initialization
  p[0..49] ∈ {0}
[eva] using specification for function Frama_C_make_unknown
[eva:loop-unroll:auto] /home/zhongyi/Parf-Benchmark/oscs-benchmarks/tutorials/2018_06_parser/parser_full.c:125: 
  Automatic loop unrolling.
[eva:alarm] /home/zhongyi/Parf-Benchmark/oscs-benchmarks/tutorials/2018_06_parser/parser_full.c:123: Warning: 
  loop invariant got status unknown.
[eva] /home/zhongyi/Parf-Benchmark/oscs-benchmarks/tutorials/2018_06_parser/parser_full.c:127: 
  Trace partitioning superposing up to 100 states
[eva:loop-unroll:auto] /home/zhongyi/Parf-Benchmark/oscs-benchmarks/tutorials/2018_06_parser/parser_full.c:133: 
  Automatic loop unrolling.
[eva] using specification for function printf_va_1
[eva] using specification for function printf_va_3
[eva] using specification for function printf_va_2
[eva:alarm] /home/zhongyi/Parf-Benchmark/oscs-benchmarks/tutorials/2018_06_parser/parser_full.c:134: Warning: 
  function print_diff_child_age: precondition valid_person(p_id) got status unknown.
[eva:alarm] /home/zhongyi/Parf-Benchmark/oscs-benchmarks/tutorials/2018_06_parser/parser_full.c:72: Warning: 
  accessing out of bounds index. assert p[p_id].children[i] < 50;
[eva:loop-unroll:auto] /home/zhongyi/Parf-Benchmark/oscs-benchmarks/tutorials/2018_06_parser/parser_full.c:105: 
  Automatic loop unrolling.
[eva] /home/zhongyi/Parf-Benchmark/oscs-benchmarks/tutorials/2018_06_parser/parser_full.c:102: 
  cannot evaluate ACSL term, unsupported ACSL construct: logic function sum_age
[eva:alarm] /home/zhongyi/Parf-Benchmark/oscs-benchmarks/tutorials/2018_06_parser/parser_full.c:102: Warning: 
  loop invariant got status unknown.
[eva] using specification for function printf_va_4
[eva] /home/zhongyi/Parf-Benchmark/oscs-benchmarks/tutorials/2018_06_parser/parser_full.c:89: 
  cannot evaluate ACSL term, unsupported ACSL construct: logic function sum_age
[eva:alarm] /home/zhongyi/Parf-Benchmark/oscs-benchmarks/tutorials/2018_06_parser/parser_full.c:89: Warning: 
  function compute_sum_age: postcondition got status unknown.
[eva] ====== VALUES COMPUTED ======
[eva:final-states] Values at end of function parse:
  p[0]{.age; .children_len; .children[0]} ∈ [--..--]
   [0].children[1..9] ∈ {0}
   [1]{.age; .children_len; .children[0..8]} ∈ [--..--]
   [1].children[9] ∈ {0}
   [2]{.age; .children_len; .children[0..8]} ∈ [--..--]
   [2].children[9] ∈ {0}
   [3]{.age; .children_len; .children[0..8]} ∈ [--..--]
   [3].children[9] ∈ {0}
   [4]{.age; .children_len; .children[0..8]} ∈ [--..--]
   [4].children[9] ∈ {0}
   [5]{.age; .children_len; .children[0..8]} ∈ [--..--]
   [5].children[9] ∈ {0}
   [6]{.age; .children_len; .children[0..8]} ∈ [--..--]
   [6].children[9] ∈ {0}
   [7]{.age; .children_len; .children[0..8]} ∈ [--..--]
   [7].children[9] ∈ {0}
   [8]{.age; .children_len; .children[0..8]} ∈ [--..--]
   [8].children[9] ∈ {0}
   [9]{.age; .children_len; .children[0..8]} ∈ [--..--]
   [9].children[9] ∈ {0}
   [10]{.age; .children_len; .children[0..8]} ∈ [--..--]
   [10].children[9] ∈ {0}
   [11]{.age; .children_len; .children[0..8]} ∈ [--..--]
   [11].children[9] ∈ {0}
   [12]{.age; .children_len; .children[0..8]} ∈ [--..--]
   [12].children[9] ∈ {0}
   [13]{.age; .children_len; .children[0..8]} ∈ [--..--]
   [13].children[9] ∈ {0}
   [14]{.age; .children_len; .children[0..8]} ∈ [--..--]
   [14].children[9] ∈ {0}
   [15]{.age; .children_len; .children[0..8]} ∈ [--..--]
   [15].children[9] ∈ {0}
   [16]{.age; .children_len; .children[0..8]} ∈ [--..--]
   [16].children[9] ∈ {0}
   [17]{.age; .children_len; .children[0..8]} ∈ [--..--]
   [17].children[9] ∈ {0}
   [18]{.age; .children_len; .children[0..8]} ∈ [--..--]
   [18].children[9] ∈ {0}
   [19]{.age; .children_len; .children[0..8]} ∈ [--..--]
   [19].children[9] ∈ {0}
   [20]{.age; .children_len; .children[0..8]} ∈ [--..--]
   [20].children[9] ∈ {0}
   [21]{.age; .children_len; .children[0..8]} ∈ [--..--]
   [21].children[9] ∈ {0}
   [22]{.age; .children_len; .children[0..8]} ∈ [--..--]
   [22].children[9] ∈ {0}
   [23]{.age; .children_len; .children[0..8]} ∈ [--..--]
   [23].children[9] ∈ {0}
   [24]{.age; .children_len; .children[0..8]} ∈ [--..--]
   [24].children[9] ∈ {0}
   [25]{.age; .children_len; .children[0..8]} ∈ [--..--]
   [25].children[9] ∈ {0}
   [26]{.age; .children_len; .children[0..8]} ∈ [--..--]
   [26].children[9] ∈ {0}
   [27]{.age; .children_len; .children[0..8]} ∈ [--..--]
   [27].children[9] ∈ {0}
   [28]{.age; .children_len; .children[0..8]} ∈ [--..--]
   [28].children[9] ∈ {0}
   [29]{.age; .children_len; .children[0..8]} ∈ [--..--]
   [29].children[9] ∈ {0}
   [30]{.age; .children_len; .children[0..8]} ∈ [--..--]
   [30].children[9] ∈ {0}
   [31]{.age; .children_len; .children[0..8]} ∈ [--..--]
   [31].children[9] ∈ {0}
   [32]{.age; .children_len; .children[0..8]} ∈ [--..--]
   [32].children[9] ∈ {0}
   [33]{.age; .children_len; .children[0..8]} ∈ [--..--]
   [33].children[9] ∈ {0}
   [34]{.age; .children_len; .children[0..8]} ∈ [--..--]
   [34].children[9] ∈ {0}
   [35]{.age; .children_len; .children[0..8]} ∈ [--..--]
   [35].children[9] ∈ {0}
   [36]{.age; .children_len; .children[0..8]} ∈ [--..--]
   [36].children[9] ∈ {0}
   [37]{.age; .children_len; .children[0..8]} ∈ [--..--]
   [37].children[9] ∈ {0}
   [38]{.age; .children_len; .children[0..8]} ∈ [--..--]
   [38].children[9] ∈ {0}
   [39]{.age; .children_len; .children[0..8]} ∈ [--..--]
   [39].children[9] ∈ {0}
   [40]{.age; .children_len; .children[0..8]} ∈ [--..--]
   [40].children[9] ∈ {0}
   [41]{.age; .children_len; .children[0..8]} ∈ [--..--]
   [41].children[9] ∈ {0}
   [42]{.age; .children_len; .children[0..8]} ∈ [--..--]
   [42].children[9] ∈ {0}
   [43]{.age; .children_len; .children[0..8]} ∈ [--..--]
   [43].children[9] ∈ {0}
   [44]{.age; .children_len; .children[0..8]} ∈ [--..--]
   [44].children[9] ∈ {0}
   [45]{.age; .children_len; .children[0..7]} ∈ [--..--]
   [45].children[8..9] ∈ {0}
   [46]{.age; .children_len; .children[0..5]} ∈ [--..--]
   [46].children[6..9] ∈ {0}
   [47]{.age; .children_len; .children[0..3]} ∈ [--..--]
   [47].children[4..9] ∈ {0}
   [48]{.age; .children_len; .children[0..1]} ∈ [--..--]
   [48].children[2..9] ∈ {0}
   [49]{.age; .children_len} ∈ [--..--]
   [49].children[0..9] ∈ {0}
  offset ∈ {2} ∪ [4..100]
  __retres ∈ {-1; 0}
[eva:final-states] Values at end of function print_diff_child_age:
  S___fc_stdout[0..1] ∈ [--..--]
[eva:final-states] Values at end of function compute_sum_age:
  __retres ∈ [0..12750]
  S___fc_stdout[0..1] ∈ [--..--]
[eva:final-states] Values at end of function run:
  p[0]{.age; .children_len; .children[0]} ∈ [--..--]
   [0].children[1..9] ∈ {0}
   [1]{.age; .children_len; .children[0..8]} ∈ [--..--]
   [1].children[9] ∈ {0}
   [2]{.age; .children_len; .children[0..8]} ∈ [--..--]
   [2].children[9] ∈ {0}
   [3]{.age; .children_len; .children[0..8]} ∈ [--..--]
   [3].children[9] ∈ {0}
   [4]{.age; .children_len; .children[0..8]} ∈ [--..--]
   [4].children[9] ∈ {0}
   [5]{.age; .children_len; .children[0..8]} ∈ [--..--]
   [5].children[9] ∈ {0}
   [6]{.age; .children_len; .children[0..8]} ∈ [--..--]
   [6].children[9] ∈ {0}
   [7]{.age; .children_len; .children[0..8]} ∈ [--..--]
   [7].children[9] ∈ {0}
   [8]{.age; .children_len; .children[0..8]} ∈ [--..--]
   [8].children[9] ∈ {0}
   [9]{.age; .children_len; .children[0..8]} ∈ [--..--]
   [9].children[9] ∈ {0}
   [10]{.age; .children_len; .children[0..8]} ∈ [--..--]
   [10].children[9] ∈ {0}
   [11]{.age; .children_len; .children[0..8]} ∈ [--..--]
   [11].children[9] ∈ {0}
   [12]{.age; .children_len; .children[0..8]} ∈ [--..--]
   [12].children[9] ∈ {0}
   [13]{.age; .children_len; .children[0..8]} ∈ [--..--]
   [13].children[9] ∈ {0}
   [14]{.age; .children_len; .children[0..8]} ∈ [--..--]
   [14].children[9] ∈ {0}
   [15]{.age; .children_len; .children[0..8]} ∈ [--..--]
   [15].children[9] ∈ {0}
   [16]{.age; .children_len; .children[0..8]} ∈ [--..--]
   [16].children[9] ∈ {0}
   [17]{.age; .children_len; .children[0..8]} ∈ [--..--]
   [17].children[9] ∈ {0}
   [18]{.age; .children_len; .children[0..8]} ∈ [--..--]
   [18].children[9] ∈ {0}
   [19]{.age; .children_len; .children[0..8]} ∈ [--..--]
   [19].children[9] ∈ {0}
   [20]{.age; .children_len; .children[0..8]} ∈ [--..--]
   [20].children[9] ∈ {0}
   [21]{.age; .children_len; .children[0..8]} ∈ [--..--]
   [21].children[9] ∈ {0}
   [22]{.age; .children_len; .children[0..8]} ∈ [--..--]
   [22].children[9] ∈ {0}
   [23]{.age; .children_len; .children[0..8]} ∈ [--..--]
   [23].children[9] ∈ {0}
   [24]{.age; .children_len; .children[0..8]} ∈ [--..--]
   [24].children[9] ∈ {0}
   [25]{.age; .children_len; .children[0..8]} ∈ [--..--]
   [25].children[9] ∈ {0}
   [26]{.age; .children_len; .children[0..8]} ∈ [--..--]
   [26].children[9] ∈ {0}
   [27]{.age; .children_len; .children[0..8]} ∈ [--..--]
   [27].children[9] ∈ {0}
   [28]{.age; .children_len; .children[0..8]} ∈ [--..--]
   [28].children[9] ∈ {0}
   [29]{.age; .children_len; .children[0..8]} ∈ [--..--]
   [29].children[9] ∈ {0}
   [30]{.age; .children_len; .children[0..8]} ∈ [--..--]
   [30].children[9] ∈ {0}
   [31]{.age; .children_len; .children[0..8]} ∈ [--..--]
   [31].children[9] ∈ {0}
   [32]{.age; .children_len; .children[0..8]} ∈ [--..--]
   [32].children[9] ∈ {0}
   [33]{.age; .children_len; .children[0..8]} ∈ [--..--]
   [33].children[9] ∈ {0}
   [34]{.age; .children_len; .children[0..8]} ∈ [--..--]
   [34].children[9] ∈ {0}
   [35]{.age; .children_len; .children[0..8]} ∈ [--..--]
   [35].children[9] ∈ {0}
   [36]{.age; .children_len; .children[0..8]} ∈ [--..--]
   [36].children[9] ∈ {0}
   [37]{.age; .children_len; .children[0..8]} ∈ [--..--]
   [37].children[9] ∈ {0}
   [38]{.age; .children_len; .children[0..8]} ∈ [--..--]
   [38].children[9] ∈ {0}
   [39]{.age; .children_len; .children[0..8]} ∈ [--..--]
   [39].children[9] ∈ {0}
   [40]{.age; .children_len; .children[0..8]} ∈ [--..--]
   [40].children[9] ∈ {0}
   [41]{.age; .children_len; .children[0..8]} ∈ [--..--]
   [41].children[9] ∈ {0}
   [42]{.age; .children_len; .children[0..8]} ∈ [--..--]
   [42].children[9] ∈ {0}
   [43]{.age; .children_len; .children[0..8]} ∈ [--..--]
   [43].children[9] ∈ {0}
   [44]{.age; .children_len; .children[0..8]} ∈ [--..--]
   [44].children[9] ∈ {0}
   [45]{.age; .children_len; .children[0..7]} ∈ [--..--]
   [45].children[8..9] ∈ {0}
   [46]{.age; .children_len; .children[0..5]} ∈ [--..--]
   [46].children[6..9] ∈ {0}
   [47]{.age; .children_len; .children[0..3]} ∈ [--..--]
   [47].children[4..9] ∈ {0}
   [48]{.age; .children_len; .children[0..1]} ∈ [--..--]
   [48].children[2..9] ∈ {0}
   [49]{.age; .children_len} ∈ [--..--]
   [49].children[0..9] ∈ {0}
  offset ∈ {2} ∪ [4..100]
  p_nb ∈ [0..50]
  S___fc_stdout[0..1] ∈ [--..--]
[eva:final-states] Values at end of function main:
  Frama_C_entropy_source ∈ [--..--]
  p[0]{.age; .children_len; .children[0]} ∈ [--..--]
   [0].children[1..9] ∈ {0}
   [1]{.age; .children_len; .children[0..8]} ∈ [--..--]
   [1].children[9] ∈ {0}
   [2]{.age; .children_len; .children[0..8]} ∈ [--..--]
   [2].children[9] ∈ {0}
   [3]{.age; .children_len; .children[0..8]} ∈ [--..--]
   [3].children[9] ∈ {0}
   [4]{.age; .children_len; .children[0..8]} ∈ [--..--]
   [4].children[9] ∈ {0}
   [5]{.age; .children_len; .children[0..8]} ∈ [--..--]
   [5].children[9] ∈ {0}
   [6]{.age; .children_len; .children[0..8]} ∈ [--..--]
   [6].children[9] ∈ {0}
   [7]{.age; .children_len; .children[0..8]} ∈ [--..--]
   [7].children[9] ∈ {0}
   [8]{.age; .children_len; .children[0..8]} ∈ [--..--]
   [8].children[9] ∈ {0}
   [9]{.age; .children_len; .children[0..8]} ∈ [--..--]
   [9].children[9] ∈ {0}
   [10]{.age; .children_len; .children[0..8]} ∈ [--..--]
   [10].children[9] ∈ {0}
   [11]{.age; .children_len; .children[0..8]} ∈ [--..--]
   [11].children[9] ∈ {0}
   [12]{.age; .children_len; .children[0..8]} ∈ [--..--]
   [12].children[9] ∈ {0}
   [13]{.age; .children_len; .children[0..8]} ∈ [--..--]
   [13].children[9] ∈ {0}
   [14]{.age; .children_len; .children[0..8]} ∈ [--..--]
   [14].children[9] ∈ {0}
   [15]{.age; .children_len; .children[0..8]} ∈ [--..--]
   [15].children[9] ∈ {0}
   [16]{.age; .children_len; .children[0..8]} ∈ [--..--]
   [16].children[9] ∈ {0}
   [17]{.age; .children_len; .children[0..8]} ∈ [--..--]
   [17].children[9] ∈ {0}
   [18]{.age; .children_len; .children[0..8]} ∈ [--..--]
   [18].children[9] ∈ {0}
   [19]{.age; .children_len; .children[0..8]} ∈ [--..--]
   [19].children[9] ∈ {0}
   [20]{.age; .children_len; .children[0..8]} ∈ [--..--]
   [20].children[9] ∈ {0}
   [21]{.age; .children_len; .children[0..8]} ∈ [--..--]
   [21].children[9] ∈ {0}
   [22]{.age; .children_len; .children[0..8]} ∈ [--..--]
   [22].children[9] ∈ {0}
   [23]{.age; .children_len; .children[0..8]} ∈ [--..--]
   [23].children[9] ∈ {0}
   [24]{.age; .children_len; .children[0..8]} ∈ [--..--]
   [24].children[9] ∈ {0}
   [25]{.age; .children_len; .children[0..8]} ∈ [--..--]
   [25].children[9] ∈ {0}
   [26]{.age; .children_len; .children[0..8]} ∈ [--..--]
   [26].children[9] ∈ {0}
   [27]{.age; .children_len; .children[0..8]} ∈ [--..--]
   [27].children[9] ∈ {0}
   [28]{.age; .children_len; .children[0..8]} ∈ [--..--]
   [28].children[9] ∈ {0}
   [29]{.age; .children_len; .children[0..8]} ∈ [--..--]
   [29].children[9] ∈ {0}
   [30]{.age; .children_len; .children[0..8]} ∈ [--..--]
   [30].children[9] ∈ {0}
   [31]{.age; .children_len; .children[0..8]} ∈ [--..--]
   [31].children[9] ∈ {0}
   [32]{.age; .children_len; .children[0..8]} ∈ [--..--]
   [32].children[9] ∈ {0}
   [33]{.age; .children_len; .children[0..8]} ∈ [--..--]
   [33].children[9] ∈ {0}
   [34]{.age; .children_len; .children[0..8]} ∈ [--..--]
   [34].children[9] ∈ {0}
   [35]{.age; .children_len; .children[0..8]} ∈ [--..--]
   [35].children[9] ∈ {0}
   [36]{.age; .children_len; .children[0..8]} ∈ [--..--]
   [36].children[9] ∈ {0}
   [37]{.age; .children_len; .children[0..8]} ∈ [--..--]
   [37].children[9] ∈ {0}
   [38]{.age; .children_len; .children[0..8]} ∈ [--..--]
   [38].children[9] ∈ {0}
   [39]{.age; .children_len; .children[0..8]} ∈ [--..--]
   [39].children[9] ∈ {0}
   [40]{.age; .children_len; .children[0..8]} ∈ [--..--]
   [40].children[9] ∈ {0}
   [41]{.age; .children_len; .children[0..8]} ∈ [--..--]
   [41].children[9] ∈ {0}
   [42]{.age; .children_len; .children[0..8]} ∈ [--..--]
   [42].children[9] ∈ {0}
   [43]{.age; .children_len; .children[0..8]} ∈ [--..--]
   [43].children[9] ∈ {0}
   [44]{.age; .children_len; .children[0..8]} ∈ [--..--]
   [44].children[9] ∈ {0}
   [45]{.age; .children_len; .children[0..7]} ∈ [--..--]
   [45].children[8..9] ∈ {0}
   [46]{.age; .children_len; .children[0..5]} ∈ [--..--]
   [46].children[6..9] ∈ {0}
   [47]{.age; .children_len; .children[0..3]} ∈ [--..--]
   [47].children[4..9] ∈ {0}
   [48]{.age; .children_len; .children[0..1]} ∈ [--..--]
   [48].children[2..9] ∈ {0}
   [49]{.age; .children_len} ∈ [--..--]
   [49].children[0..9] ∈ {0}
  buf[0..99] ∈ [--..--]
  len ∈ {100}
  __retres ∈ {0}
  S___fc_stdout[0..1] ∈ [--..--]
[eva:summary] ====== ANALYSIS SUMMARY ======
  ----------------------------------------------------------------------------
  5 functions analyzed (out of 7): 71% coverage.
  In these functions, 89 statements reached (out of 89): 100% coverage.
  ----------------------------------------------------------------------------
  No errors or warnings raised during the analysis.
  ----------------------------------------------------------------------------
  1 alarm generated by the analysis:
       1 access out of bounds index
  ----------------------------------------------------------------------------
  Evaluation of the logical properties reached by the analysis:
    Assertions        3 valid     2 unknown     0 invalid      5 total
    Preconditions     7 valid     1 unknown     0 invalid      8 total
  76% of the logical properties reached have been proven.
  ----------------------------------------------------------------------------
4.62user 0.12system 0:04.75elapsed 99%CPU (0avgtext+0avgdata 181008maxresident)k
0inputs+1176outputs (0major+38494minor)pagefaults 0swaps
