[kernel] Parsing kilo.c (with preprocessing)
[kernel] Parsing fc_stubs.c (with preprocessing)
[eva] Option -eva-precision 0 detected, automatic configuration of the analysis:
  option -eva-min-loop-unroll set to 0 (default value).
  option -eva-auto-loop-unroll set to 0 (default value).
  option -eva-widening-delay set to 1.
  option -eva-partition-history set to 0 (default value).
  option -eva-slevel already set to 16 (not modified).
  option -eva-ilevel set to 8 (default value).
  option -eva-plevel set to 10.
  option -eva-subdivide-non-linear set to 0 (default value).
  option -eva-remove-redundant-alarms set to false.
  option -eva-domains set to 'cvalue' (default value).
  option -eva-split-return set to '' (default value).
  option -eva-equality-through-calls set to 'none'.
  option -eva-octagon-through-calls set to false (default value).
[eva] Analyzing a complete application starting at main
[eva:initial-state] Values of globals at initialization
  C_HL_extensions[0] ∈ {{ ".c" }}
                 [1] ∈ {{ ".cpp" }}
                 [2] ∈ {0}
  C_HL_keywords[0] ∈ {{ "switch" }}
               [1] ∈ {{ "if" }}
               [2] ∈ {{ "while" }}
               [3] ∈ {{ "for" }}
               [4] ∈ {{ "break" }}
               [5] ∈ {{ "continue" }}
               [6] ∈ {{ "return" }}
               [7] ∈ {{ "else" }}
               [8] ∈ {{ "struct" }}
               [9] ∈ {{ "union" }}
               [10] ∈ {{ "typedef" }}
               [11] ∈ {{ "static" }}
               [12] ∈ {{ "enum" }}
               [13] ∈ {{ "class" }}
               [14] ∈ {{ "int|" }}
               [15] ∈ {{ "long|" }}
               [16] ∈ {{ "double|" }}
               [17] ∈ {{ "float|" }}
               [18] ∈ {{ "char|" }}
               [19] ∈ {{ "unsigned|" }}
               [20] ∈ {{ "signed|" }}
               [21] ∈ {{ "void|" }}
               [22] ∈ {0}
  HLDB[0].filematch ∈ {{ &C_HL_extensions[0] }}
      [0].keywords ∈ {{ &C_HL_keywords[0] }}
      [0]{.singleline_comment_start[0..1]; .multiline_comment_start[0]} ∈
      {47}
      [0].multiline_comment_start[1] ∈ {42}
      [0].multiline_comment_start[2] ∈ {0}
      [0].multiline_comment_end[0] ∈ {42}
      [0].multiline_comment_end[1] ∈ {47}
      [0].multiline_comment_end[2] ∈ {0}
      [0].flags ∈ {3}
      [0].[bits 224 to 255] ∈ {0}
  E ∈ {0}
  orig_termios ∈ {0}
  editorProcessKeypress_quit_times ∈ {3}
[eva] using specification for function fprintf_va_1
[eva] using specification for function exit
[eva] using specification for function __va_ioctl_ptr
[eva:alarm] kilo.c:321: Warning: 
  accessing uninitialized left-value. assert \initialized(&ws.ws_col);
[eva] using specification for function write
[eva] using specification for function read
[eva:alarm] kilo.c:304: Warning: 
  accessing uninitialized left-value. assert \initialized(&buf[i]);
[eva] kilo.c:302: starting to merge loop iterations
[eva:alarm] kilo.c:310: Warning: 
  accessing uninitialized left-value. assert \initialized(&buf[1]);
[eva] using specification for function sscanf_va_1
[eva:alarm] kilo.c:311: Warning: 
  function sscanf_va_1: precondition valid_read_string(s) got status unknown.
[eva:alarm] kilo.c:336: Warning: 
  accessing uninitialized left-value. assert \initialized(&orig_row);
[eva:alarm] kilo.c:336: Warning: 
  accessing uninitialized left-value. assert \initialized(&orig_col);
[eva] using specification for function snprintf_va_1
[eva:alarm] kilo.c:337: Warning: 
  function strlen: precondition 'valid_string_s' got status unknown.
[eva:alarm] kilo.c:343: Warning: 
  accessing uninitialized left-value. assert \initialized(&ws.ws_row);
[eva] using specification for function perror
[eva:alarm] kilo.c:1256: Warning: 
  signed overflow. assert -2147483648 ≤ E.screenrows - 2;
[eva:alarm] kilo.c:1266: Warning: 
  out of bounds read. assert \valid_read(argv + 1);
[eva:alarm] FRAMAC_SHARE/libc/string.c:290: Warning: 
  out of bounds read. assert \valid_read(haystack + i);
[eva:alarm] FRAMAC_SHARE/libc/string.c:292: Warning: 
  out of bounds read. assert \valid_read(haystack + (size_t)(i + j));
[eva:alarm] FRAMAC_SHARE/libc/string.c:293: Warning: 
  out of bounds read. assert \valid_read(haystack + (size_t)(i + j));
[eva:alarm] kilo.c:1267: Warning: 
  out of bounds read. assert \valid_read(argv + 1);
[eva:alarm] FRAMAC_SHARE/libc/string.c:318: Warning: 
  function strlen: precondition 'valid_string_s' got status unknown.
[eva] FRAMAC_SHARE/libc/string.c:319: allocating variable __malloc_strdup_l319
[eva:alarm] FRAMAC_SHARE/libc/string.c:324: Warning: 
  function memcpy: precondition 'valid_dest' got status unknown.
[eva:alarm] FRAMAC_SHARE/libc/string.c:324: Warning: 
  function memcpy: precondition 'valid_src' got status unknown.
[eva] FRAMAC_SHARE/libc/string.h:101: 
  cannot evaluate ACSL term, unsupported ACSL construct: logic function memcmp
[eva] using specification for function fopen
[eva:alarm] kilo.c:786: Warning: 
  function fopen: precondition 'valid_filename' got status unknown.
[eva] using specification for function ferror
[eva] using specification for function feof
[eva] FRAMAC_SHARE/libc/stdio.c:73: allocating variable __malloc_getline_l73
[eva] using specification for function Frama_C_interval
[eva] using specification for function Frama_C_unsigned_char_interval
[eva] FRAMAC_SHARE/libc/stdio.c:104: allocating variable __realloc_getline_l104
[eva:alarm] FRAMAC_SHARE/libc/stdio.c:90: Warning: 
  out of bounds write. assert \valid(*lineptr + tmp_2);
                       (tmp_2 from cur++)
[eva] FRAMAC_SHARE/libc/stdio.c:83: starting to merge loop iterations
[eva] FRAMAC_SHARE/libc/stdio.c:82: starting to merge loop iterations
[eva:alarm] FRAMAC_SHARE/libc/stdio.c:93: Warning: 
  out of bounds write. assert \valid(*lineptr + cur);
[eva:alarm] kilo.c:799: Warning: 
  accessing uninitialized left-value.
  assert \initialized(line + (ssize_t)(linelen - 1));
[eva:alarm] kilo.c:799: Warning: 
  out of bounds read. assert \valid_read(line + (ssize_t)(linelen - 1));
[eva:alarm] kilo.c:799: Warning: 
  accessing uninitialized left-value.
  assert \initialized(line + (ssize_t)(linelen - 1));
[eva:alarm] kilo.c:799: Warning: 
  out of bounds read. assert \valid_read(line + (ssize_t)(linelen - 1));
[eva:alarm] kilo.c:800: Warning: 
  out of bounds write. assert \valid(line + linelen);
[eva] kilo.c:576: allocating variable __realloc_editorInsertRow_l576
[eva:alarm] kilo.c:581: Warning: 
  out of bounds write. assert \valid(&(E.row + at)->size);
[kernel] kilo.c:581: Warning: 
  all target addresses were invalid. This path is assumed to be dead.
[eva] kilo.c:582: allocating variable __malloc_editorInsertRow_l582
[eva:alarm] kilo.c:583: Warning: 
  function memcpy: precondition 'valid_src' got status unknown.
[eva:alarm] kilo.c:583: Warning: 
  function memcpy: precondition 'valid_dest' got status invalid.
[eva] kilo.c:555: allocating variable __malloc_editorUpdateRow_l555
[eva:alarm] kilo.c:566: Warning: 
  out of bounds write. assert \valid(row->render + idx);
[kernel] kilo.c:566: Warning: 
  all target addresses were invalid. This path is assumed to be dead.
[eva] kilo.c:370: allocating variable __realloc_editorUpdateSyntax_l370
[eva] FRAMAC_SHARE/libc/string.h:134: 
  cannot evaluate ACSL term, unsupported ACSL construct: logic function memset
[eva:alarm] kilo.c:371: Warning: 
  function memset: precondition 'valid_s' got status unknown.
[eva:alarm] kilo.c:583: Warning: 
  function memcpy: precondition 'valid_dest' got status unknown.
[eva:alarm] kilo.c:553: Warning: 
  accessing uninitialized left-value. assert \initialized(row->chars + j);
[eva:alarm] kilo.c:553: Warning: 
  out of bounds read. assert \valid_read(row->chars + j);
[eva] kilo.c:552: starting to merge loop iterations
[eva:alarm] kilo.c:553: Warning: 
  signed overflow. assert tabs + 1 ≤ 2147483647;
[eva:alarm] kilo.c:555: Warning: 
  signed overflow. assert tabs * 8 ≤ 2147483647;
[eva:alarm] kilo.c:555: Warning: 
  signed overflow. assert row->size + (int)(tabs * 8) ≤ 2147483647;
[eva:alarm] kilo.c:555: Warning: 
  signed overflow.
  assert
  (int)((int)(row->size + (int)(tabs * 8)) + (int)(nonprint * 9)) + 1 ≤
  2147483647;
[eva:alarm] kilo.c:558: Warning: 
  accessing uninitialized left-value. assert \initialized(row->chars + j);
[eva:alarm] kilo.c:559: Warning: 
  out of bounds write. assert \valid(row->render + tmp);
                       (tmp from idx++)
[kernel] kilo.c:559: Warning: 
  all target addresses were invalid. This path is assumed to be dead.
[eva:alarm] kilo.c:560: Warning: 
  out of bounds write. assert \valid(row->render + tmp_0);
                       (tmp_0 from idx++)
[eva:alarm] kilo.c:562: Warning: 
  out of bounds write. assert \valid(row->render + tmp_1);
                       (tmp_1 from idx++)
[kernel] kilo.c:562: Warning: 
  all target addresses were invalid. This path is assumed to be dead.
[eva:alarm] kilo.c:558: Warning: 
  out of bounds read. assert \valid_read(row->chars + j);
[eva] kilo.c:560: starting to merge loop iterations
[eva:alarm] kilo.c:560: Warning: signed overflow. assert idx + 1 ≤ 2147483647;
[eva:alarm] kilo.c:562: Warning: 
  out of bounds read. assert \valid_read(row->chars + j);
[kernel] kilo.c:559: 
  more than 10(268435455) locations to update in array. Approximating.
[kernel] kilo.c:562: 
  more than 10(268435455) locations to update in array. Approximating.
[eva:alarm] kilo.c:562: Warning: 
  accessing uninitialized left-value. assert \initialized(row->chars + j);
[eva] kilo.c:557: starting to merge loop iterations
[eva:alarm] kilo.c:559: Warning: signed overflow. assert idx + 1 ≤ 2147483647;
[eva:alarm] kilo.c:562: Warning: signed overflow. assert idx + 1 ≤ 2147483647;
[eva:invalid-assigns] kilo.c:371: 
  Completely invalid destination
  for assigns clause *((char *)s + (0 .. n - 1)). Ignoring.
[eva:alarm] kilo.c:582: Warning: 
  out of bounds write. assert \valid(&(E.row + at)->chars);
[eva:alarm] kilo.c:583: Warning: 
  accessing uninitialized left-value.
  assert \initialized(&(E.row + at)->chars);
[eva:alarm] kilo.c:583: Warning: 
  out of bounds read. assert \valid_read(&(E.row + at)->chars);
[eva:alarm] kilo.c:584: Warning: 
  out of bounds write. assert \valid(&(E.row + at)->hl);
[eva:alarm] kilo.c:585: Warning: 
  out of bounds write. assert \valid(&(E.row + at)->hl_oc);
[eva:alarm] kilo.c:586: Warning: 
  out of bounds write. assert \valid(&(E.row + at)->render);
[eva:alarm] kilo.c:587: Warning: 
  out of bounds write. assert \valid(&(E.row + at)->rsize);
[eva:alarm] kilo.c:588: Warning: 
  out of bounds write. assert \valid(&(E.row + at)->idx);
[eva:alarm] kilo.c:551: Warning: 
  accessing uninitialized left-value. assert \initialized(&row->render);
[eva:alarm] kilo.c:551: Warning: 
  out of bounds read. assert \valid_read(&row->render);
[eva:alarm] kilo.c:552: Warning: 
  accessing uninitialized left-value. assert \initialized(&row->size);
[eva:alarm] kilo.c:552: Warning: 
  out of bounds read. assert \valid_read(&row->size);
[eva:alarm] kilo.c:555: Warning: 
  accessing uninitialized left-value. assert \initialized(&row->size);
[eva:alarm] kilo.c:555: Warning: 
  out of bounds read. assert \valid_read(&row->size);
[eva:alarm] kilo.c:555: Warning: 
  out of bounds write. assert \valid(&row->render);
[eva:alarm] kilo.c:557: Warning: 
  accessing uninitialized left-value. assert \initialized(&row->size);
[eva:alarm] kilo.c:557: Warning: 
  out of bounds read. assert \valid_read(&row->size);
[eva:alarm] kilo.c:565: Warning: 
  out of bounds write. assert \valid(&row->rsize);
[eva:alarm] kilo.c:566: Warning: 
  accessing uninitialized left-value. assert \initialized(&row->render);
[eva:alarm] kilo.c:566: Warning: 
  out of bounds read. assert \valid_read(&row->render);
[eva:alarm] kilo.c:370: Warning: 
  accessing uninitialized left-value. assert \initialized(&row->rsize);
[eva:alarm] kilo.c:370: Warning: 
  accessing uninitialized left-value. assert \initialized(&row->hl);
[eva:alarm] kilo.c:370: Warning: 
  out of bounds read. assert \valid_read(&row->rsize);
[eva:alarm] kilo.c:370: Warning: 
  out of bounds read. assert \valid_read(&row->hl);
[eva:alarm] kilo.c:370: Warning: out of bounds write. assert \valid(&row->hl);
[eva:alarm] kilo.c:371: Warning: 
  accessing uninitialized left-value. assert \initialized(&row->rsize);
[eva:alarm] kilo.c:371: Warning: 
  accessing uninitialized left-value. assert \initialized(&row->hl);
[eva:alarm] kilo.c:371: Warning: 
  out of bounds read. assert \valid_read(&row->rsize);
[eva:alarm] kilo.c:371: Warning: 
  out of bounds read. assert \valid_read(&row->hl);
[eva:alarm] kilo.c:553: Warning: 
  accessing uninitialized left-value. assert \initialized(&row->chars);
[eva:alarm] kilo.c:553: Warning: 
  out of bounds read. assert \valid_read(&row->chars);
[eva:alarm] kilo.c:558: Warning: 
  accessing uninitialized left-value. assert \initialized(&row->chars);
[eva:alarm] kilo.c:558: Warning: 
  out of bounds read. assert \valid_read(&row->chars);
[eva:alarm] kilo.c:559: Warning: 
  accessing uninitialized left-value. assert \initialized(&row->render);
[eva:alarm] kilo.c:559: Warning: 
  out of bounds read. assert \valid_read(&row->render);
[eva:alarm] kilo.c:560: Warning: 
  accessing uninitialized left-value. assert \initialized(&row->render);
[eva:alarm] kilo.c:560: Warning: 
  out of bounds read. assert \valid_read(&row->render);
[eva:alarm] kilo.c:562: Warning: 
  accessing uninitialized left-value. assert \initialized(&row->render);
[eva:alarm] kilo.c:562: Warning: 
  out of bounds read. assert \valid_read(&row->render);
[eva:alarm] kilo.c:562: Warning: 
  accessing uninitialized left-value. assert \initialized(&row->chars);
[eva:alarm] kilo.c:562: Warning: 
  out of bounds read. assert \valid_read(&row->chars);
[eva:alarm] kilo.c:578: Warning: 
  function memmove: precondition 'valid_dest' got status unknown.
[eva:alarm] kilo.c:578: Warning: 
  function memmove: precondition 'valid_src' got status unknown.
[eva] FRAMAC_SHARE/libc/string.h:124: 
  cannot evaluate ACSL term, unsupported ACSL construct: logic function memcmp
[eva:alarm] kilo.c:578: Warning: 
  function memmove: precondition 'valid_dest' got status invalid.
[eva:alarm] kilo.c:579: Warning: 
  out of bounds write. assert \valid(&(E.row + j)->idx);
[eva:alarm] kilo.c:579: Warning: 
  accessing uninitialized left-value. assert \initialized(&(E.row + j)->idx);
[eva:alarm] kilo.c:579: Warning: 
  signed overflow. assert -2147483648 ≤ (E.row + j)->idx + 1;
[eva:alarm] kilo.c:579: Warning: 
  signed overflow. assert (E.row + j)->idx + 1 ≤ 2147483647;
[eva:garbled-mix:write] kilo.c:579: 
  Assigning imprecise value to (E.row + j)->idx
  (pointing to __realloc_w_editorInsertRow_l576 with offsets {1152}).
  The imprecision originates from Misaligned {kilo.c:578}
[eva:alarm] kilo.c:583: Warning: 
  function memcpy: precondition 'separation' got status unknown.
[kernel] kilo.c:583: 
  writing somewhere in {NULL; __malloc_w_editorInsertRow_l582;
                        __malloc_w_editorUpdateRow_l555;
                        __realloc_w_editorUpdateSyntax_l370} because of Misaligned
                                                            {kilo.c:578}.
[eva:alarm] kilo.c:559: Warning: 
  accessing left-value that contains escaping addresses.
  assert ¬\dangling(&row->render);
[eva:alarm] kilo.c:560: Warning: 
  accessing left-value that contains escaping addresses.
  assert ¬\dangling(&row->render);
[eva:alarm] kilo.c:562: Warning: 
  accessing left-value that contains escaping addresses.
  assert ¬\dangling(&row->render);
[eva:alarm] kilo.c:566: Warning: 
  accessing left-value that contains escaping addresses.
  assert ¬\dangling(&row->render);
[eva:alarm] kilo.c:371: Warning: 
  accessing left-value that contains escaping addresses.
  assert ¬\dangling(&row->hl);
[eva:alarm] kilo.c:551: Warning: 
  function free: precondition 'freeable' got status unknown.
[eva:alarm] kilo.c:552: Warning: 
  accessing left-value that contains escaping addresses.
  assert ¬\dangling(&row->size);
[eva:alarm] kilo.c:553: Warning: 
  accessing left-value that contains escaping addresses.
  assert ¬\dangling(&row->chars);
[eva:alarm] kilo.c:552: Warning: signed overflow. assert j + 1 ≤ 2147483647;
[eva:alarm] kilo.c:555: Warning: 
  accessing left-value that contains escaping addresses.
  assert ¬\dangling(&row->size);
[eva:alarm] kilo.c:555: Warning: 
  signed overflow. assert -2147483648 ≤ row->size + (int)(tabs * 8);
[eva:alarm] kilo.c:555: Warning: 
  signed overflow.
  assert
  -2147483648 ≤ (int)(row->size + (int)(tabs * 8)) + (int)(nonprint * 9);
[eva:alarm] kilo.c:555: Warning: 
  signed overflow.
  assert
  (int)(row->size + (int)(tabs * 8)) + (int)(nonprint * 9) ≤ 2147483647;
[eva:alarm] kilo.c:555: Warning: 
  signed overflow.
  assert
  -2147483648 ≤
  (int)((int)(row->size + (int)(tabs * 8)) + (int)(nonprint * 9)) + 1;
[eva:alarm] kilo.c:557: Warning: 
  accessing left-value that contains escaping addresses.
  assert ¬\dangling(&row->size);
[eva:alarm] kilo.c:558: Warning: 
  accessing left-value that contains escaping addresses.
  assert ¬\dangling(&row->chars);
[eva:alarm] kilo.c:562: Warning: 
  accessing left-value that contains escaping addresses.
  assert ¬\dangling(&row->chars);
[eva:alarm] kilo.c:557: Warning: signed overflow. assert j + 1 ≤ 2147483647;
[eva:alarm] kilo.c:370: Warning: 
  accessing left-value that contains escaping addresses.
  assert ¬\dangling(&row->rsize);
[eva:alarm] kilo.c:370: Warning: 
  accessing left-value that contains escaping addresses.
  assert ¬\dangling(&row->hl);
[eva:alarm] kilo.c:370: Warning: 
  function realloc: precondition 'freeable' got status unknown.
[eva:alarm] kilo.c:371: Warning: 
  accessing left-value that contains escaping addresses.
  assert ¬\dangling(&row->rsize);
[eva:alarm] kilo.c:579: Warning: 
  accessing left-value that contains escaping addresses.
  assert ¬\dangling(&(E.row + j)->idx);
[eva:garbled-mix:write] kilo.c:579: 
  Assigning imprecise value to (E.row + j)->idx
  (pointing to __realloc_w_editorInsertRow_l576 with offsets {1152; 1536}).
  The imprecision originates from Misaligned {kilo.c:578}
[eva:alarm] kilo.c:583: Warning: 
  accessing left-value that contains escaping addresses.
  assert ¬\dangling(&(E.row + at)->chars);
[eva:alarm] kilo.c:551: Warning: 
  accessing left-value that contains escaping addresses.
  assert ¬\dangling(&row->render);
[eva:garbled-mix:write] kilo.c:579: 
  Assigning imprecise value to (E.row + j)->idx
  (pointing to __realloc_w_editorInsertRow_l576 with offsets {1152; 1536; 1920}).
  The imprecision originates from Misaligned {kilo.c:578}
[eva:garbled-mix:write] kilo.c:579: 
  Assigning imprecise value to (E.row + j)->idx
  (pointing to __realloc_w_editorInsertRow_l576 with offsets {1152; 1536; 1920;
                                                              2304}).
  The imprecision originates from Misaligned {kilo.c:578}
[eva] kilo.c:798: starting to merge loop iterations
[eva:alarm] kilo.c:576: Warning: 
  signed overflow. assert E.numrows + 1 ≤ 2147483647;
[eva:alarm] kilo.c:579: Warning: signed overflow. assert at + 1 ≤ 2147483647;
[eva:garbled-mix:write] kilo.c:579: 
  Assigning imprecise value to (E.row + j)->idx
  (pointing to __realloc_w_editorInsertRow_l576 with offsets [1152..824633720064],0%384).
  The imprecision originates from Misaligned {kilo.c:578}
[kernel] kilo.c:579: 
  more than 10(2147483644) locations to update in array. Approximating.
[kernel] kilo.c:581: 
  more than 10(2147483645) locations to update in array. Approximating.
[kernel] kilo.c:582: 
  more than 10(2147483645) locations to update in array. Approximating.
[kernel] kilo.c:584: 
  more than 10(2147483645) locations to update in array. Approximating.
[kernel] kilo.c:585: 
  more than 10(2147483645) locations to update in array. Approximating.
[kernel] kilo.c:586: 
  more than 10(2147483645) locations to update in array. Approximating.
[kernel] kilo.c:587: 
  more than 10(2147483645) locations to update in array. Approximating.
[kernel] kilo.c:588: 
  more than 10(2147483645) locations to update in array. Approximating.
[kernel] kilo.c:555: 
  more than 10(2147483645) locations to update in array. Approximating.
[kernel] kilo.c:565: 
  more than 10(2147483645) locations to update in array. Approximating.
[kernel] kilo.c:370: 
  more than 10(2147483645) locations to update in array. Approximating.
[kernel] kilo.c:370: 
  more than 10(2147483645) elements to enumerate. Approximating.
[kernel] kilo.c:551: 
  more than 10(2147483645) elements to enumerate. Approximating.
[kernel] kilo.c:552: 
  more than 10(2147483645) elements to enumerate. Approximating.
[kernel] kilo.c:553: 
  more than 10(2147483645) elements to enumerate. Approximating.
[eva:alarm] kilo.c:591: Warning: 
  signed overflow. assert E.dirty + 1 ≤ 2147483647;
[kernel] kilo.c:579: 
  more than 10(2147483644) elements to enumerate. Approximating.
[kernel] kilo.c:585: 
  more than 10(2147483645) elements to enumerate. Approximating.
[kernel] kilo.c:588: 
  more than 10(2147483645) elements to enumerate. Approximating.
[eva] using specification for function fclose
[eva] using specification for function isatty
[eva] using specification for function atexit
[eva] using specification for function tcgetattr
[eva] using specification for function tcsetattr
[eva] using specification for function vsnprintf
[eva] using specification for function time
[eva:locals-escaping] kilo.c:1269: Warning: 
  locals {__va_args} escaping the scope of a block of main through E
[eva] kilo.c:848: allocating variable __realloc_abAppend_l848
[eva] kilo.c:848: allocating variable __realloc_abAppend_l848_0
[eva:alarm] kilo.c:851: Warning: 
  function memcpy: precondition 'valid_dest' got status unknown.
[eva] using specification for function snprintf_va_2
[eva:alarm] kilo.c:878: Warning: 
  signed overflow. assert -2147483648 ≤ E.screencols - welcomelen;
[eva:alarm] kilo.c:878: Warning: 
  signed overflow. assert E.screencols - welcomelen ≤ 2147483647;
[eva] kilo.c:848: allocating variable __realloc_abAppend_l848_1
[eva] kilo.c:848: allocating variable __realloc_abAppend_l848_2
[eva] kilo.c:883: starting to merge loop iterations
[eva:alarm] kilo.c:883: Warning: 
  signed overflow. assert -2147483648 ≤ padding - 1;
[eva:alarm] kilo.c:848: Warning: 
  signed overflow. assert ab->len + len ≤ 2147483647;
[eva] kilo.c:848: allocating variable __realloc_abAppend_l848_3
[eva:alarm] kilo.c:851: Warning: 
  function memcpy: precondition 'valid_src' got status unknown.
[eva:alarm] kilo.c:853: Warning: 
  signed overflow. assert ab->len + len ≤ 2147483647;
[eva] kilo.c:848: allocating variable __realloc_abAppend_l848_4
[eva:alarm] kilo.c:893: Warning: 
  out of bounds read. assert \valid_read(&r->rsize);
[eva:alarm] kilo.c:897: Warning: 
  accessing left-value that contains escaping addresses.
  assert ¬\dangling(&r->render);
[eva:alarm] kilo.c:898: Warning: 
  accessing left-value that contains escaping addresses.
  assert ¬\dangling(&r->hl);
[eva:alarm] kilo.c:901: Warning: 
  accessing uninitialized left-value. assert \initialized(hl + j);
[eva:alarm] kilo.c:901: Warning: out of bounds read. assert \valid_read(hl + j);
[eva] kilo.c:848: allocating variable __realloc_abAppend_l848_5
[eva:alarm] kilo.c:904: Warning: 
  accessing uninitialized left-value. assert \initialized(c + j);
[eva:alarm] kilo.c:904: Warning: out of bounds read. assert \valid_read(c + j);
[eva:alarm] kilo.c:905: Warning: 
  accessing uninitialized left-value. assert \initialized(c + j);
[eva:alarm] kilo.c:905: Warning: out of bounds read. assert \valid_read(c + j);
[eva] kilo.c:848: allocating variable __realloc_abAppend_l848_6
[eva] kilo.c:848: allocating variable __realloc_abAppend_l848_7
[kernel] kilo.c:851: too many locations to update in array. Approximating.
[eva:alarm] kilo.c:910: Warning: 
  accessing uninitialized left-value. assert \initialized(hl + j);
[eva:alarm] kilo.c:910: Warning: out of bounds read. assert \valid_read(hl + j);
[eva] kilo.c:848: allocating variable __realloc_abAppend_l848_8
[eva:alarm] kilo.c:917: Warning: 
  accessing uninitialized left-value. assert \initialized(hl + j);
[eva:alarm] kilo.c:917: Warning: out of bounds read. assert \valid_read(hl + j);
[eva] using specification for function snprintf_va_3
[eva] kilo.c:848: allocating variable __realloc_abAppend_l848_9
[eva] kilo.c:848: allocating variable __realloc_abAppend_l848_10
[eva] kilo.c:848: allocating variable __realloc_abAppend_l848_11
[eva:alarm] kilo.c:848: Warning: 
  signed overflow. assert -2147483648 ≤ ab->len + len;
[eva:alarm] kilo.c:853: Warning: 
  signed overflow. assert -2147483648 ≤ ab->len + len;
[eva] kilo.c:900: starting to merge loop iterations
[eva] kilo.c:848: allocating variable __realloc_abAppend_l848_12
[eva] kilo.c:848: allocating variable __realloc_abAppend_l848_13
[eva] kilo.c:848: allocating variable __realloc_abAppend_l848_14
[eva:alarm] kilo.c:893: Warning: 
  accessing uninitialized left-value. assert \initialized(&r->rsize);
[eva:alarm] kilo.c:897: Warning: 
  accessing uninitialized left-value. assert \initialized(&r->render);
[eva:alarm] kilo.c:897: Warning: 
  out of bounds read. assert \valid_read(&r->render);
[eva:alarm] kilo.c:898: Warning: 
  accessing uninitialized left-value. assert \initialized(&r->hl);
[eva:alarm] kilo.c:898: Warning: out of bounds read. assert \valid_read(&r->hl);
[eva:garbled-mix:write] kilo.c:897: 
  Assigning imprecise value to c.
  The imprecision originates from Merge {kilo.c:588}
[eva:garbled-mix:write] kilo.c:898: 
  Assigning imprecise value to hl.
  The imprecision originates from Merge {kilo.c:588}
[eva:alarm] kilo.c:893: Warning: 
  accessing left-value that contains escaping addresses.
  assert ¬\dangling(&r->rsize);
[eva:alarm] kilo.c:893: Warning: 
  signed overflow. assert -2147483648 ≤ r->rsize - E.coloff;
[eva:alarm] kilo.c:893: Warning: 
  signed overflow. assert r->rsize - E.coloff ≤ 2147483647;
[eva:garbled-mix:write] kilo.c:893: 
  Assigning imprecise value to len.
  The imprecision originates from Misaligned {kilo.c:578}
[eva:garbled-mix:write] kilo.c:897: 
  Assigning imprecise value to c.
  The imprecision originates from Misaligned {kilo.c:578}
[eva:garbled-mix:write] kilo.c:898: 
  Assigning imprecise value to hl.
  The imprecision originates from Misaligned {kilo.c:578}
[eva:alarm] kilo.c:900: Warning: signed overflow. assert j + 1 ≤ 2147483647;
[eva] kilo.c:870: starting to merge loop iterations
[eva] kilo.c:848: allocating variable __realloc_abAppend_l848_15
[eva] kilo.c:848: allocating variable __realloc_abAppend_l848_16
[eva] using specification for function snprintf_va_4
[eva:alarm] kilo.c:937: Warning: 
  function snprintf_va_4: precondition valid_read_nstring(param0, 20) got status unknown.
[eva] using specification for function snprintf_va_5
[eva] kilo.c:848: allocating variable __realloc_abAppend_l848_17
[eva:alarm] kilo.c:944: Warning: 
  signed overflow. assert -2147483648 ≤ E.screencols - len_0;
[eva:alarm] kilo.c:944: Warning: 
  signed overflow. assert E.screencols - len_0 ≤ 2147483647;
[eva] kilo.c:848: allocating variable __realloc_abAppend_l848_18
[eva] kilo.c:848: allocating variable __realloc_abAppend_l848_19
[eva] kilo.c:848: allocating variable __realloc_abAppend_l848_20
[eva] kilo.c:848: allocating variable __realloc_abAppend_l848_21
[eva:alarm] kilo.c:956: Warning: 
  function strlen: precondition 'valid_string_s' got status unknown.
[eva:alarm] kilo.c:957: Warning: 
  signed overflow.
  assert -9223372036854775808 ≤ tmp_8 - E.statusmsg_time;
  (tmp_8 from time((time_t *)0))
[eva:alarm] kilo.c:957: Warning: 
  signed overflow.
  assert tmp_8 - E.statusmsg_time ≤ 9223372036854775807;
  (tmp_8 from time((time_t *)0))
[eva] kilo.c:848: allocating variable __realloc_abAppend_l848_22
[eva] using specification for function snprintf_va_6
[eva:alarm] kilo.c:974: Warning: 
  function strlen: precondition 'valid_string_s' got status unknown.
[eva] kilo.c:848: allocating variable __realloc_abAppend_l848_23
[eva] kilo.c:848: allocating variable __realloc_abAppend_l848_24
[eva:alarm] kilo.c:976: Warning: 
  function write: precondition 'buf_has_room' got status unknown.
[kernel] kilo.c:893: 
  more than 10(2147483645) elements to enumerate. Approximating.
[kernel] kilo.c:897: 
  more than 10(2147483645) elements to enumerate. Approximating.
[kernel] kilo.c:898: 
  more than 10(2147483645) elements to enumerate. Approximating.
[eva:alarm] kilo.c:254: Warning: 
  accessing uninitialized left-value. assert \initialized((char *)seq);
[eva:alarm] kilo.c:255: Warning: 
  accessing uninitialized left-value. assert \initialized(&seq[1]);
[eva:alarm] kilo.c:258: Warning: 
  accessing uninitialized left-value. assert \initialized(&seq[2]);
[eva:alarm] kilo.c:279: Warning: 
  accessing uninitialized left-value. assert \initialized(&seq[1]);
[eva] kilo.c:576: allocating variable __realloc_editorInsertRow_l576_0
[eva] kilo.c:582: allocating variable __malloc_editorInsertRow_l582_0
[eva] kilo.c:555: allocating variable __malloc_editorUpdateRow_l555_0
[eva] kilo.c:370: allocating variable __realloc_editorUpdateSyntax_l370_0
[eva] kilo.c:576: allocating variable __realloc_editorInsertRow_l576_1
[eva:garbled-mix:write] kilo.c:579: 
  Assigning imprecise value to (E.row + j)->idx
  (pointing to __realloc_editorInsertRow_l576_1 with offsets {768}).
  The imprecision originates from Misaligned {kilo.c:578}
[eva:garbled-mix:write] kilo.c:579: 
  Assigning imprecise value to (E.row + j)->idx
  (pointing to __realloc_editorInsertRow_l576_1 with offsets {1152}).
  The imprecision originates from Misaligned {kilo.c:578}
[eva:garbled-mix:write] kilo.c:579: 
  Assigning imprecise value to (E.row + j)->idx
  (pointing to __realloc_editorInsertRow_l576_1 with offsets {1536}).
  The imprecision originates from Misaligned {kilo.c:578}
[eva:garbled-mix:write] kilo.c:579: 
  Assigning imprecise value to (E.row + j)->idx
  (pointing to __realloc_editorInsertRow_l576_1 with offsets {1920}).
  The imprecision originates from Misaligned {kilo.c:578}
[eva:garbled-mix:write] kilo.c:579: 
  Assigning imprecise value to (E.row + j)->idx
  (pointing to __realloc_editorInsertRow_l576_1 with offsets {2304}).
  The imprecision originates from Misaligned {kilo.c:578}
[eva:garbled-mix:write] kilo.c:579: 
  Assigning imprecise value to (E.row + j)->idx
  (pointing to __realloc_editorInsertRow_l576_1 with offsets {2688}).
  The imprecision originates from Misaligned {kilo.c:578}
[eva:garbled-mix:write] kilo.c:579: 
  Assigning imprecise value to (E.row + j)->idx
  (pointing to __realloc_editorInsertRow_l576_1 with offsets {3072}).
  The imprecision originates from Misaligned {kilo.c:578}
[eva:garbled-mix:write] kilo.c:579: 
  Assigning imprecise value to (E.row + j)->idx
  (pointing to __realloc_editorInsertRow_l576_1 with offsets {3456}).
  The imprecision originates from Misaligned {kilo.c:578}
[eva:garbled-mix:write] kilo.c:579: 
  Assigning imprecise value to (E.row + j)->idx
  (pointing to __realloc_editorInsertRow_l576_1 with offsets {3840}).
  The imprecision originates from Misaligned {kilo.c:578}
[eva:garbled-mix:write] kilo.c:579: 
  Assigning imprecise value to (E.row + j)->idx
  (pointing to __realloc_editorInsertRow_l576_1 with offsets {4224}).
  The imprecision originates from Misaligned {kilo.c:578}
[eva:garbled-mix:write] kilo.c:579: 
  Assigning imprecise value to (E.row + j)->idx
  (pointing to __realloc_editorInsertRow_l576_1 with offsets {4608}).
  The imprecision originates from Misaligned {kilo.c:578}
[eva:garbled-mix:write] kilo.c:579: 
  Assigning imprecise value to (E.row + j)->idx
  (pointing to __realloc_editorInsertRow_l576_1 with offsets {4992}).
  The imprecision originates from Misaligned {kilo.c:578}
[eva:garbled-mix:write] kilo.c:579: 
  Assigning imprecise value to (E.row + j)->idx
  (pointing to __realloc_editorInsertRow_l576_1 with offsets {5376}).
  The imprecision originates from Misaligned {kilo.c:578}
[eva:garbled-mix:write] kilo.c:579: 
  Assigning imprecise value to (E.row + j)->idx
  (pointing to __realloc_editorInsertRow_l576_1 with offsets {5760}).
  The imprecision originates from Misaligned {kilo.c:578}
[eva:garbled-mix:write] kilo.c:579: 
  Assigning imprecise value to (E.row + j)->idx
  (pointing to __realloc_editorInsertRow_l576_1 with offsets {6144}).
  The imprecision originates from Misaligned {kilo.c:578}
[eva:garbled-mix:write] kilo.c:579: 
  Assigning imprecise value to (E.row + j)->idx
  (pointing to __realloc_editorInsertRow_l576_1 with offsets {6528}).
  The imprecision originates from Misaligned {kilo.c:578}
[eva] kilo.c:579: starting to merge loop iterations
[eva:garbled-mix:write] kilo.c:579: 
  Assigning imprecise value to (E.row + j)->idx
  (pointing to __realloc_editorInsertRow_l576_1 with offsets {6528; 6912}).
  The imprecision originates from Misaligned {kilo.c:578}
[eva:garbled-mix:write] kilo.c:579: 
  Assigning imprecise value to (E.row + j)->idx
  (pointing to __realloc_editorInsertRow_l576_1 with offsets {6528; 6912; 7296}).
  The imprecision originates from Misaligned {kilo.c:578}
[eva:garbled-mix:write] kilo.c:579: 
  Assigning imprecise value to (E.row + j)->idx
  (pointing to __realloc_editorInsertRow_l576_1 with offsets [6528..824633720064],0%384).
  The imprecision originates from Misaligned {kilo.c:578}
[kernel] kilo.c:579: 
  more than 10(2147483630) locations to update in array. Approximating.
[eva] kilo.c:582: allocating variable __malloc_editorInsertRow_l582_1
[eva] kilo.c:555: allocating variable __malloc_editorUpdateRow_l555_1
[eva] kilo.c:370: allocating variable __realloc_editorUpdateSyntax_l370_1
[kernel] kilo.c:579: 
  more than 10(2147483646) elements to enumerate. Approximating.
[eva:alarm] kilo.c:726: Warning: 
  accessing left-value that contains escaping addresses.
  assert ¬\dangling(&row->chars);
[eva:alarm] kilo.c:726: Warning: 
  signed overflow. assert -2147483648 ≤ row->size - filecol;
[eva:alarm] kilo.c:726: Warning: 
  signed overflow. assert row->size - filecol ≤ 2147483647;
[eva] kilo.c:576: allocating variable __realloc_editorInsertRow_l576_2
[eva:garbled-mix:write] kilo.c:579: 
  Assigning imprecise value to (E.row + j)->idx
  (pointing to __realloc_editorInsertRow_l576_2 with offsets {1152}).
  The imprecision originates from Misaligned {kilo.c:578}
[eva:garbled-mix:write] kilo.c:579: 
  Assigning imprecise value to (E.row + j)->idx
  (pointing to __realloc_editorInsertRow_l576_2 with offsets {1536}).
  The imprecision originates from Misaligned {kilo.c:578}
[eva:garbled-mix:write] kilo.c:579: 
  Assigning imprecise value to (E.row + j)->idx
  (pointing to __realloc_editorInsertRow_l576_2 with offsets {1920}).
  The imprecision originates from Misaligned {kilo.c:578}
[eva:garbled-mix:write] kilo.c:579: 
  Assigning imprecise value to (E.row + j)->idx
  (pointing to __realloc_editorInsertRow_l576_2 with offsets {2304}).
  The imprecision originates from Misaligned {kilo.c:578}
[eva:garbled-mix:write] kilo.c:579: 
  Assigning imprecise value to (E.row + j)->idx
  (pointing to __realloc_editorInsertRow_l576_2 with offsets {2688}).
  The imprecision originates from Misaligned {kilo.c:578}
[eva:garbled-mix:write] kilo.c:579: 
  Assigning imprecise value to (E.row + j)->idx
  (pointing to __realloc_editorInsertRow_l576_2 with offsets {3072}).
  The imprecision originates from Misaligned {kilo.c:578}
[eva:garbled-mix:write] kilo.c:579: 
  Assigning imprecise value to (E.row + j)->idx
  (pointing to __realloc_editorInsertRow_l576_2 with offsets {3456}).
  The imprecision originates from Misaligned {kilo.c:578}
[eva:garbled-mix:write] kilo.c:579: 
  Assigning imprecise value to (E.row + j)->idx
  (pointing to __realloc_editorInsertRow_l576_2 with offsets {3840}).
  The imprecision originates from Misaligned {kilo.c:578}
[eva:garbled-mix:write] kilo.c:579: 
  Assigning imprecise value to (E.row + j)->idx
  (pointing to __realloc_editorInsertRow_l576_2 with offsets {4224}).
  The imprecision originates from Misaligned {kilo.c:578}
[eva:garbled-mix:write] kilo.c:579: 
  Assigning imprecise value to (E.row + j)->idx
  (pointing to __realloc_editorInsertRow_l576_2 with offsets {4608}).
  The imprecision originates from Misaligned {kilo.c:578}
[eva:garbled-mix:write] kilo.c:579: 
  Assigning imprecise value to (E.row + j)->idx
  (pointing to __realloc_editorInsertRow_l576_2 with offsets {4992}).
  The imprecision originates from Misaligned {kilo.c:578}
[eva:garbled-mix:write] kilo.c:579: 
  Assigning imprecise value to (E.row + j)->idx
  (pointing to __realloc_editorInsertRow_l576_2 with offsets {5376}).
  The imprecision originates from Misaligned {kilo.c:578}
[eva:garbled-mix:write] kilo.c:579: 
  Assigning imprecise value to (E.row + j)->idx
  (pointing to __realloc_editorInsertRow_l576_2 with offsets {5760}).
  The imprecision originates from Misaligned {kilo.c:578}
[eva:garbled-mix:write] kilo.c:579: 
  Assigning imprecise value to (E.row + j)->idx
  (pointing to __realloc_editorInsertRow_l576_2 with offsets {6144}).
  The imprecision originates from Misaligned {kilo.c:578}
[eva:garbled-mix:write] kilo.c:579: 
  Assigning imprecise value to (E.row + j)->idx
  (pointing to __realloc_editorInsertRow_l576_2 with offsets {6528}).
  The imprecision originates from Misaligned {kilo.c:578}
[eva:garbled-mix:write] kilo.c:579: 
  Assigning imprecise value to (E.row + j)->idx
  (pointing to __realloc_editorInsertRow_l576_2 with offsets {6912}).
  The imprecision originates from Misaligned {kilo.c:578}
[eva:garbled-mix:write] kilo.c:579: 
  Assigning imprecise value to (E.row + j)->idx
  (pointing to __realloc_editorInsertRow_l576_2 with offsets {6912; 7296}).
  The imprecision originates from Misaligned {kilo.c:578}
[eva:garbled-mix:write] kilo.c:579: 
  Assigning imprecise value to (E.row + j)->idx
  (pointing to __realloc_editorInsertRow_l576_2 with offsets {6912; 7296; 7680}).
  The imprecision originates from Misaligned {kilo.c:578}
[eva:garbled-mix:write] kilo.c:579: 
  Assigning imprecise value to (E.row + j)->idx
  (pointing to __realloc_editorInsertRow_l576_2 with offsets [6912..824633720064],0%384).
  The imprecision originates from Misaligned {kilo.c:578}
[kernel] kilo.c:579: 
  more than 10(2147483629) locations to update in array. Approximating.
[eva] kilo.c:582: allocating variable __malloc_editorInsertRow_l582_2
[eva:invalid-assigns] kilo.c:583: 
  Completely invalid destination
  for assigns clause *((char *)dest + (0 .. n - 1)). Ignoring.
[eva] kilo.c:555: allocating variable __malloc_editorUpdateRow_l555_2
[eva] kilo.c:370: allocating variable __realloc_editorUpdateSyntax_l370_2
[kernel] kilo.c:579: 
  more than 10(2147483645) elements to enumerate. Approximating.
[eva:alarm] kilo.c:728: Warning: 
  accessing uninitialized left-value. assert \initialized(&row->chars);
[eva:alarm] kilo.c:728: Warning: 
  accessing left-value that contains escaping addresses.
  assert ¬\dangling(&row->chars);
[eva:alarm] kilo.c:728: Warning: 
  out of bounds write. assert \valid(row->chars + filecol);
[eva] kilo.c:555: allocating variable __malloc_editorUpdateRow_l555_3
[eva] kilo.c:370: allocating variable __realloc_editorUpdateSyntax_l370_3
[eva:alarm] kilo.c:733: Warning: 
  signed overflow. assert -2147483648 ≤ E.screenrows - 1;
[eva:alarm] kilo.c:626: Warning: 
  out of bounds read. assert \valid_read(&(E.row + j)->size);
[eva:alarm] kilo.c:626: Warning: 
  signed overflow. assert (E.row + j)->size + 1 ≤ 2147483647;
[eva:alarm] kilo.c:626: Warning: 
  accessing uninitialized left-value. assert \initialized(&(E.row + j)->size);
[eva:alarm] kilo.c:626: Warning: 
  signed overflow.
  assert -2147483648 ≤ totlen + (int)((E.row + j)->size + 1);
[eva:alarm] kilo.c:626: Warning: 
  signed overflow. assert totlen + (int)((E.row + j)->size + 1) ≤ 2147483647;
[eva:alarm] kilo.c:626: Warning: 
  accessing left-value that contains escaping addresses.
  assert ¬\dangling(&(E.row + j)->size);
[eva:alarm] kilo.c:626: Warning: 
  signed overflow. assert -2147483648 ≤ (E.row + j)->size + 1;
[eva:garbled-mix:write] kilo.c:626: 
  Assigning imprecise value to totlen.
  The imprecision originates from Misaligned {kilo.c:578}
[eva] kilo.c:625: starting to merge loop iterations
[eva:garbled-mix:write] kilo.c:627: 
  Assigning imprecise value to *buflen (pointing to len).
  The imprecision originates from Misaligned {kilo.c:578}
[eva:alarm] kilo.c:628: Warning: 
  signed overflow. assert -2147483648 ≤ totlen + 1;
[eva:alarm] kilo.c:628: Warning: 
  signed overflow. assert totlen + 1 ≤ 2147483647;
[eva:garbled-mix:write] kilo.c:628: 
  Assigning imprecise value to totlen.
  The imprecision originates from Misaligned {kilo.c:578}
[eva] kilo.c:630: allocating variable __malloc_editorRowsToString_l630
[eva:alarm] kilo.c:632: Warning: 
  out of bounds read. assert \valid_read(&(E.row + j)->size);
[eva:alarm] kilo.c:632: Warning: 
  accessing left-value that contains escaping addresses.
  assert ¬\dangling(&(E.row + j)->chars);
[eva:alarm] kilo.c:632: Warning: 
  function memcpy: precondition 'valid_dest' got status unknown.
[eva:alarm] kilo.c:632: Warning: 
  function memcpy: precondition 'valid_src' got status unknown.
[eva:invalid-assigns] kilo.c:632: 
  Completely invalid destination
  for assigns clause *((char *)dest + (0 .. n - 1)). Ignoring.
[eva:alarm] kilo.c:634: Warning: out of bounds write. assert \valid(p);
[kernel] kilo.c:634: Warning: 
  all target addresses were invalid. This path is assumed to be dead.
[eva:alarm] kilo.c:632: Warning: 
  accessing uninitialized left-value. assert \initialized(&(E.row + j)->size);
[eva:alarm] kilo.c:632: Warning: 
  accessing uninitialized left-value. assert \initialized(&(E.row + j)->chars);
[eva:alarm] kilo.c:632: Warning: 
  out of bounds read. assert \valid_read(&(E.row + j)->chars);
[eva:alarm] kilo.c:633: Warning: 
  accessing uninitialized left-value. assert \initialized(&(E.row + j)->size);
[eva:alarm] kilo.c:633: Warning: 
  out of bounds read. assert \valid_read(&(E.row + j)->size);
[eva:alarm] kilo.c:632: Warning: 
  accessing left-value that contains escaping addresses.
  assert ¬\dangling(&(E.row + j)->size);
[eva:alarm] kilo.c:633: Warning: 
  accessing left-value that contains escaping addresses.
  assert ¬\dangling(&(E.row + j)->size);
[eva:garbled-mix:write] kilo.c:633: 
  Assigning imprecise value to p.
  The imprecision originates from Misaligned {kilo.c:578}
[eva:alarm] kilo.c:632: Warning: 
  function memcpy: precondition 'separation' got status unknown.
[eva] kilo.c:631: starting to merge loop iterations
[eva:alarm] kilo.c:637: Warning: out of bounds write. assert \valid(p);
[kernel] kilo.c:626: 
  more than 10(2147483647) elements to enumerate. Approximating.
[kernel] kilo.c:632: 
  more than 10(2147483647) elements to enumerate. Approximating.
[eva] using specification for function __va_open_mode_t
[eva:alarm] kilo.c:813: Warning: 
  function __va_open_mode_t: precondition 'valid_filename' got status unknown.
[kernel:annot:missing-spec] FRAMAC_SHARE/libc/unistd.h:860: Warning: 
  Neither code nor specification for function ftruncate,
   generating default assigns. See -generated-spec-* options for more info
[eva] using specification for function ftruncate
[eva:garbled-mix:write] kilo.c:818: 
  Assigning imprecise value to tmp_1.
  The imprecision originates from Misaligned {kilo.c:578}
[eva:alarm] kilo.c:819: Warning: 
  function write: precondition 'buf_has_room' got status unknown.
[eva] using specification for function close
[eva] using specification for function Frama_C_make_unknown
[eva:locals-escaping] kilo.c:830: Warning: 
  locals {__va_args_14} escaping the scope of a block of editorSave through E
[eva:garbled-mix:write] kilo.c:824: 
  Assigning imprecise value to __va_arg0.
  The imprecision originates from Misaligned {kilo.c:578}
[eva:locals-escaping] kilo.c:824: Warning: 
  locals {__va_args} escaping the scope of a block of editorSave through E
[eva:locals-escaping] kilo.c:1014: Warning: 
  locals {__va_args} escaping the scope of a block of editorFind through E
[eva] kilo.c:848: allocating variable __realloc_abAppend_l848_25
[eva] kilo.c:848: allocating variable __realloc_abAppend_l848_26
[eva] kilo.c:848: allocating variable __realloc_abAppend_l848_27
[eva] kilo.c:848: allocating variable __realloc_abAppend_l848_28
[eva] kilo.c:848: allocating variable __realloc_abAppend_l848_29
[eva] kilo.c:848: allocating variable __realloc_abAppend_l848_30
[eva] kilo.c:848: allocating variable __realloc_abAppend_l848_31
[eva] kilo.c:848: allocating variable __realloc_abAppend_l848_32
[eva] kilo.c:848: allocating variable __realloc_abAppend_l848_33
[eva] kilo.c:848: allocating variable __realloc_abAppend_l848_34
[eva] kilo.c:848: allocating variable __realloc_abAppend_l848_35
[eva] kilo.c:848: allocating variable __realloc_abAppend_l848_36
[eva] kilo.c:848: allocating variable __realloc_abAppend_l848_37
[eva] kilo.c:848: allocating variable __realloc_abAppend_l848_38
[eva] kilo.c:848: allocating variable __realloc_abAppend_l848_39
[eva] kilo.c:848: allocating variable __realloc_abAppend_l848_40
[eva] kilo.c:848: allocating variable __realloc_abAppend_l848_41
[eva] kilo.c:848: allocating variable __realloc_abAppend_l848_42
[eva] kilo.c:848: allocating variable __realloc_abAppend_l848_43
[eva] kilo.c:848: allocating variable __realloc_abAppend_l848_44
[eva] kilo.c:848: allocating variable __realloc_abAppend_l848_45
[eva] kilo.c:848: allocating variable __realloc_abAppend_l848_46
[eva] kilo.c:848: allocating variable __realloc_abAppend_l848_47
[eva] kilo.c:848: allocating variable __realloc_abAppend_l848_48
[eva] kilo.c:848: allocating variable __realloc_abAppend_l848_49
[eva] kilo.c:848: allocating variable __realloc_abAppend_l848_50
[eva] using specification for function isprint
[eva:alarm] kilo.c:1034: Warning: 
  function isprint: precondition 'c_uchar_or_eof' got status unknown.
[eva:alarm] kilo.c:1053: Warning: 
  out of bounds read. assert \valid_read(&(E.row + current)->render);
[eva:alarm] kilo.c:1053: Warning: 
  accessing left-value that contains escaping addresses.
  assert ¬\dangling(&(E.row + current)->render);
[eva:alarm] FRAMAC_SHARE/libc/string.c:290: Warning: 
  accessing uninitialized left-value. assert \initialized(haystack + i);
[eva:alarm] FRAMAC_SHARE/libc/string.c:292: Warning: 
  accessing uninitialized left-value.
  assert \initialized(haystack + (size_t)(i + j));
[eva:alarm] FRAMAC_SHARE/libc/string.c:293: Warning: 
  accessing uninitialized left-value.
  assert \initialized(haystack + (size_t)(i + j));
[eva] FRAMAC_SHARE/libc/string.c:292: starting to merge loop iterations
[eva:alarm] FRAMAC_SHARE/libc/string.c:293: Warning: 
  out of bounds read. assert \valid_read(needle + j);
[eva:alarm] FRAMAC_SHARE/libc/string.c:295: Warning: 
  out of bounds read. assert \valid_read(needle + j);
[eva] FRAMAC_SHARE/libc/string.c:290: starting to merge loop iterations
[eva:alarm] kilo.c:1054: Warning: 
  pointer comparison. assert \pointer_comparable((void *)0, (void *)match);
[eva:alarm] kilo.c:1053: Warning: 
  accessing uninitialized left-value.
  assert \initialized(&(E.row + current)->render);
[eva:garbled-mix:write] FRAMAC_SHARE/libc/string.c:289: 
  Assigning imprecise value to __retres.
  The imprecision originates from Merge {kilo.c:588}
[eva:garbled-mix:write] FRAMAC_SHARE/libc/string.c:297: 
  Assigning imprecise value to \result<strstr>.
  The imprecision originates from Merge {kilo.c:588}
[eva:garbled-mix:write] kilo.c:1053: 
  Assigning imprecise value to match.
  The imprecision originates from Merge {kilo.c:588}
[eva:garbled-mix:write] FRAMAC_SHARE/libc/string.c:289: 
  Assigning imprecise value to __retres.
  The imprecision originates from Misaligned {kilo.c:578}
[eva:garbled-mix:write] FRAMAC_SHARE/libc/string.c:297: 
  Assigning imprecise value to \result<strstr>.
  The imprecision originates from Misaligned {kilo.c:578}
[eva:garbled-mix:write] kilo.c:1053: 
  Assigning imprecise value to match.
  The imprecision originates from Misaligned {kilo.c:578}
[eva] kilo.c:1049: starting to merge loop iterations
[eva:alarm] kilo.c:1050: Warning: 
  signed overflow. assert current + find_next ≤ 2147483647;
[kernel] kilo.c:1053: 
  more than 10(2147483647) elements to enumerate. Approximating.
[eva:alarm] kilo.c:1055: Warning: 
  accessing uninitialized left-value.
  assert \initialized(&(E.row + current)->render);
[eva:alarm] kilo.c:1055: Warning: 
  out of bounds read. assert \valid_read(&(E.row + current)->render);
[eva:alarm] kilo.c:1055: Warning: 
  accessing left-value that contains escaping addresses.
  assert ¬\dangling(&(E.row + current)->render);
[eva:alarm] kilo.c:1055: Warning: 
  pointer subtraction.
  assert \base_addr(match) ≡ \base_addr((E.row + current)->render);
[eva:alarm] kilo.c:1055: Warning: 
  signed overflow.
  assert -9223372036854775808 ≤ match - (E.row + current)->render;
[eva:alarm] kilo.c:1055: Warning: 
  signed overflow.
  assert match - (E.row + current)->render ≤ 9223372036854775807;
[eva:garbled-mix:write] kilo.c:1055: 
  Assigning imprecise value to match_offset.
  The imprecision originates from Misaligned {kilo.c:578}
[eva:alarm] kilo.c:1064: Warning: 
  pointer comparison. assert \pointer_comparable((void *)0, (void *)match);
[eva:alarm] kilo.c:1067: Warning: 
  accessing uninitialized left-value. assert \initialized(&row->hl);
[eva:alarm] kilo.c:1067: Warning: 
  out of bounds read. assert \valid_read(&row->hl);
[eva:alarm] kilo.c:1067: Warning: 
  accessing left-value that contains escaping addresses.
  assert ¬\dangling(&row->hl);
[eva:alarm] kilo.c:1067: Warning: 
  pointer comparison. assert \pointer_comparable((void *)0, (void *)row->hl);
[eva:alarm] kilo.c:1069: Warning: 
  accessing uninitialized left-value. assert \initialized(&row->rsize);
[eva:alarm] kilo.c:1069: Warning: 
  out of bounds read. assert \valid_read(&row->rsize);
[eva:alarm] kilo.c:1069: Warning: 
  accessing left-value that contains escaping addresses.
  assert ¬\dangling(&row->rsize);
[eva] kilo.c:1069: allocating variable __malloc_editorFind_l1069
[eva:alarm] kilo.c:1070: Warning: 
  accessing uninitialized left-value. assert \initialized(&row->rsize);
[eva:alarm] kilo.c:1070: Warning: 
  accessing uninitialized left-value. assert \initialized(&row->hl);
[eva:alarm] kilo.c:1070: Warning: 
  out of bounds read. assert \valid_read(&row->rsize);
[eva:alarm] kilo.c:1070: Warning: 
  out of bounds read. assert \valid_read(&row->hl);
[eva:alarm] kilo.c:1070: Warning: 
  accessing left-value that contains escaping addresses.
  assert ¬\dangling(&row->rsize);
[eva:alarm] kilo.c:1070: Warning: 
  accessing left-value that contains escaping addresses.
  assert ¬\dangling(&row->hl);
[eva:alarm] kilo.c:1070: Warning: 
  function memcpy: precondition 'valid_dest' got status unknown.
[eva:alarm] kilo.c:1070: Warning: 
  function memcpy: precondition 'valid_src' got status unknown.
[eva:alarm] kilo.c:1070: Warning: 
  function memcpy: precondition 'separation' got status unknown.
[eva:invalid-assigns] kilo.c:1070: 
  Completely invalid destination
  for assigns clause *((char *)dest + (0 .. n - 1)). Ignoring.
[eva:alarm] kilo.c:1071: Warning: 
  accessing uninitialized left-value. assert \initialized(&row->hl);
[eva:alarm] kilo.c:1071: Warning: 
  out of bounds read. assert \valid_read(&row->hl);
[eva:alarm] kilo.c:1071: Warning: 
  accessing left-value that contains escaping addresses.
  assert ¬\dangling(&row->hl);
[eva:alarm] kilo.c:1071: Warning: 
  function memset: precondition 'valid_s' got status unknown.
[eva:garbled-mix:write] kilo.c:1074: 
  Assigning imprecise value to E.cx.
  The imprecision originates from Misaligned {kilo.c:578}
[eva:alarm] kilo.c:1079: Warning: 
  signed overflow. assert -2147483648 ≤ E.cx - E.screencols;
[eva:alarm] kilo.c:1079: Warning: 
  signed overflow. assert E.cx - E.screencols ≤ 2147483647;
[eva:garbled-mix:write] kilo.c:1079: 
  Assigning imprecise value to diff.
  The imprecision originates from Misaligned {kilo.c:578}
[eva:alarm] kilo.c:1080: Warning: 
  signed overflow. assert -2147483648 ≤ E.cx - diff;
[eva:alarm] kilo.c:1080: Warning: 
  signed overflow. assert E.cx - diff ≤ 2147483647;
[eva:garbled-mix:write] kilo.c:1080: 
  Assigning imprecise value to E.cx.
  The imprecision originates from Misaligned {kilo.c:578}
[eva:alarm] kilo.c:1081: Warning: 
  signed overflow. assert -2147483648 ≤ E.coloff + diff;
[eva:alarm] kilo.c:1081: Warning: 
  signed overflow. assert E.coloff + diff ≤ 2147483647;
[eva:garbled-mix:write] kilo.c:1081: 
  Assigning imprecise value to E.coloff.
  The imprecision originates from Misaligned {kilo.c:578}
[eva:alarm] kilo.c:871: Warning: 
  signed overflow. assert E.rowoff + y ≤ 2147483647;
[eva:alarm] kilo.c:967: Warning: 
  pointer comparison. assert \pointer_comparable((void *)0, (void *)row);
[eva:garbled-mix:write] kilo.c:968: 
  Assigning imprecise value to j_0.
  The imprecision originates from Misaligned {kilo.c:578}
[eva:alarm] kilo.c:968: Warning: 
  signed overflow. assert -2147483648 ≤ E.cx + E.coloff;
[eva:alarm] kilo.c:968: Warning: 
  signed overflow. assert E.cx + E.coloff ≤ 2147483647;
[eva:alarm] kilo.c:969: Warning: 
  accessing uninitialized left-value. assert \initialized(&row->size);
[eva:alarm] kilo.c:969: Warning: 
  out of bounds read. assert \valid_read(&row->size);
[eva:alarm] kilo.c:969: Warning: 
  accessing left-value that contains escaping addresses.
  assert ¬\dangling(&row->size);
[eva:alarm] kilo.c:969: Warning: 
  accessing uninitialized left-value. assert \initialized(&row->chars);
[eva:alarm] kilo.c:969: Warning: 
  out of bounds read. assert \valid_read(&row->chars);
[eva:alarm] kilo.c:969: Warning: 
  accessing left-value that contains escaping addresses.
  assert ¬\dangling(&row->chars);
[eva:alarm] kilo.c:969: Warning: 
  accessing uninitialized left-value. assert \initialized(row->chars + j_0);
[eva:alarm] kilo.c:969: Warning: 
  out of bounds read. assert \valid_read(row->chars + j_0);
[eva:alarm] kilo.c:968: Warning: 
  signed overflow. assert -2147483648 ≤ j_0 + 1;
[eva:alarm] kilo.c:968: Warning: signed overflow. assert j_0 + 1 ≤ 2147483647;
[eva:garbled-mix:write] kilo.c:968: 
  Assigning imprecise value to j_0.
  The imprecision originates from Misaligned {kilo.c:578}
[eva] kilo.c:968: starting to merge loop iterations
[eva:alarm] kilo.c:969: Warning: 
  signed overflow. assert cx + (int)(7 - (int)(cx % 8)) ≤ 2147483647;
[eva:alarm] kilo.c:970: Warning: signed overflow. assert cx + 1 ≤ 2147483647;
[kernel] kilo.c:893: 
  more than 10(2147483647) elements to enumerate. Approximating.
[kernel] kilo.c:898: 
  more than 10(2147483647) elements to enumerate. Approximating.
[kernel] kilo.c:969: 
  more than 10(2147483647) elements to enumerate. Approximating.
[eva:alarm] kilo.c:1062: Warning: 
  accessing uninitialized left-value.
  assert \initialized(&(E.row + saved_hl_line)->rsize);
[eva:alarm] kilo.c:1062: Warning: 
  accessing uninitialized left-value.
  assert \initialized(&(E.row + saved_hl_line)->hl);
[eva:alarm] kilo.c:1062: Warning: 
  out of bounds read. assert \valid_read(&(E.row + saved_hl_line)->rsize);
[eva:alarm] kilo.c:1062: Warning: 
  out of bounds read. assert \valid_read(&(E.row + saved_hl_line)->hl);
[eva:alarm] kilo.c:1062: Warning: 
  accessing left-value that contains escaping addresses.
  assert ¬\dangling(&(E.row + saved_hl_line)->rsize);
[eva:alarm] kilo.c:1062: Warning: 
  accessing left-value that contains escaping addresses.
  assert ¬\dangling(&(E.row + saved_hl_line)->hl);
[eva:alarm] kilo.c:1062: Warning: 
  function memcpy: precondition 'valid_dest' got status unknown.
[eva:alarm] kilo.c:1062: Warning: 
  function memcpy: precondition 'valid_src' got status unknown.
[eva] kilo.c:1013: starting to merge loop iterations
[eva:alarm] kilo.c:939: Warning: 
  signed overflow. assert (int)(E.rowoff + E.cy) + 1 ≤ 2147483647;
[eva:alarm] kilo.c:1027: Warning: 
  accessing uninitialized left-value.
  assert \initialized(&(E.row + saved_hl_line)->rsize);
[eva:alarm] kilo.c:1027: Warning: 
  accessing uninitialized left-value.
  assert \initialized(&(E.row + saved_hl_line)->hl);
[eva:alarm] kilo.c:1027: Warning: 
  out of bounds read. assert \valid_read(&(E.row + saved_hl_line)->rsize);
[eva:alarm] kilo.c:1027: Warning: 
  out of bounds read. assert \valid_read(&(E.row + saved_hl_line)->hl);
[eva:alarm] kilo.c:1027: Warning: 
  accessing left-value that contains escaping addresses.
  assert ¬\dangling(&(E.row + saved_hl_line)->rsize);
[eva:alarm] kilo.c:1027: Warning: 
  accessing left-value that contains escaping addresses.
  assert ¬\dangling(&(E.row + saved_hl_line)->hl);
[eva:alarm] kilo.c:1027: Warning: 
  function memcpy: precondition 'valid_dest' got status unknown.
[eva:alarm] kilo.c:1027: Warning: 
  function memcpy: precondition 'valid_src' got status unknown.
[eva:locals-escaping] kilo.c:1028: Warning: 
  locals {__va_args_25} escaping the scope of a block of editorFind through E
[eva:alarm] kilo.c:1206: Warning: 
  signed overflow. assert -2147483648 ≤ E.screenrows - 1;
[eva:alarm] kilo.c:1210: Warning: 
  signed overflow. assert -2147483648 ≤ times - 1;
[eva:alarm] kilo.c:1156: Warning: 
  signed overflow. assert filecol - rowlen ≤ 2147483647;
[eva:alarm] kilo.c:1154: Warning: 
  pointer comparison. assert \pointer_comparable((void *)0, (void *)row);
[eva:alarm] kilo.c:1154: Warning: 
  accessing uninitialized left-value. assert \initialized(&row->size);
[eva:alarm] kilo.c:1154: Warning: 
  out of bounds read. assert \valid_read(&row->size);
[eva:alarm] kilo.c:1154: Warning: 
  accessing left-value that contains escaping addresses.
  assert ¬\dangling(&row->size);
[eva:garbled-mix:write] kilo.c:1154: 
  Assigning imprecise value to rowlen.
  The imprecision originates from Misaligned {kilo.c:578}
[eva:alarm] kilo.c:1156: Warning: 
  signed overflow. assert -2147483648 ≤ filecol - rowlen;
[eva:alarm] kilo.c:1156: Warning: 
  signed overflow. assert -2147483648 ≤ E.cx - (int)(filecol - rowlen);
[eva:alarm] kilo.c:1156: Warning: 
  signed overflow. assert E.cx - (int)(filecol - rowlen) ≤ 2147483647;
[eva:garbled-mix:write] kilo.c:1156: 
  Assigning imprecise value to E.cx.
  The imprecision originates from Misaligned {kilo.c:578}
[eva:alarm] kilo.c:1158: Warning: 
  signed overflow. assert -2147483648 ≤ E.coloff + E.cx;
[eva:alarm] kilo.c:1158: Warning: 
  signed overflow. assert E.coloff + E.cx ≤ 2147483647;
[eva:garbled-mix:write] kilo.c:1158: 
  Assigning imprecise value to E.coloff.
  The imprecision originates from Misaligned {kilo.c:578}
[kernel] kilo.c:1154: 
  more than 10(2147483646) elements to enumerate. Approximating.
[eva:alarm] kilo.c:1093: Warning: 
  signed overflow. assert -2147483648 ≤ E.coloff + E.cx;
[eva:alarm] kilo.c:1093: Warning: 
  signed overflow. assert E.coloff + E.cx ≤ 2147483647;
[eva:garbled-mix:write] kilo.c:1093: 
  Assigning imprecise value to filecol.
  The imprecision originates from Misaligned {kilo.c:578}
[eva:alarm] kilo.c:1152: Warning: 
  signed overflow. assert -2147483648 ≤ E.coloff + E.cx;
[eva:alarm] kilo.c:1152: Warning: 
  signed overflow. assert E.coloff + E.cx ≤ 2147483647;
[eva:garbled-mix:write] kilo.c:1152: 
  Assigning imprecise value to filecol.
  The imprecision originates from Misaligned {kilo.c:578}
[eva:alarm] kilo.c:1092: Warning: 
  signed overflow. assert E.rowoff + E.cy ≤ 2147483647;
[eva:alarm] kilo.c:1151: Warning: 
  signed overflow. assert E.rowoff + E.cy ≤ 2147483647;
[eva:alarm] kilo.c:1145: Warning: 
  signed overflow. assert E.cy + 1 ≤ 2147483647;
[eva] kilo.c:1210: starting to merge loop iterations
[eva:alarm] kilo.c:1143: Warning: 
  signed overflow. assert E.rowoff + 1 ≤ 2147483647;
[eva:alarm] kilo.c:1142: Warning: 
  signed overflow. assert -2147483648 ≤ E.screenrows - 1;
[eva:alarm] kilo.c:1118: Warning: 
  signed overflow. assert -2147483648 ≤ E.screencols - 1;
[eva:alarm] kilo.c:1126: Warning: 
  signed overflow. assert -2147483648 ≤ E.screenrows - 1;
[eva] kilo.c:576: allocating variable __realloc_editorInsertRow_l576_3
[eva] kilo.c:582: allocating variable __malloc_editorInsertRow_l582_3
[eva] kilo.c:555: allocating variable __malloc_editorUpdateRow_l555_4
[eva] kilo.c:370: allocating variable __realloc_editorUpdateSyntax_l370_4
[eva:alarm] kilo.c:644: Warning: 
  out of bounds read. assert \valid_read(&row->size);
[eva:alarm] kilo.c:647: Warning: 
  signed overflow. assert at - row->size ≤ 2147483647;
[eva:alarm] kilo.c:649: Warning: 
  accessing left-value that contains escaping addresses.
  assert ¬\dangling(&row->chars);
[eva:alarm] kilo.c:649: Warning: 
  signed overflow. assert -2147483648 ≤ row->size + padlen;
[eva:alarm] kilo.c:649: Warning: 
  signed overflow. assert row->size + padlen ≤ 2147483647;
[eva:alarm] kilo.c:649: Warning: 
  signed overflow. assert (int)(row->size + padlen) + 2 ≤ 2147483647;
[eva] kilo.c:649: allocating variable __realloc_editorRowInsertChar_l649
[eva:alarm] kilo.c:650: Warning: 
  accessing left-value that contains escaping addresses.
  assert ¬\dangling(&row->chars);
[eva:alarm] kilo.c:650: Warning: 
  function memset: precondition 'valid_s' got status unknown.
[eva:alarm] kilo.c:651: Warning: 
  accessing left-value that contains escaping addresses.
  assert ¬\dangling(&row->chars);
[eva:alarm] kilo.c:651: Warning: 
  signed overflow. assert -2147483648 ≤ row->size + padlen;
[eva:alarm] kilo.c:651: Warning: 
  signed overflow. assert row->size + padlen ≤ 2147483647;
[eva:alarm] kilo.c:651: Warning: 
  signed overflow. assert (int)(row->size + padlen) + 1 ≤ 2147483647;
[eva:alarm] kilo.c:651: Warning: 
  out of bounds write.
  assert \valid(row->chars + (int)((int)(row->size + padlen) + 1));
[eva:alarm] kilo.c:652: Warning: 
  signed overflow. assert padlen + 1 ≤ 2147483647;
[eva:alarm] kilo.c:652: Warning: 
  signed overflow. assert -2147483648 ≤ row->size + (int)(padlen + 1);
[eva:alarm] kilo.c:652: Warning: 
  signed overflow. assert row->size + (int)(padlen + 1) ≤ 2147483647;
[eva:alarm] kilo.c:656: Warning: 
  accessing left-value that contains escaping addresses.
  assert ¬\dangling(&row->chars);
[eva:alarm] kilo.c:656: Warning: 
  signed overflow. assert row->size + 2 ≤ 2147483647;
[eva] kilo.c:656: allocating variable __realloc_editorRowInsertChar_l656
[eva:alarm] kilo.c:657: Warning: 
  accessing left-value that contains escaping addresses.
  assert ¬\dangling(&row->chars);
[eva:alarm] kilo.c:657: Warning: 
  signed overflow. assert (int)(row->size - at) + 1 ≤ 2147483647;
[eva:alarm] kilo.c:657: Warning: 
  function memmove: precondition 'valid_dest' got status unknown.
[eva:alarm] kilo.c:657: Warning: 
  function memmove: precondition 'valid_src' got status unknown.
[eva:alarm] kilo.c:658: Warning: 
  signed overflow. assert row->size + 1 ≤ 2147483647;
[eva:alarm] kilo.c:660: Warning: 
  accessing left-value that contains escaping addresses.
  assert ¬\dangling(&row->chars);
[eva:alarm] kilo.c:660: Warning: 
  out of bounds write. assert \valid(row->chars + at);
[eva] kilo.c:555: allocating variable __malloc_editorUpdateRow_l555_5
[kernel] kilo.c:566: 
  more than 10(268435455) locations to update in array. Approximating.
[eva] kilo.c:370: allocating variable __realloc_editorUpdateSyntax_l370_5
[eva:alarm] kilo.c:657: Warning: 
  function memmove: precondition 'valid_dest' got status invalid.
[eva:alarm] kilo.c:371: Warning: 
  function memset: precondition 'valid_s' got status invalid.
[eva:alarm] kilo.c:698: Warning: 
  signed overflow. assert -2147483648 ≤ E.screencols - 1;
[eva:alarm] kilo.c:939: Warning: 
  signed overflow. assert -2147483648 ≤ E.rowoff + E.cy;
[eva:alarm] kilo.c:939: Warning: 
  signed overflow. assert E.rowoff + E.cy ≤ 2147483647;
[eva:alarm] kilo.c:965: Warning: 
  signed overflow. assert -2147483648 ≤ E.rowoff + E.cy;
[eva:alarm] kilo.c:965: Warning: 
  signed overflow. assert E.rowoff + E.cy ≤ 2147483647;
[eva:alarm] kilo.c:973: Warning: 
  signed overflow. assert E.cy + 1 ≤ 2147483647;
[eva:alarm] kilo.c:708: Warning: 
  signed overflow. assert -2147483648 ≤ E.rowoff + E.cy;
[eva:alarm] kilo.c:708: Warning: 
  signed overflow. assert E.rowoff + E.cy ≤ 2147483647;
[eva:alarm] kilo.c:709: Warning: 
  signed overflow. assert -2147483648 ≤ E.coloff + E.cx;
[eva:alarm] kilo.c:709: Warning: 
  signed overflow. assert E.coloff + E.cx ≤ 2147483647;
[eva:garbled-mix:write] kilo.c:709: 
  Assigning imprecise value to filecol.
  The imprecision originates from Misaligned {kilo.c:578}
[eva:alarm] kilo.c:712: Warning: 
  pointer comparison. assert \pointer_comparable((void *)0, (void *)row);
[eva:garbled-mix:write] kilo.c:579: 
  Assigning imprecise value to (E.row + j)->idx
  (pointing to __realloc_w_editorInsertRow_l576_0 with offsets [384..824633720064],0%384).
  The imprecision originates from Misaligned {kilo.c:578}
[kernel] kilo.c:579: 
  more than 10(2147483646) locations to update in array. Approximating.
[kernel] kilo.c:581: 
  more than 10(2147483647) locations to update in array. Approximating.
[kernel] kilo.c:582: 
  more than 10(2147483647) locations to update in array. Approximating.
[kernel] kilo.c:583: 
  writing somewhere in {NULL; __malloc_w_editorInsertRow_l582;
                        __malloc_w_editorUpdateRow_l555;
                        __realloc_w_editorUpdateSyntax_l370;
                        __malloc_w_editorInsertRow_l582_0;
                        __malloc_editorInsertRow_l582_1;
                        __malloc_editorInsertRow_l582_2;
                        __realloc_editorRowInsertChar_l649;
                        __realloc_editorRowInsertChar_l656} because of Misaligned
                                                           {kilo.c:578}.
[kernel] kilo.c:583: 
  writing somewhere in {NULL; __malloc_w_editorInsertRow_l582;
                        __malloc_w_editorUpdateRow_l555;
                        __realloc_w_editorUpdateSyntax_l370;
                        __malloc_w_editorInsertRow_l582_0;
                        __malloc_editorUpdateRow_l555_0;
                        __realloc_editorUpdateSyntax_l370_0;
                        __malloc_editorInsertRow_l582_1;
                        __malloc_editorUpdateRow_l555_1;
                        __realloc_editorUpdateSyntax_l370_1;
                        __malloc_editorInsertRow_l582_2;
                        __malloc_editorUpdateRow_l555_2;
                        __realloc_editorUpdateSyntax_l370_2;
                        __malloc_editorUpdateRow_l555_3;
                        __realloc_editorUpdateSyntax_l370_3;
                        __realloc_editorRowInsertChar_l649;
                        __realloc_editorRowInsertChar_l656;
                        __malloc_editorUpdateRow_l555_5;
                        __realloc_editorUpdateSyntax_l370_5} because of Misaligned
                                                            {kilo.c:578}.
[kernel] kilo.c:584: 
  more than 10(2147483647) locations to update in array. Approximating.
[kernel] kilo.c:585: 
  more than 10(2147483647) locations to update in array. Approximating.
[kernel] kilo.c:586: 
  more than 10(2147483647) locations to update in array. Approximating.
[kernel] kilo.c:587: 
  more than 10(2147483647) locations to update in array. Approximating.
[kernel] kilo.c:588: 
  more than 10(2147483647) locations to update in array. Approximating.
[kernel] kilo.c:555: 
  more than 10(2147483647) locations to update in array. Approximating.
[kernel] kilo.c:565: 
  more than 10(2147483647) locations to update in array. Approximating.
[kernel] kilo.c:370: 
  more than 10(2147483647) locations to update in array. Approximating.
[kernel] kilo.c:585: 
  more than 10(2147483647) elements to enumerate. Approximating.
[kernel] kilo.c:588: 
  more than 10(2147483647) elements to enumerate. Approximating.
[kernel] kilo.c:583: 
  writing somewhere in {NULL; __malloc_w_editorInsertRow_l582;
                        __malloc_w_editorUpdateRow_l555;
                        __realloc_w_editorUpdateSyntax_l370;
                        __malloc_w_editorInsertRow_l582_0;
                        __malloc_w_editorUpdateRow_l555_0;
                        __realloc_w_editorUpdateSyntax_l370_0;
                        __malloc_editorInsertRow_l582_1;
                        __malloc_editorUpdateRow_l555_1;
                        __realloc_editorUpdateSyntax_l370_1;
                        __malloc_editorInsertRow_l582_2;
                        __malloc_editorUpdateRow_l555_2;
                        __realloc_editorUpdateSyntax_l370_2;
                        __malloc_editorUpdateRow_l555_3;
                        __realloc_editorUpdateSyntax_l370_3;
                        __realloc_editorRowInsertChar_l649;
                        __realloc_editorRowInsertChar_l656;
                        __malloc_editorUpdateRow_l555_5;
                        __realloc_editorUpdateSyntax_l370_5} because of Misaligned
                                                            {kilo.c:578}.
[eva:alarm] kilo.c:721: Warning: 
  accessing uninitialized left-value. assert \initialized(&row->size);
[eva:alarm] kilo.c:721: Warning: 
  out of bounds read. assert \valid_read(&row->size);
[eva:alarm] kilo.c:721: Warning: 
  accessing left-value that contains escaping addresses.
  assert ¬\dangling(&row->size);
[eva:alarm] kilo.c:721: Warning: 
  accessing uninitialized left-value. assert \initialized(&row->size);
[eva:alarm] kilo.c:721: Warning: 
  out of bounds read. assert \valid_read(&row->size);
[eva:alarm] kilo.c:721: Warning: 
  accessing left-value that contains escaping addresses.
  assert ¬\dangling(&row->size);
[eva:garbled-mix:write] kilo.c:721: 
  Assigning imprecise value to filecol.
  The imprecision originates from Misaligned {kilo.c:578}
[eva:alarm] kilo.c:578: Warning: 
  signed overflow. assert E.numrows - at ≤ 2147483647;
[eva:invalid-assigns] kilo.c:578: 
  Completely invalid destination
  for assigns clause *((char *)dest + (0 .. n - 1)). Ignoring.
[kernel] kilo.c:579: Warning: 
  all target addresses were invalid. This path is assumed to be dead.
[eva:garbled-mix:write] kilo.c:579: 
  Assigning imprecise value to (E.row + j)->idx
  (pointing to __realloc_w_editorInsertRow_l576_1 with offsets [0..824633720064],0%384).
  The imprecision originates from Misaligned {kilo.c:578}
[kernel] kilo.c:579: 
  more than 10(2147483647) locations to update in array. Approximating.
[kernel] kilo.c:583: 
  writing somewhere in {NULL; __malloc_w_editorInsertRow_l582;
                        __malloc_w_editorUpdateRow_l555;
                        __realloc_w_editorUpdateSyntax_l370;
                        __malloc_w_editorInsertRow_l582_0;
                        __malloc_w_editorInsertRow_l582_1;
                        __malloc_editorInsertRow_l582_2;
                        __realloc_editorRowInsertChar_l649;
                        __realloc_editorRowInsertChar_l656} because of Misaligned
                                                           {kilo.c:578}.
[kernel] kilo.c:583: 
  writing somewhere in {NULL; __malloc_w_editorInsertRow_l582;
                        __malloc_w_editorUpdateRow_l555;
                        __realloc_w_editorUpdateSyntax_l370;
                        __malloc_w_editorInsertRow_l582_0;
                        __malloc_w_editorUpdateRow_l555_0;
                        __realloc_w_editorUpdateSyntax_l370_0;
                        __malloc_w_editorInsertRow_l582_1;
                        __malloc_editorUpdateRow_l555_1;
                        __realloc_editorUpdateSyntax_l370_1;
                        __malloc_editorInsertRow_l582_2;
                        __malloc_editorUpdateRow_l555_2;
                        __realloc_editorUpdateSyntax_l370_2;
                        __malloc_editorUpdateRow_l555_3;
                        __realloc_editorUpdateSyntax_l370_3;
                        __realloc_editorRowInsertChar_l649;
                        __realloc_editorRowInsertChar_l656;
                        __malloc_editorUpdateRow_l555_5;
                        __realloc_editorUpdateSyntax_l370_5} because of Misaligned
                                                            {kilo.c:578}.
[eva:alarm] kilo.c:726: Warning: 
  accessing uninitialized left-value. assert \initialized(&row->size);
[eva:alarm] kilo.c:726: Warning: 
  accessing uninitialized left-value. assert \initialized(&row->chars);
[eva:alarm] kilo.c:726: Warning: 
  out of bounds read. assert \valid_read(&row->size);
[eva:alarm] kilo.c:726: Warning: 
  out of bounds read. assert \valid_read(&row->chars);
[eva:alarm] kilo.c:726: Warning: 
  accessing left-value that contains escaping addresses.
  assert ¬\dangling(&row->size);
[eva:garbled-mix:write] kilo.c:579: 
  Assigning imprecise value to (E.row + j)->idx
  (pointing to __realloc_w_editorInsertRow_l576_2 with offsets [0..824633720064],0%384).
  The imprecision originates from Misaligned {kilo.c:578}
[eva:garbled-mix:write] kilo.c:581: 
  Assigning imprecise value to (E.row + at)->size
  (pointing to __realloc_w_editorInsertRow_l576_2 with offsets [32..824633720096],32%384).
  The imprecision originates from Misaligned {kilo.c:578}
[eva:alarm] kilo.c:728: Warning: 
  accessing left-value that contains escaping addresses.
  assert ¬\dangling(&filecol);
[eva:alarm] kilo.c:728: Warning: 
  out of bounds read. assert \valid_read(&row->chars);
[eva:alarm] kilo.c:729: Warning: out of bounds write. assert \valid(&row->size);
[eva:garbled-mix:write] kilo.c:729: 
  Assigning imprecise value to row->size
  (pointing to __realloc_w_editorInsertRow_l576 with offsets [32..824633720096],32%384;
   __realloc_w_editorInsertRow_l576_0 with offsets [32..824633720096],32%384;
  __realloc_w_editorInsertRow_l576_1 with offsets [32..824633720096],32%384;
  __realloc_w_editorInsertRow_l576_2 with offsets [32..824633720096],32%384;
  __realloc_editorInsertRow_l576_3 with offsets {32}).
  The imprecision originates from Misaligned {kilo.c:578}
[kernel] kilo.c:729: 
  more than 10(2147483647) locations to update in array. Approximating.
[eva:alarm] kilo.c:734: Warning: 
  signed overflow. assert E.rowoff + 1 ≤ 2147483647;
[eva:locals-escaping] kilo.c:1184: Warning: 
  locals {__va_args} escaping the scope of a block of editorProcessKeypress through E
[eva:garbled-mix:write] kilo.c:1010: 
  Assigning imprecise value to saved_cx.
  The imprecision originates from Misaligned {kilo.c:578}
[eva:garbled-mix:write] kilo.c:1011: 
  Assigning imprecise value to saved_coloff.
  The imprecision originates from Misaligned {kilo.c:578}
[eva:garbled-mix:write] kilo.c:1024: 
  Assigning imprecise value to E.cx.
  The imprecision originates from Misaligned {kilo.c:578}
[eva:garbled-mix:write] kilo.c:1025: 
  Assigning imprecise value to E.coloff.
  The imprecision originates from Misaligned {kilo.c:578}
[eva:alarm] kilo.c:744: Warning: 
  signed overflow. assert -2147483648 ≤ E.rowoff + E.cy;
[eva:alarm] kilo.c:744: Warning: 
  signed overflow. assert E.rowoff + E.cy ≤ 2147483647;
[eva:alarm] kilo.c:745: Warning: 
  signed overflow. assert -2147483648 ≤ E.coloff + E.cx;
[eva:alarm] kilo.c:745: Warning: 
  signed overflow. assert E.coloff + E.cx ≤ 2147483647;
[eva:garbled-mix:write] kilo.c:745: 
  Assigning imprecise value to filecol.
  The imprecision originates from Misaligned {kilo.c:578}
[eva:alarm] kilo.c:748: Warning: 
  pointer comparison. assert \pointer_comparable((void *)0, (void *)row);
[eva:alarm] kilo.c:752: Warning: 
  signed overflow. assert -2147483648 ≤ filerow - 1;
[eva:alarm] kilo.c:752: Warning: 
  accessing uninitialized left-value.
  assert \initialized(&(E.row + (int)(filerow - 1))->size);
[eva:alarm] kilo.c:752: Warning: 
  out of bounds read. assert \valid_read(&(E.row + (int)(filerow - 1))->size);
[eva:alarm] kilo.c:752: Warning: 
  accessing left-value that contains escaping addresses.
  assert ¬\dangling(&(E.row + (int)(filerow - 1))->size);
[eva:garbled-mix:write] kilo.c:752: 
  Assigning imprecise value to filecol.
  The imprecision originates from Misaligned {kilo.c:578}
[eva:alarm] kilo.c:753: Warning: 
  accessing uninitialized left-value. assert \initialized(&row->size);
[eva:alarm] kilo.c:753: Warning: 
  accessing uninitialized left-value. assert \initialized(&row->chars);
[eva:alarm] kilo.c:753: Warning: 
  out of bounds read. assert \valid_read(&row->size);
[eva:alarm] kilo.c:753: Warning: 
  out of bounds read. assert \valid_read(&row->chars);
[eva:alarm] kilo.c:753: Warning: 
  accessing left-value that contains escaping addresses.
  assert ¬\dangling(&row->size);
[eva:alarm] kilo.c:753: Warning: 
  accessing left-value that contains escaping addresses.
  assert ¬\dangling(&row->chars);
[eva:alarm] kilo.c:667: Warning: 
  accessing uninitialized left-value. assert \initialized(&row->size);
[eva:alarm] kilo.c:667: Warning: 
  accessing uninitialized left-value. assert \initialized(&row->chars);
[eva:alarm] kilo.c:667: Warning: 
  out of bounds read. assert \valid_read(&row->size);
[eva:alarm] kilo.c:667: Warning: 
  out of bounds read. assert \valid_read(&row->chars);
[eva:alarm] kilo.c:667: Warning: 
  accessing left-value that contains escaping addresses.
  assert ¬\dangling(&row->size);
[eva:alarm] kilo.c:667: Warning: 
  accessing left-value that contains escaping addresses.
  assert ¬\dangling(&row->chars);
[eva:alarm] kilo.c:667: Warning: 
  function realloc: precondition 'freeable' got status unknown.
[eva] kilo.c:667: allocating variable __realloc_editorRowAppendString_l667
[eva:alarm] kilo.c:667: Warning: 
  out of bounds write. assert \valid(&row->chars);
[kernel] kilo.c:667: 
  more than 10(2147483646) locations to update in array. Approximating.
[eva:alarm] kilo.c:668: Warning: 
  accessing left-value that contains escaping addresses.
  assert ¬\dangling(&s);
[eva:alarm] kilo.c:668: Warning: 
  accessing left-value that contains escaping addresses.
  assert ¬\dangling(&len);
[eva:alarm] kilo.c:668: Warning: 
  accessing uninitialized left-value. assert \initialized(&row->chars);
[eva:alarm] kilo.c:668: Warning: 
  accessing uninitialized left-value. assert \initialized(&row->size);
[eva:alarm] kilo.c:668: Warning: 
  out of bounds read. assert \valid_read(&row->chars);
[eva:alarm] kilo.c:668: Warning: 
  out of bounds read. assert \valid_read(&row->size);
[eva:alarm] kilo.c:668: Warning: 
  accessing left-value that contains escaping addresses.
  assert ¬\dangling(&row->chars);
[eva:alarm] kilo.c:668: Warning: 
  accessing left-value that contains escaping addresses.
  assert ¬\dangling(&row->size);
[eva:alarm] kilo.c:668: Warning: 
  function memcpy: precondition 'valid_dest' got status unknown.
[eva:alarm] kilo.c:668: Warning: 
  function memcpy: precondition 'valid_src' got status unknown.
[eva:alarm] kilo.c:668: Warning: 
  function memcpy: precondition 'separation' got status unknown.
[eva:alarm] kilo.c:669: Warning: out of bounds write. assert \valid(&row->size);
[eva:alarm] kilo.c:669: Warning: 
  accessing uninitialized left-value. assert \initialized(&row->size);
[eva:alarm] kilo.c:669: Warning: 
  accessing left-value that contains escaping addresses.
  assert ¬\dangling(&row->size);
[eva:garbled-mix:write] kilo.c:669: 
  Assigning imprecise value to row->size
  (pointing to __realloc_w_editorInsertRow_l576 with offsets [32..824633719712],32%384;
   __realloc_w_editorInsertRow_l576_0 with offsets [32..824633719712],32%384;
  __realloc_w_editorInsertRow_l576_1 with offsets [32..824633719712],32%384;
  __realloc_w_editorInsertRow_l576_2 with offsets [32..824633719712],32%384;
  __realloc_editorInsertRow_l576_3 with offsets {32}).
  The imprecision originates from Misaligned
[kernel] kilo.c:669: 
  more than 10(2147483646) locations to update in array. Approximating.
[eva:garbled-mix:write] kilo.c:669: 
  Assigning imprecise value to row->size
  (pointing to __realloc_w_editorInsertRow_l576 with offsets [32..824633719712],32%384;
   __realloc_w_editorInsertRow_l576_0 with offsets [32..824633719712],32%384;
  __realloc_w_editorInsertRow_l576_1 with offsets [32..824633719712],32%384;
  __realloc_w_editorInsertRow_l576_2 with offsets [32..824633719712],32%384;
  __realloc_editorInsertRow_l576_3 with offsets {32}).
  The imprecision originates from Misaligned {kilo.c:578}
[eva:alarm] kilo.c:670: Warning: 
  accessing uninitialized left-value. assert \initialized(&row->chars);
[eva:alarm] kilo.c:670: Warning: 
  accessing uninitialized left-value. assert \initialized(&row->size);
[eva:alarm] kilo.c:670: Warning: 
  out of bounds read. assert \valid_read(&row->chars);
[eva:alarm] kilo.c:670: Warning: 
  out of bounds read. assert \valid_read(&row->size);
[eva:alarm] kilo.c:670: Warning: 
  accessing left-value that contains escaping addresses.
  assert ¬\dangling(&row->chars);
[eva:alarm] kilo.c:670: Warning: 
  accessing left-value that contains escaping addresses.
  assert ¬\dangling(&row->size);
[eva:alarm] kilo.c:670: Warning: 
  out of bounds write. assert \valid(row->chars + row->size);
[eva] kilo.c:555: allocating variable __malloc_editorUpdateRow_l555_6
[kernel] kilo.c:555: 
  more than 10(2147483646) locations to update in array. Approximating.
[kernel] kilo.c:565: 
  more than 10(2147483646) locations to update in array. Approximating.
[eva] kilo.c:370: allocating variable __realloc_editorUpdateSyntax_l370_6
[kernel] kilo.c:370: 
  more than 10(2147483646) locations to update in array. Approximating.
[kernel] kilo.c:370: 
  more than 10(2147483646) elements to enumerate. Approximating.
[kernel] kilo.c:551: 
  more than 10(2147483646) elements to enumerate. Approximating.
[kernel] kilo.c:553: 
  more than 10(2147483646) elements to enumerate. Approximating.
[eva:alarm] kilo.c:596: Warning: 
  accessing uninitialized left-value. assert \initialized(&row->render);
[eva:alarm] kilo.c:596: Warning: 
  out of bounds read. assert \valid_read(&row->render);
[eva:alarm] kilo.c:596: Warning: 
  accessing left-value that contains escaping addresses.
  assert ¬\dangling(&row->render);
[eva:alarm] kilo.c:596: Warning: 
  function free: precondition 'freeable' got status unknown.
[eva:alarm] kilo.c:597: Warning: 
  accessing uninitialized left-value. assert \initialized(&row->chars);
[eva:alarm] kilo.c:597: Warning: 
  out of bounds read. assert \valid_read(&row->chars);
[eva:alarm] kilo.c:597: Warning: 
  accessing left-value that contains escaping addresses.
  assert ¬\dangling(&row->chars);
[eva:alarm] kilo.c:597: Warning: 
  function free: precondition 'freeable' got status unknown.
[eva:alarm] kilo.c:598: Warning: 
  accessing uninitialized left-value. assert \initialized(&row->hl);
[eva:alarm] kilo.c:598: Warning: 
  out of bounds read. assert \valid_read(&row->hl);
[eva:alarm] kilo.c:598: Warning: 
  accessing left-value that contains escaping addresses.
  assert ¬\dangling(&row->hl);
[eva:alarm] kilo.c:598: Warning: 
  function free: precondition 'freeable' got status unknown.
[kernel] kilo.c:596: 
  more than 10(2147483646) elements to enumerate. Approximating.
[kernel] kilo.c:597: 
  more than 10(2147483646) elements to enumerate. Approximating.
[kernel] kilo.c:598: 
  more than 10(2147483646) elements to enumerate. Approximating.
[eva:alarm] kilo.c:609: Warning: 
  function memmove: precondition 'valid_dest' got status unknown.
[eva:alarm] kilo.c:609: Warning: 
  function memmove: precondition 'valid_src' got status unknown.
[eva:alarm] kilo.c:610: Warning: 
  out of bounds write. assert \valid(&(E.row + j)->idx);
[eva:alarm] kilo.c:610: Warning: 
  accessing uninitialized left-value. assert \initialized(&(E.row + j)->idx);
[eva:alarm] kilo.c:610: Warning: 
  accessing left-value that contains escaping addresses.
  assert ¬\dangling(&(E.row + j)->idx);
[eva:alarm] kilo.c:610: Warning: 
  signed overflow. assert -2147483648 ≤ (E.row + j)->idx + 1;
[eva:alarm] kilo.c:610: Warning: 
  signed overflow. assert (E.row + j)->idx + 1 ≤ 2147483647;
[eva:garbled-mix:write] kilo.c:610: 
  Assigning imprecise value to (E.row + j)->idx
  (pointing to __realloc_w_editorInsertRow_l576 with offsets [384..824633719680],0%384;
   __realloc_w_editorInsertRow_l576_0 with offsets [384..824633719680],0%384;
  __realloc_w_editorInsertRow_l576_1 with offsets [384..824633719680],0%384;
  __realloc_w_editorInsertRow_l576_2 with offsets [384..824633719680],0%384).
  The imprecision originates from Misaligned
[kernel] kilo.c:610: 
  more than 10(2147483645) locations to update in array. Approximating.
[kernel] kilo.c:610: 
  more than 10(2147483645) elements to enumerate. Approximating.
[eva:alarm] kilo.c:759: Warning: 
  signed overflow. assert -2147483648 ≤ E.cy - 1;
[eva:alarm] kilo.c:760: Warning: 
  accessing left-value that contains escaping addresses.
  assert ¬\dangling(&filecol);
[eva:garbled-mix:write] kilo.c:760: 
  Assigning imprecise value to E.cx.
  The imprecision originates from Misaligned {kilo.c:578}
[eva:alarm] kilo.c:762: Warning: 
  signed overflow. assert -2147483648 ≤ E.screencols - E.cx;
[eva:alarm] kilo.c:762: Warning: 
  signed overflow. assert E.screencols - E.cx ≤ 2147483647;
[eva:alarm] kilo.c:762: Warning: 
  signed overflow. assert -2147483648 ≤ (int)(E.screencols - E.cx) + 1;
[eva:alarm] kilo.c:762: Warning: 
  signed overflow. assert (int)(E.screencols - E.cx) + 1 ≤ 2147483647;
[eva:garbled-mix:write] kilo.c:762: 
  Assigning imprecise value to shift.
  The imprecision originates from Misaligned {kilo.c:578}
[eva:alarm] kilo.c:763: Warning: 
  signed overflow. assert -2147483648 ≤ E.cx - shift;
[eva:alarm] kilo.c:763: Warning: 
  signed overflow. assert E.cx - shift ≤ 2147483647;
[eva:garbled-mix:write] kilo.c:763: 
  Assigning imprecise value to E.cx.
  The imprecision originates from Misaligned {kilo.c:578}
[eva:alarm] kilo.c:764: Warning: 
  accessing left-value that contains escaping addresses.
  assert ¬\dangling(&E.coloff);
[eva:alarm] kilo.c:764: Warning: 
  signed overflow. assert -2147483648 ≤ E.coloff + shift;
[eva:alarm] kilo.c:764: Warning: 
  signed overflow. assert E.coloff + shift ≤ 2147483647;
[eva:garbled-mix:write] kilo.c:764: 
  Assigning imprecise value to E.coloff.
  The imprecision originates from Misaligned {kilo.c:578}
[eva:alarm] kilo.c:767: Warning: 
  signed overflow. assert -2147483648 ≤ filecol - 1;
[eva:alarm] kilo.c:767: Warning: 
  signed overflow. assert filecol - 1 ≤ 2147483647;
[eva:alarm] kilo.c:677: Warning: 
  accessing uninitialized left-value. assert \initialized(&row->size);
[eva:alarm] kilo.c:677: Warning: 
  out of bounds read. assert \valid_read(&row->size);
[eva:alarm] kilo.c:677: Warning: 
  accessing left-value that contains escaping addresses.
  assert ¬\dangling(&row->size);
[eva:alarm] kilo.c:678: Warning: 
  accessing uninitialized left-value. assert \initialized(&row->size);
[eva:alarm] kilo.c:678: Warning: 
  accessing uninitialized left-value. assert \initialized(&row->chars);
[eva:alarm] kilo.c:678: Warning: 
  out of bounds read. assert \valid_read(&row->size);
[eva:alarm] kilo.c:678: Warning: 
  out of bounds read. assert \valid_read(&row->chars);
[eva:alarm] kilo.c:678: Warning: 
  accessing left-value that contains escaping addresses.
  assert ¬\dangling(&row->size);
[eva:alarm] kilo.c:678: Warning: 
  accessing left-value that contains escaping addresses.
  assert ¬\dangling(&row->chars);
[eva:alarm] kilo.c:678: Warning: 
  signed overflow. assert -2147483648 ≤ row->size - at;
[eva:alarm] kilo.c:678: Warning: 
  signed overflow. assert row->size - at ≤ 2147483647;
[eva:alarm] kilo.c:678: Warning: 
  function memmove: precondition 'valid_dest' got status unknown.
[eva:alarm] kilo.c:678: Warning: 
  function memmove: precondition 'valid_src' got status unknown.
[eva] kilo.c:555: allocating variable __malloc_editorUpdateRow_l555_7
[eva] kilo.c:370: allocating variable __realloc_editorUpdateSyntax_l370_7
Command exited with non-zero status 124
1799.20user 0.70system 30:00.04elapsed 99%CPU (0avgtext+0avgdata 355980maxresident)k
0inputs+5344outputs (0major+145098minor)pagefaults 0swaps
