[kernel] Parsing fc_stubs.c (with preprocessing)
[kernel] Parsing examples/full_api.c (with preprocessing)
[eva] Option -eva-precision 0 detected, automatic configuration of the analysis:
  option -eva-min-loop-unroll already set to 2 (not modified).
  option -eva-auto-loop-unroll already set to 362 (not modified).
  option -eva-widening-delay already set to 21 (not modified).
  option -eva-partition-history set to 0 (default value).
  option -eva-slevel already set to 693 (not modified).
  option -eva-ilevel already set to 448 (not modified).
  option -eva-plevel already set to 2494 (not modified).
  option -eva-subdivide-non-linear already set to 134 (not modified).
  option -eva-remove-redundant-alarms set to false.
  option -eva-domains already set to '@default,cvalue,equality,gauges,octagon,symbolic-locations' (not modified).
  option -eva-split-return set to '' (default value).
  option -eva-equality-through-calls set to 'none'.
  option -eva-octagon-through-calls already set to true (not modified).
[eva] Analyzing a complete application starting at eva_main
[eva:initial-state] Values of globals at initialization
  _kgflags_g ∈ {0}
[eva] using specification for function Frama_C_interval
[eva] using specification for function Frama_C_make_unknown
[eva] FRAMAC_SHARE/libc/string.h:134: 
  cannot evaluate ACSL term, unsupported ACSL construct: logic function memset
[eva] using specification for function strstr
[eva] FRAMAC_SHARE/libc/string.h:243: 
  cannot evaluate ACSL term, unsupported ACSL construct: logic function memcmp
[eva] using specification for function strcmp
[eva] FRAMAC_SHARE/libc/string.h:156: 
  cannot evaluate ACSL term, unsupported ACSL construct: logic function strcmp
[eva:alarm] kgflags.h:608: Warning: 
  function strcmp: precondition 'valid_string_s2' got status unknown.
[eva:alarm] kgflags.h:612: Warning: 
  function strcmp: precondition 'valid_string_s2' got status unknown.
[eva:loop-unroll:partial] kgflags.h:606: loop not completely unrolled
[eva] using specification for function strncmp
[eva] FRAMAC_SHARE/libc/string.h:163: 
  cannot evaluate ACSL term, unsupported ACSL construct: logic function strncmp
[eva:alarm] kgflags.h:608: Warning: 
  function strcmp: precondition 'valid_string_s1' got status unknown.
[eva:alarm] kgflags.h:611: Warning: 
  function strstr: precondition 'valid_string_haystack' got status unknown.
[eva:alarm] kgflags.h:612: Warning: 
  function strcmp: precondition 'valid_string_s1' got status invalid.
[eva:alarm] kgflags.h:735: Warning: 
  out of bounds write. assert \valid(flag->result.bool_value);
[eva] using specification for function strtol
[eva:alarm] kgflags.h:753: Warning: 
  out of bounds write. assert \valid(flag->result.int_value);
[eva] using specification for function strtod
[eva:alarm] kgflags.h:641: Warning: 
  non-finite float value. assert \is_finite((float)INFINITY);
[eva:alarm] kgflags.h:641: Warning: 
  non-finite double value. assert \is_finite(res);
[eva:loop-unroll:partial] kgflags.h:784: loop not completely unrolled
[eva] kgflags.h:778: Trace partitioning superposing up to 100 states
[eva] kgflags.h:778: Trace partitioning superposing up to 200 states
[eva] kgflags.h:778: Trace partitioning superposing up to 300 states
[eva] kgflags.h:778: Trace partitioning superposing up to 400 states
[eva] kgflags.h:778: Trace partitioning superposing up to 500 states
[eva] kgflags.h:778: Trace partitioning superposing up to 600 states
[eva] kgflags.h:778: starting to merge loop iterations
[eva] kgflags.h:778: Trace partitioning superposing up to 700 states
[eva:alarm] kgflags.h:784: Warning: 
  signed overflow. assert count + 1 ≤ 2147483647;
[eva:alarm] kgflags.h:787: Warning: 
  out of bounds write. assert \valid(&arr->_items);
[eva:alarm] kgflags.h:788: Warning: 
  out of bounds write. assert \valid(&arr->_count);
[eva:loop-unroll:partial] kgflags.h:809: loop not completely unrolled
[eva] kgflags.h:796: starting to merge loop iterations
[eva] kgflags.h:809: Trace partitioning superposing up to 800 states
[eva:alarm] kgflags.h:809: Warning: 
  signed overflow. assert count_0 + 1 ≤ 2147483647;
[eva:alarm] kgflags.h:813: Warning: 
  out of bounds write. assert \valid(&arr_0->_items);
[eva:alarm] kgflags.h:814: Warning: 
  out of bounds write. assert \valid(&arr_0->_count);
[eva:loop-unroll:partial] kgflags.h:836: loop not completely unrolled
[eva] kgflags.h:823: starting to merge loop iterations
[eva:alarm] kgflags.h:836: Warning: 
  signed overflow. assert count_1 + 1 ≤ 2147483647;
[eva:alarm] kgflags.h:840: Warning: 
  out of bounds write. assert \valid(&arr_1->_items);
[eva:alarm] kgflags.h:841: Warning: 
  out of bounds write. assert \valid(&arr_1->_count);
[eva:loop-unroll:partial] kgflags.h:369: loop not completely unrolled
[eva:loop-unroll:partial] kgflags.h:373: loop not completely unrolled
[eva:loop-unroll:partial] kgflags.h:380: loop not completely unrolled
Command exited with non-zero status 124
1776.51user 23.99system 30:00.67elapsed 99%CPU (0avgtext+0avgdata 6000484maxresident)k
0inputs+2656outputs (0major+1501175minor)pagefaults 0swaps
