[kernel] Parsing jsmn.c (with preprocessing)
[kernel] Parsing example/simple.c (with preprocessing)
[eva] Splitting return states on:
  \return(tmpfile) == 0 (auto)
  \return(tmpnam) == 0 (auto)
  \return(fopen) == 0 (auto)
  \return(fdopen) == 0 (auto)
  \return(freopen) == 0 (auto)
  \return(fgets) == 0 (auto)
  \return(gets) == 0 (auto)
  \return(popen) == 0 (auto)
  \return(fmemopen) == 0 (auto)
  \return(seed48) == 0 (auto)
  \return(calloc) == 0 (auto)
  \return(malloc) == 0 (auto)
  \return(realloc) == 0 (auto)
  \return(reallocarray) == 0 (auto)
  \return(getenv) == 0 (auto)
  \return(bsearch) == 0 (auto)
  \return(memchr) == 0 (auto)
  \return(memcpy) == 0 (auto)
  \return(mempcpy) == 0 (auto)
  \return(memmove) == 0 (auto)
  \return(memset) == 0 (auto)
  \return(strncmp) == 0 (auto)
  \return(strchr) == 0 (auto)
  \return(strchrnul) == 0 (auto)
  \return(strrchr) == 0 (auto)
  \return(strpbrk) == 0 (auto)
  \return(strstr) == 0 (auto)
  \return(strcasestr) == 0 (auto)
  \return(strtok) == 0 (auto)
  \return(strtok_r) == 0 (auto)
  \return(strsep) == 0 (auto)
  \return(strerror) == 0 (auto)
  \return(strcpy) == 0 (auto)
  \return(strncpy) == 0 (auto)
  \return(stpcpy) == 0 (auto)
  \return(strcat) == 0 (auto)
  \return(strncat) == 0 (auto)
  \return(strdup) == 0 (auto)
  \return(strndup) == 0 (auto)
  \return(strsignal) == 0 (auto)
  \return(jsmn_alloc_token) == 0 (auto)
  \return(jsoneq) == 0 (auto)
[eva] Analyzing a complete application starting at main
[eva:initial-state] Values of globals at initialization
  JSON_STRING ∈
             {{ "{\"user\": \"johndoe\", \"admin\": false, \"uid\": 1000,\n  \"groups\": [\"users\", \"wheel\", \"audio\", \"video\"]}" }}
[eva:loop-unroll:partial] jsmn.c:93: loop not completely unrolled
[eva:loop-unroll:partial] jsmn.c:158: loop not completely unrolled
[eva:loop-unroll:auto] jsmn.c:250: Automatic loop unrolling.
[eva:loop-unroll:partial] jsmn.c:42: loop not completely unrolled
[eva:loop-unroll:auto] jsmn.c:209: Automatic loop unrolling.
[eva:loop-unroll:auto] jsmn.c:222: Automatic loop unrolling.
[eva:loop-unroll:auto] jsmn.c:294: Automatic loop unrolling.
[eva] using specification for function strncmp
[eva] FRAMAC_SHARE/libc/string.h:163: 
  cannot evaluate ACSL term, unsupported ACSL construct: logic function strncmp
[eva] using specification for function printf_va_3
[eva] using specification for function printf_va_8
[eva] using specification for function printf_va_4
[eva] using specification for function printf_va_5
[eva] using specification for function printf_va_6
[eva:loop-unroll:auto] example/simple.c:65: Automatic loop unrolling.
[eva] using specification for function printf_va_7
[eva:loop-unroll:partial] example/simple.c:43: loop not completely unrolled
[eva:alarm] example/simple.c:51: Warning: 
  accessing uninitialized left-value.
  assert \initialized(&t[(int)(i + 1)].start);
[eva] ====== VALUES COMPUTED ======
[eva:final-states] Values at end of function jsmn_alloc_token:
  tok ∈
     {{ &t{[0], [1], [2], [3], [4], [5], [6], [7], [8], [9], [10], [11], [12]} }}
  p.pos ∈ {0; 6; 17; 26; 34; 40; 47; 58; 61; 68; 77; 86; 95}
   .toknext ∈ [1..13]
   .toksuper ∈ {-1; 0; 1; 3; 5; 7; 8}
  t[0].type ∈ {JSMN_OBJECT} or UNINITIALIZED
   [0].start ∈ {-1; 0}
   [0].end ∈ {-1}
   [0].size ∈ {0; 1; 2; 3; 4}
   [1].type ∈ {JSMN_STRING} or UNINITIALIZED
   [1].start ∈ {-1; 2} or UNINITIALIZED
   [1].end ∈ {-1; 6} or UNINITIALIZED
   [1].size ∈ {0; 1} or UNINITIALIZED
   [2].type ∈ {JSMN_STRING} or UNINITIALIZED
   [2].start ∈ {-1; 10} or UNINITIALIZED
   [2].end ∈ {-1; 17} or UNINITIALIZED
   [2].size ∈ {0} or UNINITIALIZED
   [3].type ∈ {JSMN_STRING} or UNINITIALIZED
   [3].start ∈ {-1; 21} or UNINITIALIZED
   [3].end ∈ {-1; 26} or UNINITIALIZED
   [3].size ∈ {0; 1} or UNINITIALIZED
   [4].type ∈ {JSMN_PRIMITIVE} or UNINITIALIZED
   [4].start ∈ {-1; 29} or UNINITIALIZED
   [4].end ∈ {-1; 34} or UNINITIALIZED
   [4].size ∈ {0} or UNINITIALIZED
   [5].type ∈ {JSMN_STRING} or UNINITIALIZED
   [5].start ∈ {-1; 37} or UNINITIALIZED
   [5].end ∈ {-1; 40} or UNINITIALIZED
   [5].size ∈ {0; 1} or UNINITIALIZED
   [6].type ∈ {JSMN_PRIMITIVE} or UNINITIALIZED
   [6].start ∈ {-1; 43} or UNINITIALIZED
   [6].end ∈ {-1; 47} or UNINITIALIZED
   [6].size ∈ {0} or UNINITIALIZED
   [7].type ∈ {JSMN_STRING} or UNINITIALIZED
   [7].start ∈ {-1; 52} or UNINITIALIZED
   [7].end ∈ {-1; 58} or UNINITIALIZED
   [7].size ∈ {0; 1} or UNINITIALIZED
   [8].type ∈ {JSMN_ARRAY} or UNINITIALIZED
   [8].start ∈ {-1; 61} or UNINITIALIZED
   [8].end ∈ {-1} or UNINITIALIZED
   [8].size ∈ {0; 1; 2; 3} or UNINITIALIZED
   [9].type ∈ {JSMN_STRING} or UNINITIALIZED
   [9].start ∈ {-1; 63} or UNINITIALIZED
   [9].end ∈ {-1; 68} or UNINITIALIZED
   [9].size ∈ {0} or UNINITIALIZED
   [10].type ∈ {JSMN_STRING} or UNINITIALIZED
   [10].start ∈ {-1; 72} or UNINITIALIZED
   [10].end ∈ {-1; 77} or UNINITIALIZED
   [10].size ∈ {0} or UNINITIALIZED
   [11].type ∈ {JSMN_STRING} or UNINITIALIZED
   [11].start ∈ {-1; 81} or UNINITIALIZED
   [11].end ∈ {-1; 86} or UNINITIALIZED
   [11].size ∈ {0} or UNINITIALIZED
   [12].type ∈ UNINITIALIZED
   [12]{.start; .end} ∈ {-1} or UNINITIALIZED
   [12].size ∈ {0} or UNINITIALIZED
   [13..127] ∈ UNINITIALIZED
  __retres ∈
          {{ &t{[0], [1], [2], [3], [4], [5], [6], [7], [8], [9], [10], [11],
                [12]} }}
[eva:final-states] Values at end of function jsmn_fill_token:
  t[0].type ∈ {JSMN_OBJECT}
   [0].start ∈ {0}
   [0].end ∈ {-1}
   [0].size ∈ {0; 1; 2; 3; 4}
   [1].type ∈ {JSMN_STRING}
   [1].start ∈ {2}
   [1].end ∈ {6}
   [1].size ∈ {0; 1}
   [2].type ∈ {JSMN_STRING} or UNINITIALIZED
   [2].start ∈ {10} or UNINITIALIZED
   [2].end ∈ {17} or UNINITIALIZED
   [2].size ∈ {0} or UNINITIALIZED
   [3].type ∈ {JSMN_STRING} or UNINITIALIZED
   [3].start ∈ {21} or UNINITIALIZED
   [3].end ∈ {26} or UNINITIALIZED
   [3].size ∈ {0; 1} or UNINITIALIZED
   [4].type ∈ {JSMN_PRIMITIVE} or UNINITIALIZED
   [4].start ∈ {29} or UNINITIALIZED
   [4].end ∈ {34} or UNINITIALIZED
   [4].size ∈ {0} or UNINITIALIZED
   [5].type ∈ {JSMN_STRING} or UNINITIALIZED
   [5].start ∈ {37} or UNINITIALIZED
   [5].end ∈ {40} or UNINITIALIZED
   [5].size ∈ {0; 1} or UNINITIALIZED
   [6].type ∈ {JSMN_PRIMITIVE} or UNINITIALIZED
   [6].start ∈ {43} or UNINITIALIZED
   [6].end ∈ {47} or UNINITIALIZED
   [6].size ∈ {0} or UNINITIALIZED
   [7].type ∈ {JSMN_STRING} or UNINITIALIZED
   [7].start ∈ {52} or UNINITIALIZED
   [7].end ∈ {58} or UNINITIALIZED
   [7].size ∈ {0; 1} or UNINITIALIZED
   [8].type ∈ {JSMN_ARRAY} or UNINITIALIZED
   [8].start ∈ {61} or UNINITIALIZED
   [8].end ∈ {-1} or UNINITIALIZED
   [8].size ∈ {0; 1; 2; 3} or UNINITIALIZED
   [9].type ∈ {JSMN_STRING} or UNINITIALIZED
   [9].start ∈ {63} or UNINITIALIZED
   [9].end ∈ {68} or UNINITIALIZED
   [9].size ∈ {0} or UNINITIALIZED
   [10].type ∈ {JSMN_STRING} or UNINITIALIZED
   [10].start ∈ {72} or UNINITIALIZED
   [10].end ∈ {77} or UNINITIALIZED
   [10].size ∈ {0} or UNINITIALIZED
   [11].type ∈ {JSMN_STRING} or UNINITIALIZED
   [11].start ∈ {81} or UNINITIALIZED
   [11].end ∈ {86} or UNINITIALIZED
   [11].size ∈ {0} or UNINITIALIZED
   [12].type ∈ {JSMN_STRING} or UNINITIALIZED
   [12].start ∈ {90} or UNINITIALIZED
   [12].end ∈ {95} or UNINITIALIZED
   [12].size ∈ {0} or UNINITIALIZED
   [13..127] ∈ UNINITIALIZED
[eva:final-states] Values at end of function jsmn_init:
  p{.pos; .toknext} ∈ {0}
   .toksuper ∈ {-1}
[eva:final-states] Values at end of function jsmn_parse_primitive:
  token ∈ {{ &t{[4], [6]} }}
  start ∈ {29; 43}
  p.pos ∈ {33; 46}
   .toknext ∈ {5; 7}
   .toksuper ∈ {3; 5}
  t[0].type ∈ {JSMN_OBJECT}
   [0].start ∈ {0}
   [0].end ∈ {-1}
   [0].size ∈ {2; 3}
   [1].type ∈ {JSMN_STRING}
   [1].start ∈ {2}
   [1].end ∈ {6}
   [1].size ∈ {1}
   [2].type ∈ {JSMN_STRING}
   [2].start ∈ {10}
   [2].end ∈ {17}
   [2].size ∈ {0}
   [3].type ∈ {JSMN_STRING}
   [3].start ∈ {21}
   [3].end ∈ {26}
   [3].size ∈ {0; 1}
   [4].type ∈ {JSMN_PRIMITIVE}
   [4].start ∈ {29}
   [4].end ∈ {34}
   [4].size ∈ {0}
   [5].type ∈ {JSMN_STRING} or UNINITIALIZED
   [5].start ∈ {37} or UNINITIALIZED
   [5].end ∈ {40} or UNINITIALIZED
   [5].size ∈ {0} or UNINITIALIZED
   [6].type ∈ {JSMN_PRIMITIVE} or UNINITIALIZED
   [6].start ∈ {43} or UNINITIALIZED
   [6].end ∈ {47} or UNINITIALIZED
   [6].size ∈ {0} or UNINITIALIZED
   [7..127] ∈ UNINITIALIZED
  __retres ∈ {0}
[eva:final-states] Values at end of function jsmn_parse_string:
  token ∈ {{ &t{[1], [2], [3], [5], [7], [9], [10], [11], [12]} }}
  start ∈ {1; 9; 20; 36; 51; 62; 71; 80; 89}
  p.pos ∈ {6; 17; 26; 40; 58; 68; 77; 86; 95}
   .toknext ∈ {2; 3; 4; 6; 8; 10; 11; 12; 13}
   .toksuper ∈ {0; 1; 8}
  t[0].type ∈ {JSMN_OBJECT}
   [0].start ∈ {0}
   [0].end ∈ {-1}
   [0].size ∈ {0; 1; 2; 3; 4}
   [1].type ∈ {JSMN_STRING}
   [1].start ∈ {2}
   [1].end ∈ {6}
   [1].size ∈ {0; 1}
   [2].type ∈ {JSMN_STRING} or UNINITIALIZED
   [2].start ∈ {10} or UNINITIALIZED
   [2].end ∈ {17} or UNINITIALIZED
   [2].size ∈ {0} or UNINITIALIZED
   [3].type ∈ {JSMN_STRING} or UNINITIALIZED
   [3].start ∈ {21} or UNINITIALIZED
   [3].end ∈ {26} or UNINITIALIZED
   [3].size ∈ {0; 1} or UNINITIALIZED
   [4].type ∈ {JSMN_PRIMITIVE} or UNINITIALIZED
   [4].start ∈ {29} or UNINITIALIZED
   [4].end ∈ {34} or UNINITIALIZED
   [4].size ∈ {0} or UNINITIALIZED
   [5].type ∈ {JSMN_STRING} or UNINITIALIZED
   [5].start ∈ {37} or UNINITIALIZED
   [5].end ∈ {40} or UNINITIALIZED
   [5].size ∈ {0; 1} or UNINITIALIZED
   [6].type ∈ {JSMN_PRIMITIVE} or UNINITIALIZED
   [6].start ∈ {43} or UNINITIALIZED
   [6].end ∈ {47} or UNINITIALIZED
   [6].size ∈ {0} or UNINITIALIZED
   [7].type ∈ {JSMN_STRING} or UNINITIALIZED
   [7].start ∈ {52} or UNINITIALIZED
   [7].end ∈ {58} or UNINITIALIZED
   [7].size ∈ {0; 1} or UNINITIALIZED
   [8].type ∈ {JSMN_ARRAY} or UNINITIALIZED
   [8].start ∈ {61} or UNINITIALIZED
   [8].end ∈ {-1} or UNINITIALIZED
   [8].size ∈ {0; 1; 2; 3} or UNINITIALIZED
   [9].type ∈ {JSMN_STRING} or UNINITIALIZED
   [9].start ∈ {63} or UNINITIALIZED
   [9].end ∈ {68} or UNINITIALIZED
   [9].size ∈ {0} or UNINITIALIZED
   [10].type ∈ {JSMN_STRING} or UNINITIALIZED
   [10].start ∈ {72} or UNINITIALIZED
   [10].end ∈ {77} or UNINITIALIZED
   [10].size ∈ {0} or UNINITIALIZED
   [11].type ∈ {JSMN_STRING} or UNINITIALIZED
   [11].start ∈ {81} or UNINITIALIZED
   [11].end ∈ {86} or UNINITIALIZED
   [11].size ∈ {0} or UNINITIALIZED
   [12].type ∈ {JSMN_STRING} or UNINITIALIZED
   [12].start ∈ {90} or UNINITIALIZED
   [12].end ∈ {95} or UNINITIALIZED
   [12].size ∈ {0} or UNINITIALIZED
   [13..127] ∈ UNINITIALIZED
  __retres ∈ {0}
[eva:final-states] Values at end of function jsmn_parse:
  r ∈ {0}
  i ∈ {-1}
  token ∈ {{ &t[0] }}
  count ∈ {13}
  p.pos ∈ {98}
   .toknext ∈ {13}
   .toksuper ∈ {-1}
  t[0].type ∈ {JSMN_OBJECT}
   [0].start ∈ {0}
   [0].end ∈ {98}
   [0].size ∈ {4}
   [1].type ∈ {JSMN_STRING}
   [1].start ∈ {2}
   [1].end ∈ {6}
   [1].size ∈ {1}
   [2].type ∈ {JSMN_STRING}
   [2].start ∈ {10}
   [2].end ∈ {17}
   [2].size ∈ {0}
   [3].type ∈ {JSMN_STRING}
   [3].start ∈ {21}
   [3].end ∈ {26}
   [3].size ∈ {1}
   [4].type ∈ {JSMN_PRIMITIVE}
   [4].start ∈ {29}
   [4].end ∈ {34}
   [4].size ∈ {0}
   [5].type ∈ {JSMN_STRING}
   [5].start ∈ {37}
   [5].end ∈ {40}
   [5].size ∈ {1}
   [6].type ∈ {JSMN_PRIMITIVE}
   [6].start ∈ {43}
   [6].end ∈ {47}
   [6].size ∈ {0}
   [7].type ∈ {JSMN_STRING}
   [7].start ∈ {52}
   [7].end ∈ {58}
   [7].size ∈ {1}
   [8].type ∈ {JSMN_ARRAY}
   [8].start ∈ {61}
   [8].end ∈ {97}
   [8].size ∈ {4}
   [9].type ∈ {JSMN_STRING}
   [9].start ∈ {63}
   [9].end ∈ {68}
   [9].size ∈ {0}
   [10].type ∈ {JSMN_STRING}
   [10].start ∈ {72}
   [10].end ∈ {77}
   [10].size ∈ {0}
   [11].type ∈ {JSMN_STRING}
   [11].start ∈ {81}
   [11].end ∈ {86}
   [11].size ∈ {0}
   [12].type ∈ {JSMN_STRING}
   [12].start ∈ {90}
   [12].end ∈ {95}
   [12].size ∈ {0}
   [13..127] ∈ UNINITIALIZED
  __retres ∈ {13}
[eva:final-states] Values at end of function jsoneq:
  __retres ∈ {-1; 0}
[eva:final-states] Values at end of function main:
  i ∈ {13}
  r ∈ {13}
  p.pos ∈ {98}
   .toknext ∈ {13}
   .toksuper ∈ {-1}
  t[0].type ∈ {JSMN_OBJECT}
   [0].start ∈ {0}
   [0].end ∈ {98}
   [0].size ∈ {4}
   [1].type ∈ {JSMN_STRING}
   [1].start ∈ {2}
   [1].end ∈ {6}
   [1].size ∈ {1}
   [2].type ∈ {JSMN_STRING}
   [2].start ∈ {10}
   [2].end ∈ {17}
   [2].size ∈ {0}
   [3].type ∈ {JSMN_STRING}
   [3].start ∈ {21}
   [3].end ∈ {26}
   [3].size ∈ {1}
   [4].type ∈ {JSMN_PRIMITIVE}
   [4].start ∈ {29}
   [4].end ∈ {34}
   [4].size ∈ {0}
   [5].type ∈ {JSMN_STRING}
   [5].start ∈ {37}
   [5].end ∈ {40}
   [5].size ∈ {1}
   [6].type ∈ {JSMN_PRIMITIVE}
   [6].start ∈ {43}
   [6].end ∈ {47}
   [6].size ∈ {0}
   [7].type ∈ {JSMN_STRING}
   [7].start ∈ {52}
   [7].end ∈ {58}
   [7].size ∈ {1}
   [8].type ∈ {JSMN_ARRAY}
   [8].start ∈ {61}
   [8].end ∈ {97}
   [8].size ∈ {4}
   [9].type ∈ {JSMN_STRING}
   [9].start ∈ {63}
   [9].end ∈ {68}
   [9].size ∈ {0}
   [10].type ∈ {JSMN_STRING}
   [10].start ∈ {72}
   [10].end ∈ {77}
   [10].size ∈ {0}
   [11].type ∈ {JSMN_STRING}
   [11].start ∈ {81}
   [11].end ∈ {86}
   [11].size ∈ {0}
   [12].type ∈ {JSMN_STRING}
   [12].start ∈ {90}
   [12].end ∈ {95}
   [12].size ∈ {0}
   [13..127] ∈ UNINITIALIZED
  __retres ∈ {0}
  S___fc_stdout[0..1] ∈ [--..--]
[eva:summary] ====== ANALYSIS SUMMARY ======
  ----------------------------------------------------------------------------
  8 functions analyzed (out of 8): 100% coverage.
  In these functions, 208 statements reached (out of 311): 66% coverage.
  ----------------------------------------------------------------------------
  No errors or warnings raised during the analysis.
  ----------------------------------------------------------------------------
  1 alarm generated by the analysis:
       1 access to uninitialized left-values
  ----------------------------------------------------------------------------
  Evaluation of the logical properties reached by the analysis:
    Assertions        0 valid     0 unknown     0 invalid      0 total
    Preconditions    15 valid     0 unknown     0 invalid     15 total
  100% of the logical properties reached have been proven.
  ----------------------------------------------------------------------------
0.83user 0.10system 0:00.93elapsed 99%CPU (0avgtext+0avgdata 122936maxresident)k
0inputs+1904outputs (0major+25056minor)pagefaults 0swaps
